08-03 11:07:24.591 28419 28419 I m.yelong.jibuq:   at void android.app.ActivityThread.main(java.lang.String[]) (ActivityThread.java:6642)
08-03 11:07:24.591 28419 28466 V REALM_JNI:  --> Java_io_realm_internal_Property_nativeCreatePersistedProperty
08-03 11:07:24.591 28419 28419 I m.yelong.jibuq:   at java.lang.Object java.lang.reflect.Method.invoke(java.lang.Object, java.lang.Object[]) (Method.java:-2)
08-03 11:07:24.591 28419 28419 I m.yelong.jibuq:   at void com.android.internal.os.RuntimeInit$MethodAndArgsCaller.run() (RuntimeInit.java:493)
08-03 11:07:24.591 28419 28419 I m.yelong.jibuq:   at void com.android.internal.os.ZygoteInit.main(java.lang.String[]) (ZygoteInit.java:858)
08-03 11:07:24.591 28419 28419 I m.yelong.jibuq: Caused by: java.lang.ClassNotFoundException: Didn't find class "com.coloros.mcssdk.callback.PushCallback" on path: DexPathList[[zip file "/system/framework/android.test.mock.jar", zip file "/system/framework/org.apache.http.legacy.boot.jar", zip file "/system/framework/android.test.runner.jar", zip file "/data/app/hide.package.name-dvnDlb-7kw34QW-wO-BRtA==/base.apk"],nativeLibraryDirectories=[/data/app/hide.package.name-dvnDlb-7kw34QW-wO-BRtA==/lib/arm, /system/fake-libs, /data/app/hide.package.name-dvnDlb-7kw34QW-wO-BRtA==/base.apk!/lib/armeabi-v7a, /system/lib]]
08-03 11:07:24.591 28419 28466 V REALM_JNI:  --> Java_io_realm_internal_Property_nativeCreatePersistedProperty
08-03 11:07:24.591 28419 28419 I m.yelong.jibuq:   at java.lang.Class dalvik.system.BaseDexClassLoader.findClass(java.lang.String) (BaseDexClassLoader.java:126)
08-03 11:07:24.591 28419 28419 I m.yelong.jibuq:   at java.lang.Class java.lang.ClassLoader.loadClass(java.lang.String, boolean) (ClassLoader.java:379)
08-03 11:07:24.591 28419 28419 I m.yelong.jibuq:   at java.lang.Class java.lang.ClassLoader.loadClass(java.lang.String) (ClassLoader.java:312)
08-03 11:07:24.591 28419 28419 I m.yelong.jibuq:   at boolean com.baidu.android.pushservice.f.l(android.content.Context) ((null):-1)
08-03 11:07:24.591 28419 28466 V REALM_JNI:  --> Java_io_realm_internal_Property_nativeCreatePersistedProperty
08-03 11:07:24.591 28419 28419 I m.yelong.jibuq:   at void com.baidu.android.pushservice.PushManager.enableLbs(android.content.Context) ((null):-1)
08-03 11:07:24.591 28419 28419 I m.yelong.jibuq:   at boolean hide.package.name.provider.ContextProvider.onCreate() (ContextProvider.java:109)
08-03 11:07:24.591 28419 28419 I m.yelong.jibuq:   at void android.content.ContentProvider.attachInfo(android.content.Context, android.content.pm.ProviderInfo, boolean) (ContentProvider.java:1917)
08-03 11:07:24.591 28419 28419 I m.yelong.jibuq:   at void android.content.ContentProvider.attachInfo(android.content.Context, android.content.pm.ProviderInfo) (ContentProvider.java:1892)
08-03 11:07:24.591 28419 28466 V REALM_JNI:  --> Java_io_realm_internal_Property_nativeCreatePersistedProperty
08-03 11:07:24.591 28419 28419 I m.yelong.jibuq:   at android.app.ContentProviderHolder android.app.ActivityThread.installProvider(android.content.Context, android.app.ContentProviderHolder, android.content.pm.ProviderInfo, boolean, boolean, boolean) (ActivityThread.java:6364)
08-03 11:07:24.591 28419 28419 I m.yelong.jibuq:   at void android.app.ActivityThread.installContentProviders(android.content.Context, java.util.List) (ActivityThread.java:5925)
08-03 11:07:24.591 28419 28419 I m.yelong.jibuq:   at void android.app.ActivityThread.handleBindApplication(android.app.ActivityThread$AppBindData) (ActivityThread.java:5840)
08-03 11:07:24.591 28419 28419 I m.yelong.jibuq:   at void android.app.ActivityThread.access$1000(android.app.ActivityThread, android.app.ActivityThread$AppBindData) (ActivityThread.java:197)
08-03 11:07:24.591 28419 28419 I m.yelong.jibuq:   at void android.app.ActivityThread$H.handleMessage(android.os.Message) (ActivityThread.java:1634)
08-03 11:07:24.591 28419 28419 I m.yelong.jibuq:   at void android.os.Handler.dispatchMessage(android.os.Message) (Handler.java:106)
08-03 11:07:24.591 28419 28419 I m.yelong.jibuq:   at void android.os.Looper.loop() (Looper.java:193)
08-03 11:07:24.591 28419 28419 I m.yelong.jibuq:   at void android.app.ActivityThread.main(java.lang.String[]) (ActivityThread.java:6642)
08-03 11:07:24.591 28419 28419 I m.yelong.jibuq:   at java.lang.Object java.lang.reflect.Method.invoke(java.lang.Object, java.lang.Object[]) (Method.java:-2)
08-03 11:07:24.591 28419 28419 I m.yelong.jibuq:   at void com.android.internal.os.RuntimeInit$MethodAndArgsCaller.run() (RuntimeInit.java:493)
08-03 11:07:24.591 28419 28466 V REALM_JNI:  --> Java_io_realm_internal_Property_nativeCreatePersistedLinkProperty
08-03 11:07:24.591 28419 28419 I m.yelong.jibuq:   at void com.android.internal.os.ZygoteInit.main(java.lang.String[]) (ZygoteInit.java:858)
08-03 11:07:24.591 28419 28419 I m.yelong.jibuq: 
08-03 11:07:24.591 28419 28466 V REALM_JNI:  --> Java_io_realm_internal_OsObjectSchemaInfo_nativeCreateRealmObjectSchema
08-03 11:07:24.591 28419 28466 V REALM_JNI:  --> Java_io_realm_internal_OsObjectSchemaInfo_nativeAddProperties -240393536
08-03 11:07:24.591 28419 28466 V REALM_JNI:  --> Java_io_realm_internal_Property_nativeCreatePersistedProperty
08-03 11:07:24.591 28419 28466 V REALM_JNI:  --> Java_io_realm_internal_Property_nativeCreatePersistedProperty
08-03 11:07:24.591 28419 28466 V REALM_JNI:  --> Java_io_realm_internal_OsObjectSchemaInfo_nativeCreateRealmObjectSchema
08-03 11:07:24.591 28419 28466 V REALM_JNI:  --> Java_io_realm_internal_OsObjectSchemaInfo_nativeAddProperties -240393440
08-03 11:07:24.592 28419 28466 V REALM_JNI:  --> Java_io_realm_internal_Property_nativeCreatePersistedProperty
08-03 11:07:24.592 28419 28466 V REALM_JNI:  --> Java_io_realm_internal_Property_nativeCreatePersistedProperty
08-03 11:07:24.592 28419 28466 V REALM_JNI:  --> Java_io_realm_internal_OsObjectSchemaInfo_nativeCreateRealmObjectSchema
08-03 11:07:24.592 28419 28466 V REALM_JNI:  --> Java_io_realm_internal_OsObjectSchemaInfo_nativeAddProperties -240393760
08-03 11:07:24.592 28419 28466 V REALM_JNI:  --> Java_io_realm_internal_Property_nativeCreatePersistedProperty
08-03 11:07:24.592 28419 28466 I chatty  : uid=12270(hide.package.name) RxCachedThreadS identical 3 lines
08-03 11:07:24.592 28419 28466 V REALM_JNI:  --> Java_io_realm_internal_Property_nativeCreatePersistedProperty
08-03 11:07:24.592 28419 28466 V REALM_JNI:  --> Java_io_realm_internal_OsObjectSchemaInfo_nativeCreateRealmObjectSchema
08-03 11:07:24.592 28419 28466 V REALM_JNI:  --> Java_io_realm_internal_OsObjectSchemaInfo_nativeAddProperties -240393408
08-03 11:07:24.592 28419 28466 V REALM_JNI:  --> Java_io_realm_internal_Property_nativeCreatePersistedProperty
08-03 11:07:24.592 28419 28466 I chatty  : uid=12270(hide.package.name) RxCachedThreadS identical 3 lines
08-03 11:07:24.592 28419 28466 V REALM_JNI:  --> Java_io_realm_internal_Property_nativeCreatePersistedProperty
08-03 11:07:24.592 28419 28466 V REALM_JNI:  --> Java_io_realm_internal_OsObjectSchemaInfo_nativeCreateRealmObjectSchema
08-03 11:07:24.592 28419 28466 V REALM_JNI:  --> Java_io_realm_internal_OsObjectSchemaInfo_nativeAddProperties -240392160
08-03 11:07:24.592 28419 28466 V REALM_JNI:  --> Java_io_realm_internal_Property_nativeCreatePersistedProperty
08-03 11:07:24.593 28419 28466 I chatty  : uid=12270(hide.package.name) RxCachedThreadS identical 18 lines
08-03 11:07:24.593 28419 28466 V REALM_JNI:  --> Java_io_realm_internal_Property_nativeCreatePersistedProperty
08-03 11:07:24.593 28419 28466 V REALM_JNI:  --> Java_io_realm_internal_OsObjectSchemaInfo_nativeCreateRealmObjectSchema
08-03 11:07:24.593 28419 28466 V REALM_JNI:  --> Java_io_realm_internal_OsObjectSchemaInfo_nativeAddProperties -240392832
08-03 11:07:24.593 28419 28466 V REALM_JNI:  --> Java_io_realm_internal_Property_nativeCreatePersistedProperty
08-03 11:07:24.593 28419 28466 I chatty  : uid=12270(hide.package.name) RxCachedThreadS identical 2 lines
08-03 11:07:24.594 28419 28466 V REALM_JNI:  --> Java_io_realm_internal_Property_nativeCreatePersistedProperty
08-03 11:07:24.594 28419 28466 V REALM_JNI:  --> Java_io_realm_internal_Property_nativeCreatePersistedLinkProperty
08-03 11:07:24.594 28419 28466 V REALM_JNI:  --> Java_io_realm_internal_Property_nativeCreatePersistedProperty
08-03 11:07:24.594 28419 28466 I chatty  : uid=12270(hide.package.name) RxCachedThreadS identical 16 lines
08-03 11:07:24.594 28419 28466 V REALM_JNI:  --> Java_io_realm_internal_Property_nativeCreatePersistedProperty
08-03 11:07:24.594 28419 28466 V REALM_JNI:  --> Java_io_realm_internal_Property_nativeCreatePersistedLinkProperty
08-03 11:07:24.594 28419 28466 V REALM_JNI:  --> Java_io_realm_internal_OsObjectSchemaInfo_nativeCreateRealmObjectSchema
08-03 11:07:24.594 28419 28466 V REALM_JNI:  --> Java_io_realm_internal_OsObjectSchemaInfo_nativeAddProperties -386870176
08-03 11:07:24.594 28419 28466 V REALM_JNI:  --> Java_io_realm_internal_Property_nativeCreatePersistedProperty
08-03 11:07:24.595 28419 28466 I chatty  : uid=12270(hide.package.name) RxCachedThreadS identical 13 lines
08-03 11:07:24.595 28419 28466 V REALM_JNI:  --> Java_io_realm_internal_Property_nativeCreatePersistedProperty
08-03 11:07:24.595 28419 28466 V REALM_JNI:  --> Java_io_realm_internal_OsObjectSchemaInfo_nativeCreateRealmObjectSchema
08-03 11:07:24.595 28419 28466 V REALM_JNI:  --> Java_io_realm_internal_OsObjectSchemaInfo_nativeAddProperties -386869824
08-03 11:07:24.595 28419 28466 V REALM_JNI:  --> Java_io_realm_internal_Property_nativeCreatePersistedProperty
08-03 11:07:24.595 28419 28466 I chatty  : uid=12270(hide.package.name) RxCachedThreadS identical 1 line
08-03 11:07:24.595 28419 28466 V REALM_JNI:  --> Java_io_realm_internal_Property_nativeCreatePersistedProperty
08-03 11:07:24.595 28419 28466 V REALM_JNI:  --> Java_io_realm_internal_OsObjectSchemaInfo_nativeCreateRealmObjectSchema
08-03 11:07:24.595 28419 28466 V REALM_JNI:  --> Java_io_realm_internal_OsObjectSchemaInfo_nativeAddProperties -386869792
08-03 11:07:24.596 28419 28466 V REALM_JNI:  --> Java_io_realm_internal_Property_nativeCreatePersistedProperty
08-03 11:07:24.596 28419 28466 I chatty  : uid=12270(hide.package.name) RxCachedThreadS identical 2 lines
08-03 11:07:24.596 28419 28466 V REALM_JNI:  --> Java_io_realm_internal_Property_nativeCreatePersistedProperty
08-03 11:07:24.596 28419 28466 V REALM_JNI:  --> Java_io_realm_internal_Property_nativeCreatePersistedLinkProperty
08-03 11:07:24.596 28419 28466 V REALM_JNI:  --> Java_io_realm_internal_Property_nativeCreatePersistedProperty
08-03 11:07:24.596 28419 28466 V REALM_JNI:  --> Java_io_realm_internal_Property_nativeCreatePersistedProperty
08-03 11:07:24.596 28419 28466 V REALM_JNI:  --> Java_io_realm_internal_OsObjectSchemaInfo_nativeCreateRealmObjectSchema
08-03 11:07:24.596 28419 28466 V REALM_JNI:  --> Java_io_realm_internal_OsObjectSchemaInfo_nativeAddProperties -386869728
08-03 11:07:24.596 28419 28466 V REALM_JNI:  --> Java_io_realm_internal_Property_nativeCreatePersistedProperty
08-03 11:07:24.597 28419 28466 I chatty  : uid=12270(hide.package.name) RxCachedThreadS identical 5 lines
08-03 11:07:24.597 28419 28466 V REALM_JNI:  --> Java_io_realm_internal_Property_nativeCreatePersistedProperty
08-03 11:07:24.597   617   617 E HWComposer: getLayerReleaseFence failed for display -1: Invalid display
08-03 11:07:24.597   617   617 E HWComposer: getLayerReleaseFence failed for display -1: Invalid display
08-03 11:07:24.597 28419 28466 V REALM_JNI:  --> Java_io_realm_internal_Property_nativeCreatePersistedProperty
08-03 11:07:24.597   617   617 E HWComposer: getLayerReleaseFence failed for display -1: Invalid display
08-03 11:07:24.597 28419 28466 V REALM_JNI:  --> Java_io_realm_internal_Property_nativeCreatePersistedProperty
08-03 11:07:24.597   617   617 E HWComposer: getLayerReleaseFence failed for display -1: Invalid display
08-03 11:07:24.597   617   617 E HWComposer: getLayerReleaseFence failed for display -1: Invalid display
08-03 11:07:24.597 28419 28466 V REALM_JNI:  --> Java_io_realm_internal_Property_nativeCreatePersistedProperty
08-03 11:07:24.597 28419 28466 I chatty  : uid=12270(hide.package.name) RxCachedThreadS identical 1 line
08-03 11:07:24.597 28419 28466 V REALM_JNI:  --> Java_io_realm_internal_Property_nativeCreatePersistedProperty
08-03 11:07:24.597 18815 27891 D ---     : send:1301	flag:0
08-03 11:07:24.597 28419 28466 V REALM_JNI:  --> Java_io_realm_internal_Property_nativeCreatePersistedProperty
08-03 11:07:24.597 28419 28466 I chatty  : uid=12270(hide.package.name) RxCachedThreadS identical 3 lines
08-03 11:07:24.597 28419 28466 V REALM_JNI:  --> Java_io_realm_internal_Property_nativeCreatePersistedProperty
08-03 11:07:24.597 28419 28466 V REALM_JNI:  --> Java_io_realm_internal_OsObjectSchemaInfo_nativeCreateRealmObjectSchema
08-03 11:07:24.597 28419 28466 V REALM_JNI:  --> Java_io_realm_internal_OsObjectSchemaInfo_nativeAddProperties -386870496
08-03 11:07:24.598 28419 28466 V REALM_JNI:  --> Java_io_realm_internal_Property_nativeCreatePersistedProperty
08-03 11:07:24.598 28419 28466 I chatty  : uid=12270(hide.package.name) RxCachedThreadS identical 1 line
08-03 11:07:24.598 28419 28466 V REALM_JNI:  --> Java_io_realm_internal_Property_nativeCreatePersistedProperty
08-03 11:07:24.598 28419 28466 V REALM_JNI:  --> Java_io_realm_internal_OsObjectSchemaInfo_nativeCreateRealmObjectSchema
08-03 11:07:24.598 28419 28466 V REALM_JNI:  --> Java_io_realm_internal_OsObjectSchemaInfo_nativeAddProperties -386870432
08-03 11:07:24.599 28419 28466 V REALM_JNI:  --> Java_io_realm_internal_OsSchemaInfo_nativeCreateFromList
08-03 11:07:24.599 28419 28466 V REALM_JNI:  --> Java_io_realm_internal_OsRealmConfig_nativeGetFinalizerPtr
08-03 11:07:24.599 28419 28466 V REALM_JNI:  --> Java_io_realm_internal_OsRealmConfig_nativeCreate
08-03 11:07:24.599 28419 28466 V REALM_JNI:  --> Java_io_realm_internal_OsRealmConfig_nativeSetInMemory -367900544
08-03 11:07:24.600 28419 28466 V REALM_JNI:  --> Java_io_realm_internal_OsRealmConfig_nativeEnableChangeNotification -367900544
08-03 11:07:24.600 28419 28466 V REALM_JNI:  --> Java_io_realm_internal_OsRealmConfig_nativeSetSchemaConfig -367900544
08-03 11:07:24.600 28419 28466 V REALM_JNI:  --> Java_io_realm_internal_OsSharedRealm_nativeGetSharedRealm -367900544
08-03 11:07:24.602 18815 27891 D wetestService: got buffer, info: size=1311, presentationTimeUs=35040000, offset=0
08-03 11:07:24.608 28419 28435 W m.yelong.jibuq: Accessing hidden method Landroid/os/Build;->getString(Ljava/lang/String;)Ljava/lang/String; (light greylist, reflection)
08-03 11:07:24.608 28419 28419 D BDPushSDK-ModeConfig: Config File Not Matched
08-03 11:07:24.614   617   617 E HWComposer: getLayerReleaseFence failed for display -1: Invalid display
08-03 11:07:24.614   617   617 I chatty  : uid=1000(system) /system/bin/surfaceflinger identical 3 lines
08-03 11:07:24.614   617   617 E HWComposer: getLayerReleaseFence failed for display -1: Invalid display
08-03 11:07:24.617 28419 28466 V REALM_JNI:  --> Java_io_realm_internal_OsSharedRealm_nativeGetSchemaInfo -248618320
08-03 11:07:24.617 28419 28466 V REALM_JNI:  --> Java_io_realm_internal_OsSharedRealm_nativeSetAutoRefresh -248618320
08-03 11:07:24.617 28419 28466 V REALM_JNI:  --> Java_io_realm_internal_OsSharedRealm_nativeRegisterSchemaChangedCallback -248618320
08-03 11:07:24.617 28419 28466 V REALM_JNI:  --> Java_io_realm_internal_OsSharedRealm_nativeIsClosed -248618320
08-03 11:07:24.617 28419 28466 V REALM_JNI:  --> Java_io_realm_internal_Table_nativeGetFinalizerPtr
08-03 11:07:24.618 28419 28466 V REALM_JNI:  --> Java_io_realm_internal_OsSharedRealm_nativeGetTable -248618320
08-03 11:07:24.618 28419 28466 V REALM_JNI:  --> Java_io_realm_internal_OsSchemaInfo_nativeGetObjectSchemaInfo -240513024
08-03 11:07:24.618 28419 28466 V REALM_JNI:  --> Java_io_realm_internal_OsObjectSchemaInfo_nativeGetProperty -368034496
08-03 11:07:24.618 28419 28466 V REALM_JNI:  --> Java_io_realm_internal_Property_nativeGetColumnIndex -248743408
08-03 11:07:24.618 28419 28466 V REALM_JNI:  --> Java_io_realm_internal_Property_nativeGetType -248743408
08-03 11:07:24.618 28419 28466 V REALM_JNI:  --> Java_io_realm_internal_Property_nativeGetLinkedObjectName -248743408
08-03 11:07:24.618 28419 28466 V REALM_JNI:  --> Java_io_realm_internal_Property_nativeGetColumnIndex -248743408
08-03 11:07:24.618 28419 28466 V REALM_JNI:  --> Java_io_realm_internal_OsObjectSchemaInfo_nativeGetProperty -368034496
08-03 11:07:24.618 28419 28466 V REALM_JNI:  --> Java_io_realm_internal_Property_nativeGetColumnIndex -248743456
08-03 11:07:24.618 28419 28466 V REALM_JNI:  --> Java_io_realm_internal_Property_nativeGetType -248743456
08-03 11:07:24.618 28419 28466 V REALM_JNI:  --> Java_io_realm_internal_Property_nativeGetLinkedObjectName -248743456
08-03 11:07:24.618 28419 28466 V REALM_JNI:  --> Java_io_realm_internal_Property_nativeGetColumnIndex -248743456
08-03 11:07:24.618 28419 28466 V REALM_JNI:  --> Java_io_realm_internal_OsObjectSchemaInfo_nativeGetProperty -368034496
08-03 11:07:24.618 28419 28466 V REALM_JNI:  --> Java_io_realm_internal_Property_nativeGetColumnIndex -248743264
08-03 11:07:24.618 28419 28466 V REALM_JNI:  --> Java_io_realm_internal_Property_nativeGetType -248743264
08-03 11:07:24.618 28419 28466 V REALM_JNI:  --> Java_io_realm_internal_Property_nativeGetLinkedObjectName -248743264
08-03 11:07:24.618 28419 28466 V REALM_JNI:  --> Java_io_realm_internal_Property_nativeGetColumnIndex -248743264
08-03 11:07:24.618 28419 28466 V REALM_JNI:  --> Java_io_realm_internal_OsObjectSchemaInfo_nativeGetProperty -368034496
08-03 11:07:24.618 28419 28466 V REALM_JNI:  --> Java_io_realm_internal_Property_nativeGetColumnIndex -248742592
08-03 11:07:24.618 28419 28466 V REALM_JNI:  --> Java_io_realm_internal_Property_nativeGetType -248742592
08-03 11:07:24.618 28419 28466 V REALM_JNI:  --> Java_io_realm_internal_Property_nativeGetLinkedObjectName -248742592
08-03 11:07:24.619 28419 28466 V REALM_JNI:  --> Java_io_realm_internal_Property_nativeGetColumnIndex -248742592
08-03 11:07:24.619 28419 28466 V REALM_JNI:  --> Java_io_realm_internal_OsObjectSchemaInfo_nativeGetProperty -368034496
08-03 11:07:24.619 28419 28466 V REALM_JNI:  --> Java_io_realm_internal_Property_nativeGetColumnIndex -248742448
08-03 11:07:24.619 28419 28466 V REALM_JNI:  --> Java_io_realm_internal_Property_nativeGetType -248742448
08-03 11:07:24.619 28419 28466 V REALM_JNI:  --> Java_io_realm_internal_Property_nativeGetLinkedObjectName -248742448
08-03 11:07:24.619 28419 28466 V REALM_JNI:  --> Java_io_realm_internal_Property_nativeGetColumnIndex -248742448
08-03 11:07:24.619 28419 28466 V REALM_JNI:  --> Java_io_realm_internal_TableQuery_nativeGetFinalizerPtr
08-03 11:07:24.619 28419 28466 V REALM_JNI:  --> Java_io_realm_internal_OsSharedRealm_nativeIsClosed -248618320
08-03 11:07:24.619 28419 28466 V REALM_JNI:  --> Java_io_realm_internal_OsResults_nativeGetFinalizerPtr
08-03 11:07:24.619 28419 28466 V REALM_JNI:  --> Java_io_realm_internal_OsResults_nativeCreateResults
08-03 11:07:24.619 28419 28466 V REALM_JNI:  --> Java_io_realm_internal_OsResults_nativeGetMode -367643136
08-03 11:07:24.619 28419 28466 V REALM_JNI:  --> Java_io_realm_internal_OsSharedRealm_nativeIsClosed -248618320
08-03 11:07:24.619 28419 28466 V REALM_JNI:  --> Java_io_realm_internal_OsResults_nativeEvaluateQueryIfNeeded -367643136
08-03 11:07:24.620 28419 28466 V REALM_JNI:  --> Java_io_realm_internal_OsCollectionChangeSet_nativeGetFinalizerPtr
08-03 11:07:24.620 28419 28419 V REALM_JNI:  --> Java_io_realm_internal_OsSchemaInfo_nativeCreateFromList
08-03 11:07:24.620 28419 28466 V REALM_JNI:  --> Java_io_realm_internal_OsSharedRealm_nativeIsPartial -248618320
08-03 11:07:24.620 28419 28466 V REALM_JNI:  --> Java_io_realm_internal_OsSharedRealm_nativeIsClosed -248618320
08-03 11:07:24.620 28419 28419 V REALM_JNI:  --> Java_io_realm_internal_OsRealmConfig_nativeCreate
08-03 11:07:24.620 28419 28466 V REALM_JNI:  --> Java_io_realm_internal_OsResults_nativeSize -367643136
08-03 11:07:24.620 28419 28419 V REALM_JNI:  --> Java_io_realm_internal_OsRealmConfig_nativeSetInMemory -674159616
08-03 11:07:24.620 28419 28419 V REALM_JNI:  --> Java_io_realm_internal_OsRealmConfig_nativeEnableChangeNotification -674159616
08-03 11:07:24.620 28419 28419 V REALM_JNI:  --> Java_io_realm_internal_OsRealmConfig_nativeSetSchemaConfig -674159616
08-03 11:07:24.620 28419 28419 V REALM_JNI:  --> Java_io_realm_internal_OsSharedRealm_nativeGetSharedRealm -674159616
08-03 11:07:24.621 28419 28419 V REALM_JNI:  --> Java_io_realm_internal_OsSharedRealm_nativeGetSchemaInfo -248618376
08-03 11:07:24.621 28419 28419 V REALM_JNI:  --> Java_io_realm_internal_OsSharedRealm_nativeSetAutoRefresh -248618376
08-03 11:07:24.621 28419 28419 V REALM_JNI:  --> Java_io_realm_internal_OsSharedRealm_nativeRegisterSchemaChangedCallback -248618376
08-03 11:07:24.621 28419 28419 V REALM_JNI:  --> Java_io_realm_internal_OsSharedRealm_nativeIsClosed -248618376
08-03 11:07:24.621 28419 28419 V REALM_JNI:  --> Java_io_realm_internal_OsSharedRealm_nativeGetTable -248618376
08-03 11:07:24.621 28419 28466 V REALM_JNI:  --> Java_io_realm_internal_OsSharedRealm_nativeCloseSharedRealm -248618320
08-03 11:07:24.621 28419 28419 V REALM_JNI:  --> Java_io_realm_internal_OsSchemaInfo_nativeGetObjectSchemaInfo -240512064
08-03 11:07:24.621 28419 28419 V REALM_JNI:  --> Java_io_realm_internal_OsObjectSchemaInfo_nativeGetProperty -386869504
08-03 11:07:24.621 28419 28419 V REALM_JNI:  --> Java_io_realm_internal_Property_nativeGetColumnIndex -248739664
08-03 11:07:24.621 28419 28419 V REALM_JNI:  --> Java_io_realm_internal_Property_nativeGetType -248739664
08-03 11:07:24.621 28419 28419 V REALM_JNI:  --> Java_io_realm_internal_Property_nativeGetLinkedObjectName -248739664
08-03 11:07:24.621 28419 28419 V REALM_JNI:  --> Java_io_realm_internal_Property_nativeGetColumnIndex -248739664
08-03 11:07:24.621 28419 28419 V REALM_JNI:  --> Java_io_realm_internal_OsObjectSchemaInfo_nativeGetProperty -386869504
08-03 11:07:24.621 28419 28419 V REALM_JNI:  --> Java_io_realm_internal_Property_nativeGetColumnIndex -248739640
08-03 11:07:24.621 28419 28419 V REALM_JNI:  --> Java_io_realm_internal_Property_nativeGetType -248739640
08-03 11:07:24.621 28419 28419 V REALM_JNI:  --> Java_io_realm_internal_Property_nativeGetLinkedObjectName -248739640
08-03 11:07:24.621 28419 28419 V REALM_JNI:  --> Java_io_realm_internal_Property_nativeGetColumnIndex -248739640
08-03 11:07:24.621 28419 28419 V REALM_JNI:  --> Java_io_realm_internal_OsObjectSchemaInfo_nativeGetProperty -386869504
08-03 11:07:24.621 28419 28419 V REALM_JNI:  --> Java_io_realm_internal_Property_nativeGetColumnIndex -248739712
08-03 11:07:24.621 28419 28419 V REALM_JNI:  --> Java_io_realm_internal_Property_nativeGetType -248739712
08-03 11:07:24.621 28419 28419 V REALM_JNI:  --> Java_io_realm_internal_Property_nativeGetLinkedObjectName -248739712
08-03 11:07:24.621 28419 28419 V REALM_JNI:  --> Java_io_realm_internal_Property_nativeGetColumnIndex -248739712
08-03 11:07:24.621 28419 28419 V REALM_JNI:  --> Java_io_realm_internal_OsSharedRealm_nativeIsClosed -248618376
08-03 11:07:24.621 28419 28419 I chatty  : uid=12270(hide.package.name) identical 2 lines
08-03 11:07:24.621 28419 28419 V REALM_JNI:  --> Java_io_realm_internal_OsSharedRealm_nativeIsClosed -248618376
08-03 11:07:24.621 28419 28419 V REALM_JNI:  --> Java_io_realm_internal_OsSharedRealm_nativeIsInTransaction -248618376
08-03 11:07:24.621 28419 28419 V REALM_JNI:  --> Java_io_realm_internal_OsSharedRealm_nativeIsClosed -248618376
08-03 11:07:24.621 28419 28419 V REALM_JNI:  --> Java_io_realm_internal_OsSharedRealm_nativeBeginTransaction -248618376
08-03 11:07:24.621 28419 28419 V REALM_JNI:  --> Java_io_realm_internal_OsSharedRealm_nativeIsClosed -248618376
08-03 11:07:24.622 28419 28419 V REALM_JNI:  --> Java_io_realm_internal_OsObjectStore_nativeGetPrimaryKeyForObject -248618376
08-03 11:07:24.622 28419 28419 V REALM_JNI:  --> Java_io_realm_internal_OsObject_nativeGetFinalizerPtr
08-03 11:07:24.622 28419 28419 V REALM_JNI:  --> Java_io_realm_internal_UncheckedRow_nativeGetFinalizerPtr
08-03 11:07:24.622 28419 28419 V REALM_JNI:  --> Java_io_realm_internal_OsSharedRealm_nativeIsClosed -248618376
08-03 11:07:24.622 28419 28419 V REALM_JNI:  --> Java_io_realm_internal_OsSharedRealm_nativeIsInTransaction -248618376
08-03 11:07:24.622 28419 28419 V REALM_JNI:  --> Java_io_realm_internal_UncheckedRow_nativeSetBoolean -674049824
08-03 11:07:24.622 28419 28419 V REALM_JNI:  --> Java_io_realm_internal_OsSharedRealm_nativeIsClosed -248618376
08-03 11:07:24.622 28419 28419 V REALM_JNI:  --> Java_io_realm_internal_OsSharedRealm_nativeCommitTransaction -248618376
08-03 11:07:24.624 28419 28419 V REALM_JNI:  --> Java_io_realm_internal_OsSharedRealm_nativeIsClosed -248618376
08-03 11:07:24.624 28419 28419 I chatty  : uid=12270(hide.package.name) identical 1 line
08-03 11:07:24.624 28419 28419 V REALM_JNI:  --> Java_io_realm_internal_OsSharedRealm_nativeIsClosed -248618376
08-03 11:07:24.625 28419 28419 V REALM_JNI:  --> Java_io_realm_internal_UncheckedRow_nativeGetString -372698048
08-03 11:07:24.625   764   863 I ThermalEngine: vs_get_temperature: read[0] tsens_tz_sensor13 43000 mC, weight[0] 1
08-03 11:07:24.625   764   863 I ThermalEngine: vs_get_temperature: read[1] tsens_tz_sensor0 49000 mC, weight[1] -1
08-03 11:07:24.630   617   617 E HWComposer: getLayerReleaseFence failed for display -1: Invalid display
08-03 11:07:24.630   617   617 I chatty  : uid=1000(system) /system/bin/surfaceflinger identical 3 lines
08-03 11:07:24.630   617   617 E HWComposer: getLayerReleaseFence failed for display -1: Invalid display
08-03 11:07:24.644 18815 27891 D ---     : send:1311	flag:0
08-03 11:07:24.647   617   617 E HWComposer: getLayerReleaseFence failed for display -1: Invalid display
08-03 11:07:24.647   617   617 I chatty  : uid=1000(system) /system/bin/surfaceflinger identical 3 lines
08-03 11:07:24.647   617   617 E HWComposer: getLayerReleaseFence failed for display -1: Invalid display
08-03 11:07:24.649 18815 27891 D wetestService: got buffer, info: size=1301, presentationTimeUs=35080000, offset=0
08-03 11:07:24.654 28419 28435 I CameraManagerGlobal: Connecting to camera service
08-03 11:07:24.656 28419 28467 V REALM_JNI:  --> finalize_unchecked_row -372698048
08-03 11:07:24.656 28419 28467 V REALM_JNI:  --> finalize_table_query -368031488
08-03 11:07:24.656 28419 28467 V REALM_JNI:  --> finalize_unchecked_row -674049824
08-03 11:07:24.656 28419 28467 V REALM_JNI:  --> finalize_table_query -368033024
08-03 11:07:24.656 28419 28467 V REALM_JNI:  --> finalize_table_query -368033728
08-03 11:07:24.656 28419 28467 V REALM_JNI:  --> finalize_property -248739712
08-03 11:07:24.656 28419 28467 V REALM_JNI:  --> finalize_property -248739640
08-03 11:07:24.656 28419 28467 V REALM_JNI:  --> finalize_property -248739664
08-03 11:07:24.656 28419 28467 V REALM_JNI:  --> finalize_object_schema -386869504
08-03 11:07:24.657 28419 28467 V REALM_JNI:  --> finalize_schema -372698576
08-03 11:07:24.657 28419 28467 V REALM_JNI:  --> finalize_changeset 0
08-03 11:07:24.657 28419 28467 V REALM_JNI:  --> finalize_results -367643136
08-03 11:07:24.657 28419 28467 V REALM_JNI:  --> finalize_table_query -368032000
08-03 11:07:24.657 28419 28467 V REALM_JNI:  --> finalize_property -248742448
08-03 11:07:24.657 28419 28467 V REALM_JNI:  --> finalize_property -248742592
08-03 11:07:24.657 28419 28467 V REALM_JNI:  --> finalize_property -248743264
08-03 11:07:24.657 28419 28467 V REALM_JNI:  --> finalize_property -248743456
08-03 11:07:24.657 28419 28467 V REALM_JNI:  --> finalize_property -248743408
08-03 11:07:24.657 28419 28467 V REALM_JNI:  --> finalize_object_schema -368034496
08-03 11:07:24.657 28419 28467 V REALM_JNI:  --> finalize_schema -372698208
08-03 11:07:24.657 28419 28453 W m.yelong.jibuq: Accessing hidden method Landroid/app/ActivityManagerNative;->getDefault()Landroid/app/IActivityManager; (light greylist, reflection)
08-03 11:07:24.658 28419 28419 W AppMonitor: load ut_c_api.so failed
08-03 11:07:24.662  1191  5451 W SettingsProvider: You shouldn't keep your settings in the secure settings. This will soon become an error.
08-03 11:07:24.662  1191  1191 V SettingsProvider: Notifying for 0: content://settings/system/dxCRMxhQkdGePGnp
08-03 11:07:24.664   617   617 E HWComposer: getLayerReleaseFence failed for display -1: Invalid display
08-03 11:07:24.664  1191  5451 W SettingsProvider: You shouldn't keep your settings in the secure settings. This will soon become an error.
08-03 11:07:24.665  1191  1191 V SettingsProvider: Notifying for 0: content://settings/system/mqBRboGZkQPcAkyk
08-03 11:07:24.662 28419 28419 I auditd  : type=1400 audit(0.0:2543794): avc: denied { search } for comm="BuglyThread-2" name="800f000.qcom,spmi" dev="sysfs" ino=19696 scontext=u:r:untrusted_app_25:s0:c512,c768 tcontext=u:object_r:sysfs_msm_subsys:s0 tclass=dir permissive=0
08-03 11:07:24.664   617   617 I chatty  : uid=1000(system) /system/bin/surfaceflinger identical 3 lines
08-03 11:07:24.664   617   617 E HWComposer: getLayerReleaseFence failed for display -1: Invalid display
08-03 11:07:24.662 28419 28419 W BuglyThread-2: type=1400 audit(0.0:2543794): avc: denied { search } for name="800f000.qcom,spmi" dev="sysfs" ino=19696 scontext=u:r:untrusted_app_25:s0:c512,c768 tcontext=u:object_r:sysfs_msm_subsys:s0 tclass=dir permissive=0
08-03 11:07:24.670 28419 28419 D alifb_FeedbackAPI: init appkey:23431527
08-03 11:07:24.680   617   617 E HWComposer: getLayerReleaseFence failed for display -1: Invalid display
08-03 11:07:24.680   617   617 I chatty  : uid=1000(system) /system/bin/surfaceflinger identical 3 lines
08-03 11:07:24.680   617   617 E HWComposer: getLayerReleaseFence failed for display -1: Invalid display
08-03 11:07:24.685 28419 28419 W m.yelong.jibuq: Accessing hidden method Landroid/os/SystemProperties;-><init>()V (light greylist, reflection)
08-03 11:07:24.686 28419 28419 E q       : get() ERROR!!! Exception!
08-03 11:07:24.686 28419 28419 E q       : java.lang.IllegalAccessException: void android.os.SystemProperties.<init>() is not accessible from java.lang.Class<com.alibaba.mtl.log.e.q>
08-03 11:07:24.686 28419 28419 E q       : 	at java.lang.Class.newInstance(Native Method)
08-03 11:07:24.686 28419 28419 E q       : 	at com.alibaba.mtl.log.e.q.get(SystemProperties.java:17)
08-03 11:07:24.686 28419 28419 E q       : 	at com.alibaba.mtl.log.e.d.i(DeviceUtil.java:202)
08-03 11:07:24.686 28419 28419 E q       : 	at com.alibaba.mtl.log.e.d.p(DeviceUtil.java:103)
08-03 11:07:24.686 28419 28419 E q       : 	at com.alibaba.mtl.log.e.d.a(DeviceUtil.java:66)
08-03 11:07:24.686 28419 28419 E q       : 	at com.alibaba.mtl.log.e.h.a(LogAssemble.java:164)
08-03 11:07:24.686 28419 28419 E q       : 	at com.alibaba.mtl.log.e.h.b(LogAssemble.java:120)
08-03 11:07:24.686 28419 28419 E q       : 	at com.alibaba.mtl.log.e.h.a(LogAssemble.java:256)
08-03 11:07:24.686 28419 28419 E q       : 	at com.alibaba.mtl.log.model.a.s(Log.java:161)
08-03 11:07:24.686 28419 28419 E q       : 	at com.alibaba.mtl.log.model.a.<init>(Log.java:69)
08-03 11:07:24.686 28419 28419 E q       : 	at com.alibaba.mtl.log.a.a(UTDC.java:118)
08-03 11:07:24.686 28419 28419 E q       : 	at com.ut.mini.UTTracker.send(UTTracker.java:188)
08-03 11:07:24.686 28419 28419 E q       : 	at com.alibaba.sdk.android.feedback.util.n.b(Unknown Source:35)
08-03 11:07:24.686 28419 28419 E q       : 	at com.alibaba.sdk.android.feedback.impl.FeedbackAPI.commitDAU(Unknown Source:0)
08-03 11:07:24.686 28419 28419 E q       : 	at com.alibaba.sdk.android.feedback.impl.FeedbackAPI.init(Unknown Source:98)
08-03 11:07:24.686 28419 28419 E q       : 	at hide.package.name.app.CpApplication.onCreate(CpApplication.java:27)
08-03 11:07:24.686 28419 28419 E q       : 	at android.app.Instrumentation.callApplicationOnCreate(Instrumentation.java:1154)
08-03 11:07:24.686 28419 28419 E q       : 	at android.app.ActivityThread.handleBindApplication(ActivityThread.java:5858)
08-03 11:07:24.686 28419 28419 E q       : 	at android.app.ActivityThread.access$1000(ActivityThread.java:197)
08-03 11:07:24.686 28419 28419 E q       : 	at android.app.ActivityThread$H.handleMessage(ActivityThread.java:1634)
08-03 11:07:24.686 28419 28419 E q       : 	at android.os.Handler.dispatchMessage(Handler.java:106)
08-03 11:07:24.686 28419 28419 E q       : 	at android.os.Looper.loop(Looper.java:193)
08-03 11:07:24.686 28419 28419 E q       : 	at android.app.ActivityThread.main(ActivityThread.java:6642)
08-03 11:07:24.686 28419 28419 E q       : 	at java.lang.reflect.Method.invoke(Native Method)
08-03 11:07:24.686 28419 28419 E q       : 	at com.android.internal.os.RuntimeInit$MethodAndArgsCaller.run(RuntimeInit.java:493)
08-03 11:07:24.686 28419 28419 E q       : 	at com.android.internal.os.ZygoteInit.main(ZygoteInit.java:858)
08-03 11:07:24.686 28419 28419 W System.err: java.lang.IllegalAccessException: void android.os.SystemProperties.<init>() is not accessible from java.lang.Class<com.alibaba.mtl.log.e.d>
08-03 11:07:24.686 28419 28419 W System.err: 	at java.lang.Class.newInstance(Native Method)
08-03 11:07:24.686 28419 28419 W System.err: 	at com.alibaba.mtl.log.e.d.c(DeviceUtil.java:224)
08-03 11:07:24.686 28419 28419 W System.err: 	at com.alibaba.mtl.log.e.d.j(DeviceUtil.java:211)
08-03 11:07:24.686 28419 28419 W System.err: 	at com.alibaba.mtl.log.e.d.i(DeviceUtil.java:206)
08-03 11:07:24.686 28419 28419 W System.err: 	at com.alibaba.mtl.log.e.d.p(DeviceUtil.java:103)
08-03 11:07:24.686 28419 28419 W System.err: 	at com.alibaba.mtl.log.e.d.a(DeviceUtil.java:66)
08-03 11:07:24.686 28419 28419 W System.err: 	at com.alibaba.mtl.log.e.h.a(LogAssemble.java:164)
08-03 11:07:24.686 28419 28419 W System.err: 	at com.alibaba.mtl.log.e.h.b(LogAssemble.java:120)
08-03 11:07:24.686 28419 28419 W System.err: 	at com.alibaba.mtl.log.e.h.a(LogAssemble.java:256)
08-03 11:07:24.686 28419 28419 W System.err: 	at com.alibaba.mtl.log.model.a.s(Log.java:161)
08-03 11:07:24.686 28419 28419 W System.err: 	at com.alibaba.mtl.log.model.a.<init>(Log.java:69)
08-03 11:07:24.686 28419 28419 W System.err: 	at com.alibaba.mtl.log.a.a(UTDC.java:118)
08-03 11:07:24.686 28419 28419 W System.err: 	at com.ut.mini.UTTracker.send(UTTracker.java:188)
08-03 11:07:24.686 28419 28419 W System.err: 	at com.alibaba.sdk.android.feedback.util.n.b(Unknown Source:35)
08-03 11:07:24.686 28419 28419 W System.err: 	at com.alibaba.sdk.android.feedback.impl.FeedbackAPI.commitDAU(Unknown Source:0)
08-03 11:07:24.686 28419 28419 W System.err: 	at com.alibaba.sdk.android.feedback.impl.FeedbackAPI.init(Unknown Source:98)
08-03 11:07:24.686 28419 28419 W System.err: 	at hide.package.name.app.CpApplication.onCreate(CpApplication.java:27)
08-03 11:07:24.686 28419 28419 W System.err: 	at android.app.Instrumentation.callApplicationOnCreate(Instrumentation.java:1154)
08-03 11:07:24.686 28419 28419 W System.err: 	at android.app.ActivityThread.handleBindApplication(ActivityThread.java:5858)
08-03 11:07:24.686 28419 28419 W System.err: 	at android.app.ActivityThread.access$1000(ActivityThread.java:197)
08-03 11:07:24.686 28419 28419 W System.err: 	at android.app.ActivityThread$H.handleMessage(ActivityThread.java:1634)
08-03 11:07:24.686 28419 28419 W System.err: 	at android.os.Handler.dispatchMessage(Handler.java:106)
08-03 11:07:24.686 28419 28419 W System.err: 	at android.os.Looper.loop(Looper.java:193)
08-03 11:07:24.686 28419 28419 W System.err: 	at android.app.ActivityThread.main(ActivityThread.java:6642)
08-03 11:07:24.686 28419 28419 W System.err: 	at java.lang.reflect.Method.invoke(Native Method)
08-03 11:07:24.686 28419 28419 W System.err: 	at com.android.internal.os.RuntimeInit$MethodAndArgsCaller.run(RuntimeInit.java:493)
08-03 11:07:24.686 28419 28419 W System.err: 	at com.android.internal.os.ZygoteInit.main(ZygoteInit.java:858)
08-03 11:07:24.686 28419 28419 W System.err: java.lang.IllegalAccessException: void android.os.SystemProperties.<init>() is not accessible from java.lang.Class<com.alibaba.mtl.log.e.d>
08-03 11:07:24.686 28419 28419 W System.err: 	at java.lang.Class.newInstance(Native Method)
08-03 11:07:24.686 28419 28419 W System.err: 	at com.alibaba.mtl.log.e.d.c(DeviceUtil.java:224)
08-03 11:07:24.686 28419 28419 W System.err: 	at com.alibaba.mtl.log.e.d.j(DeviceUtil.java:211)
08-03 11:07:24.686 28419 28419 W System.err: 	at com.alibaba.mtl.log.e.d.i(DeviceUtil.java:206)
08-03 11:07:24.686 28419 28419 W System.err: 	at com.alibaba.mtl.log.e.d.p(DeviceUtil.java:103)
08-03 11:07:24.686 28419 28419 W System.err: 	at com.alibaba.mtl.log.e.d.a(DeviceUtil.java:66)
08-03 11:07:24.686 28419 28419 W System.err: 	at com.alibaba.mtl.log.e.h.a(LogAssemble.java:164)
08-03 11:07:24.686 28419 28419 W System.err: 	at com.alibaba.mtl.log.e.h.b(LogAssemble.java:120)
08-03 11:07:24.686 28419 28419 W System.err: 	at com.alibaba.mtl.log.e.h.a(LogAssemble.java:256)
08-03 11:07:24.686 28419 28419 W System.err: 	at com.alibaba.mtl.log.model.a.s(Log.java:161)
08-03 11:07:24.686 28419 28419 W System.err: 	at com.alibaba.mtl.log.model.a.<init>(Log.java:69)
08-03 11:07:24.686 28419 28419 W System.err: 	at com.alibaba.mtl.log.a.a(UTDC.java:118)
08-03 11:07:24.686 28419 28419 W System.err: 	at com.ut.mini.UTTracker.send(UTTracker.java:188)
08-03 11:07:24.686 28419 28419 W System.err: 	at com.alibaba.sdk.android.feedback.util.n.b(Unknown Source:35)
08-03 11:07:24.686 28419 28419 W System.err: 	at com.alibaba.sdk.android.feedback.impl.FeedbackAPI.commitDAU(Unknown Source:0)
08-03 11:07:24.686 28419 28419 W System.err: 	at com.alibaba.sdk.android.feedback.impl.FeedbackAPI.init(Unknown Source:98)
08-03 11:07:24.686 28419 28419 W System.err: 	at hide.package.name.app.CpApplication.onCreate(CpApplication.java:27)
08-03 11:07:24.686 28419 28419 W System.err: 	at android.app.Instrumentation.callApplicationOnCreate(Instrumentation.java:1154)
08-03 11:07:24.686 28419 28419 W System.err: 	at android.app.ActivityThread.handleBindApplication(ActivityThread.java:5858)
08-03 11:07:24.686 28419 28419 W System.err: 	at android.app.ActivityThread.access$1000(ActivityThread.java:197)
08-03 11:07:24.686 28419 28419 W System.err: 	at android.app.ActivityThread$H.handleMessage(ActivityThread.java:1634)
08-03 11:07:24.686 28419 28419 W System.err: 	at android.os.Handler.dispatchMessage(Handler.java:106)
08-03 11:07:24.686 28419 28419 W System.err: 	at android.os.Looper.loop(Looper.java:193)
08-03 11:07:24.686 28419 28419 W System.err: 	at android.app.ActivityThread.main(ActivityThread.java:6642)
08-03 11:07:24.686 28419 28419 W System.err: 	at java.lang.reflect.Method.invoke(Native Method)
08-03 11:07:24.686 28419 28419 W System.err: 	at com.android.internal.os.RuntimeInit$MethodAndArgsCaller.run(RuntimeInit.java:493)
08-03 11:07:24.686 28419 28419 W System.err: 	at com.android.internal.os.ZygoteInit.main(ZygoteInit.java:858)
08-03 11:07:24.687 28419 28419 E q       : get() ERROR!!! Exception!
08-03 11:07:24.687 28419 28419 E q       : java.lang.IllegalAccessException: void android.os.SystemProperties.<init>() is not accessible from java.lang.Class<com.alibaba.mtl.log.e.q>
08-03 11:07:24.687 28419 28419 E q       : 	at java.lang.Class.newInstance(Native Method)
08-03 11:07:24.687 28419 28419 E q       : 	at com.alibaba.mtl.log.e.q.get(SystemProperties.java:17)
08-03 11:07:24.687 28419 28419 E q       : 	at com.alibaba.mtl.log.e.d.i(DeviceUtil.java:202)
08-03 11:07:24.687 28419 28419 E q       : 	at com.alibaba.mtl.log.e.d.o(DeviceUtil.java:91)
08-03 11:07:24.687 28419 28419 E q       : 	at com.alibaba.mtl.log.e.d.a(DeviceUtil.java:67)
08-03 11:07:24.687 28419 28419 E q       : 	at com.alibaba.mtl.log.e.h.a(LogAssemble.java:164)
08-03 11:07:24.687 28419 28419 E q       : 	at com.alibaba.mtl.log.e.h.b(LogAssemble.java:120)
08-03 11:07:24.687 28419 28419 E q       : 	at com.alibaba.mtl.log.e.h.a(LogAssemble.java:256)
08-03 11:07:24.687 28419 28419 E q       : 	at com.alibaba.mtl.log.model.a.s(Log.java:161)
08-03 11:07:24.687 28419 28419 E q       : 	at com.alibaba.mtl.log.model.a.<init>(Log.java:69)
08-03 11:07:24.687 28419 28419 E q       : 	at com.alibaba.mtl.log.a.a(UTDC.java:118)
08-03 11:07:24.687 28419 28419 E q       : 	at com.ut.mini.UTTracker.send(UTTracker.java:188)
08-03 11:07:24.687 28419 28419 E q       : 	at com.alibaba.sdk.android.feedback.util.n.b(Unknown Source:35)
08-03 11:07:24.687 28419 28419 E q       : 	at com.alibaba.sdk.android.feedback.impl.FeedbackAPI.commitDAU(Unknown Source:0)
08-03 11:07:24.687 28419 28419 E q       : 	at com.alibaba.sdk.android.feedback.impl.FeedbackAPI.init(Unknown Source:98)
08-03 11:07:24.687 28419 28419 E q       : 	at hide.package.name.app.CpApplication.onCreate(CpApplication.java:27)
08-03 11:07:24.687 28419 28419 E q       : 	at android.app.Instrumentation.callApplicationOnCreate(Instrumentation.java:1154)
08-03 11:07:24.687 28419 28419 E q       : 	at android.app.ActivityThread.handleBindApplication(ActivityThread.java:5858)
08-03 11:07:24.687 28419 28419 E q       : 	at android.app.ActivityThread.access$1000(ActivityThread.java:197)
08-03 11:07:24.687 28419 28419 E q       : 	at android.app.ActivityThread$H.handleMessage(ActivityThread.java:1634)
08-03 11:07:24.687 28419 28419 E q       : 	at android.os.Handler.dispatchMessage(Handler.java:106)
08-03 11:07:24.687 28419 28419 E q       : 	at android.os.Looper.loop(Looper.java:193)
08-03 11:07:24.687 28419 28419 E q       : 	at android.app.ActivityThread.main(ActivityThread.java:6642)
08-03 11:07:24.687 28419 28419 E q       : 	at java.lang.reflect.Method.invoke(Native Method)
08-03 11:07:24.687 28419 28419 E q       : 	at com.android.internal.os.RuntimeInit$MethodAndArgsCaller.run(RuntimeInit.java:493)
08-03 11:07:24.687 28419 28419 E q       : 	at com.android.internal.os.ZygoteInit.main(ZygoteInit.java:858)
08-03 11:07:24.687 28419 28419 W System.err: java.lang.IllegalAccessException: void android.os.SystemProperties.<init>() is not accessible from java.lang.Class<com.alibaba.mtl.log.e.d>
08-03 11:07:24.687 28419 28419 W System.err: 	at java.lang.Class.newInstance(Native Method)
08-03 11:07:24.687 28419 28419 W System.err: 	at com.alibaba.mtl.log.e.d.c(DeviceUtil.java:224)
08-03 11:07:24.687 28419 28419 W System.err: 	at com.alibaba.mtl.log.e.d.j(DeviceUtil.java:211)
08-03 11:07:24.687 28419 28419 W System.err: 	at com.alibaba.mtl.log.e.d.i(DeviceUtil.java:206)
08-03 11:07:24.687 28419 28419 W System.err: 	at com.alibaba.mtl.log.e.d.o(DeviceUtil.java:91)
08-03 11:07:24.687 28419 28419 W System.err: 	at com.alibaba.mtl.log.e.d.a(DeviceUtil.java:67)
08-03 11:07:24.687 28419 28419 W System.err: 	at com.alibaba.mtl.log.e.h.a(LogAssemble.java:164)
08-03 11:07:24.687 28419 28419 W System.err: 	at com.alibaba.mtl.log.e.h.b(LogAssemble.java:120)
08-03 11:07:24.687 28419 28419 W System.err: 	at com.alibaba.mtl.log.e.h.a(LogAssemble.java:256)
08-03 11:07:24.687 28419 28419 W System.err: 	at com.alibaba.mtl.log.model.a.s(Log.java:161)
08-03 11:07:24.687 28419 28419 W System.err: 	at com.alibaba.mtl.log.model.a.<init>(Log.java:69)
08-03 11:07:24.687 28419 28419 W System.err: 	at com.alibaba.mtl.log.a.a(UTDC.java:118)
08-03 11:07:24.687 28419 28419 W System.err: 	at com.ut.mini.UTTracker.send(UTTracker.java:188)
08-03 11:07:24.687 28419 28419 W System.err: 	at com.alibaba.sdk.android.feedback.util.n.b(Unknown Source:35)
08-03 11:07:24.687 28419 28419 W System.err: 	at com.alibaba.sdk.android.feedback.impl.FeedbackAPI.commitDAU(Unknown Source:0)
08-03 11:07:24.687 28419 28419 W System.err: 	at com.alibaba.sdk.android.feedback.impl.FeedbackAPI.init(Unknown Source:98)
08-03 11:07:24.687 28419 28419 W System.err: 	at hide.package.name.app.CpApplication.onCreate(CpApplication.java:27)
08-03 11:07:24.687 28419 28419 W System.err: 	at android.app.Instrumentation.callApplicationOnCreate(Instrumentation.java:1154)
08-03 11:07:24.687 28419 28419 W System.err: 	at android.app.ActivityThread.handleBindApplication(ActivityThread.java:5858)
08-03 11:07:24.687 28419 28419 W System.err: 	at android.app.ActivityThread.access$1000(ActivityThread.java:197)
08-03 11:07:24.687 28419 28419 W System.err: 	at android.app.ActivityThread$H.handleMessage(ActivityThread.java:1634)
08-03 11:07:24.687 28419 28419 W System.err: 	at android.os.Handler.dispatchMessage(Handler.java:106)
08-03 11:07:24.687 28419 28419 W System.err: 	at android.os.Looper.loop(Looper.java:193)
08-03 11:07:24.687 28419 28419 W System.err: 	at android.app.ActivityThread.main(ActivityThread.java:6642)
08-03 11:07:24.687 28419 28419 W System.err: 	at java.lang.reflect.Method.invoke(Native Method)
08-03 11:07:24.687 28419 28419 W System.err: 	at com.android.internal.os.RuntimeInit$MethodAndArgsCaller.run(RuntimeInit.java:493)
08-03 11:07:24.687 28419 28419 W System.err: 	at com.android.internal.os.ZygoteInit.main(ZygoteInit.java:858)
08-03 11:07:24.687 28419 28419 W System.err: java.lang.IllegalAccessException: void android.os.SystemProperties.<init>() is not accessible from java.lang.Class<com.alibaba.mtl.log.e.d>
08-03 11:07:24.687 28419 28419 W System.err: 	at java.lang.Class.newInstance(Native Method)
08-03 11:07:24.687 28419 28419 W System.err: 	at com.alibaba.mtl.log.e.d.c(DeviceUtil.java:224)
08-03 11:07:24.687 28419 28419 W System.err: 	at com.alibaba.mtl.log.e.d.j(DeviceUtil.java:211)
08-03 11:07:24.687 28419 28419 W System.err: 	at com.alibaba.mtl.log.e.d.i(DeviceUtil.java:206)
08-03 11:07:24.687 28419 28419 W System.err: 	at com.alibaba.mtl.log.e.d.o(DeviceUtil.java:91)
08-03 11:07:24.687 28419 28419 W System.err: 	at com.alibaba.mtl.log.e.d.a(DeviceUtil.java:67)
08-03 11:07:24.687 28419 28419 W System.err: 	at com.alibaba.mtl.log.e.h.a(LogAssemble.java:164)
08-03 11:07:24.687 28419 28419 W System.err: 	at com.alibaba.mtl.log.e.h.b(LogAssemble.java:120)
08-03 11:07:24.687 28419 28419 W System.err: 	at com.alibaba.mtl.log.e.h.a(LogAssemble.java:256)
08-03 11:07:24.687 28419 28419 W System.err: 	at com.alibaba.mtl.log.model.a.s(Log.java:161)
08-03 11:07:24.687 28419 28419 W System.err: 	at com.alibaba.mtl.log.model.a.<init>(Log.java:69)
08-03 11:07:24.687 28419 28419 W System.err: 	at com.alibaba.mtl.log.a.a(UTDC.java:118)
08-03 11:07:24.687 28419 28419 W System.err: 	at com.ut.mini.UTTracker.send(UTTracker.java:188)
08-03 11:07:24.687 28419 28419 W System.err: 	at com.alibaba.sdk.android.feedback.util.n.b(Unknown Source:35)
08-03 11:07:24.687 28419 28419 W System.err: 	at com.alibaba.sdk.android.feedback.impl.FeedbackAPI.commitDAU(Unknown Source:0)
08-03 11:07:24.687 28419 28419 W System.err: 	at com.alibaba.sdk.android.feedback.impl.FeedbackAPI.init(Unknown Source:98)
08-03 11:07:24.687 28419 28419 W System.err: 	at hide.package.name.app.CpApplication.onCreate(CpApplication.java:27)
08-03 11:07:24.687 28419 28419 W System.err: 	at android.app.Instrumentation.callApplicationOnCreate(Instrumentation.java:1154)
08-03 11:07:24.687 28419 28419 W System.err: 	at android.app.ActivityThread.handleBindApplication(ActivityThread.java:5858)
08-03 11:07:24.687 28419 28419 W System.err: 	at android.app.ActivityThread.access$1000(ActivityThread.java:197)
08-03 11:07:24.687 28419 28419 W System.err: 	at android.app.ActivityThread$H.handleMessage(ActivityThread.java:1634)
08-03 11:07:24.687 28419 28419 W System.err: 	at android.os.Handler.dispatchMessage(Handler.java:106)
08-03 11:07:24.687 28419 28419 W System.err: 	at android.os.Looper.loop(Looper.java:193)
08-03 11:07:24.687 28419 28419 W System.err: 	at android.app.ActivityThread.main(ActivityThread.java:6642)
08-03 11:07:24.687 28419 28419 W System.err: 	at java.lang.reflect.Method.invoke(Native Method)
08-03 11:07:24.687 28419 28419 W System.err: 	at com.android.internal.os.RuntimeInit$MethodAndArgsCaller.run(RuntimeInit.java:493)
08-03 11:07:24.687 28419 28419 W System.err: 	at com.android.internal.os.ZygoteInit.main(ZygoteInit.java:858)
08-03 11:07:24.689 28419 28480 D NetworkSecurityConfig: No Network Security Config specified, using platform default
08-03 11:07:24.692 18815 27891 D ---     : send:1301	flag:0
08-03 11:07:24.693 28419 28419 E q       : get() ERROR!!! Exception!
08-03 11:07:24.693 28419 28419 E q       : java.lang.IllegalAccessException: void android.os.SystemProperties.<init>() is not accessible from java.lang.Class<com.alibaba.mtl.log.e.q>
08-03 11:07:24.693 28419 28419 E q       : 	at java.lang.Class.newInstance(Native Method)
08-03 11:07:24.693 28419 28419 E q       : 	at com.alibaba.mtl.log.e.q.get(SystemProperties.java:17)
08-03 11:07:24.693 28419 28419 E q       : 	at com.alibaba.mtl.log.e.d.i(DeviceUtil.java:202)
08-03 11:07:24.693 28419 28419 E q       : 	at com.alibaba.mtl.log.e.h.c(LogAssemble.java:198)
08-03 11:07:24.693 28419 28419 E q       : 	at com.alibaba.mtl.log.e.h.a(LogAssemble.java:175)
08-03 11:07:24.693 28419 28419 E q       : 	at com.alibaba.mtl.log.e.h.b(LogAssemble.java:120)
08-03 11:07:24.693 28419 28419 E q       : 	at com.alibaba.mtl.log.e.h.a(LogAssemble.java:256)
08-03 11:07:24.693 28419 28419 E q       : 	at com.alibaba.mtl.log.model.a.s(Log.java:161)
08-03 11:07:24.693 28419 28419 E q       : 	at com.alibaba.mtl.log.model.a.<init>(Log.java:69)
08-03 11:07:24.693 28419 28419 E q       : 	at com.alibaba.mtl.log.a.a(UTDC.java:118)
08-03 11:07:24.693 28419 28419 E q       : 	at com.ut.mini.UTTracker.send(UTTracker.java:188)
08-03 11:07:24.693 28419 28419 E q       : 	at com.alibaba.sdk.android.feedback.util.n.b(Unknown Source:35)
08-03 11:07:24.693 28419 28419 E q       : 	at com.alibaba.sdk.android.feedback.impl.FeedbackAPI.commitDAU(Unknown Source:0)
08-03 11:07:24.693 28419 28419 E q       : 	at com.alibaba.sdk.android.feedback.impl.FeedbackAPI.init(Unknown Source:98)
08-03 11:07:24.693 28419 28419 E q       : 	at hide.package.name.app.CpApplication.onCreate(CpApplication.java:27)
