08-03 10:58:16.515   619   619 E HWComposer: getLayerReleaseFence failed for display -1: Invalid display
08-03 10:58:16.522 31076 12068 D ---     : send:1214	flag:0
08-03 10:58:16.524 31076 12068 D wetestService: got buffer, info: size=3163, presentationTimeUs=25880000, offset=0
08-03 10:58:16.534  1813  1813 E QtiImsExtUtils: getConfigForPhoneId phoneId is invalid
08-03 10:58:16.534  1813  1813 E QtiImsExtUtils: isCarrierConfigEnabled bundle is null
08-03 10:58:16.564   619   619 E HWComposer: getLayerReleaseFence failed for display -1: Invalid display
08-03 10:58:16.564   619   619 I chatty  : uid=1000(system) /system/bin/surfaceflinger identical 2 lines
08-03 10:58:16.564   619   619 E HWComposer: getLayerReleaseFence failed for display -1: Invalid display
08-03 10:58:16.566 31076 12068 D ---     : send:3163	flag:0
08-03 10:58:16.572 31076 12068 D wetestService: got buffer, info: size=2996, presentationTimeUs=25920000, offset=0
08-03 10:58:16.582   619   619 E HWComposer: getLayerReleaseFence failed for display -1: Invalid display
08-03 10:58:16.598   619   619 I chatty  : uid=1000(system) /system/bin/surfaceflinger identical 6 lines
08-03 10:58:16.598   619   619 E HWComposer: getLayerReleaseFence failed for display -1: Invalid display
08-03 10:58:16.613 31076 12068 D ---     : send:2996	flag:0
08-03 10:58:16.619 31076 12068 D wetestService: got buffer, info: size=2858, presentationTimeUs=25960000, offset=0
08-03 10:58:16.652   619   619 E HWComposer: getLayerReleaseFence failed for display -1: Invalid display
08-03 10:58:16.652   619   619 I chatty  : uid=1000(system) /system/bin/surfaceflinger identical 2 lines
08-03 10:58:16.652   619   619 E HWComposer: getLayerReleaseFence failed for display -1: Invalid display
08-03 10:58:16.663 31076 12068 D ---     : send:2858	flag:0
08-03 10:58:16.667 31076 12068 D wetestService: got buffer, info: size=3323, presentationTimeUs=26000000, offset=0
08-03 10:58:16.685   619   619 E HWComposer: getLayerReleaseFence failed for display -1: Invalid display
08-03 10:58:16.685   619   619 I chatty  : uid=1000(system) /system/bin/surfaceflinger identical 2 lines
08-03 10:58:16.685   619   619 E HWComposer: getLayerReleaseFence failed for display -1: Invalid display
08-03 10:58:16.709 31076 12068 D ---     : send:3323	flag:0
08-03 10:58:16.714 31076 12068 D wetestService: got buffer, info: size=3331, presentationTimeUs=26040000, offset=0
08-03 10:58:16.718   619   619 E HWComposer: getLayerReleaseFence failed for display -1: Invalid display
08-03 10:58:16.718   619   619 I chatty  : uid=1000(system) /system/bin/surfaceflinger identical 2 lines
08-03 10:58:16.718   619   619 E HWComposer: getLayerReleaseFence failed for display -1: Invalid display
08-03 10:58:16.755 31076 12068 D ---     : send:3331	flag:0
08-03 10:58:16.760 31076 12068 D wetestService: got buffer, info: size=3130, presentationTimeUs=26080000, offset=0
08-03 10:58:16.768   619   619 E HWComposer: getLayerReleaseFence failed for display -1: Invalid display
08-03 10:58:16.768   619   619 I chatty  : uid=1000(system) /system/bin/surfaceflinger identical 2 lines
08-03 10:58:16.768   619   619 E HWComposer: getLayerReleaseFence failed for display -1: Invalid display
08-03 10:58:16.801 31076 12068 D ---     : send:3130	flag:0
08-03 10:58:16.803   619   619 E HWComposer: getLayerReleaseFence failed for display -1: Invalid display
08-03 10:58:16.803   619   619 I chatty  : uid=1000(system) /system/bin/surfaceflinger identical 2 lines
08-03 10:58:16.803   619   619 E HWComposer: getLayerReleaseFence failed for display -1: Invalid display
08-03 10:58:16.807 31076 12068 D wetestService: got buffer, info: size=3086, presentationTimeUs=26120000, offset=0
08-03 10:58:16.848 31076 12068 D ---     : send:3086	flag:0
08-03 10:58:16.851 31076 12068 D wetestService: got buffer, info: size=3324, presentationTimeUs=26160000, offset=0
08-03 10:58:16.852   619   619 E HWComposer: getLayerReleaseFence failed for display -1: Invalid display
08-03 10:58:16.852   619   619 I chatty  : uid=1000(system) /system/bin/surfaceflinger identical 2 lines
08-03 10:58:16.852   619   619 E HWComposer: getLayerReleaseFence failed for display -1: Invalid display
08-03 10:58:16.878   742   833 I ThermalEngine: vs_get_temperature: read[0] tsens_tz_sensor13 46000 mC, weight[0] 1
08-03 10:58:16.879   742   833 I ThermalEngine: vs_get_temperature: read[1] tsens_tz_sensor0 47000 mC, weight[1] -1
08-03 10:58:16.885   619   619 E HWComposer: getLayerReleaseFence failed for display -1: Invalid display
08-03 10:58:16.885   619   619 I chatty  : uid=1000(system) /system/bin/surfaceflinger identical 2 lines
08-03 10:58:16.885   619   619 E HWComposer: getLayerReleaseFence failed for display -1: Invalid display
08-03 10:58:16.893 31076 12068 D ---     : send:3324	flag:0
08-03 10:58:16.895 31076 12068 D wetestService: got buffer, info: size=2831, presentationTimeUs=26200000, offset=0
08-03 10:58:16.916  5519  5519 E adbd    : failed to connect to socket 'tcp:9008': Connection refused
08-03 10:58:16.917  5519  5519 E adbd    : failed to connect to socket 'tcp:9008': Connection refused
08-03 10:58:16.919   619   619 E HWComposer: getLayerReleaseFence failed for display -1: Invalid display
08-03 10:58:16.919   619   619 I chatty  : uid=1000(system) /system/bin/surfaceflinger identical 2 lines
08-03 10:58:16.919   619   619 E HWComposer: getLayerReleaseFence failed for display -1: Invalid display
08-03 10:58:16.935 31076 12068 D ---     : send:2831	flag:0
08-03 10:58:16.939 31076 12068 D wetestService: got buffer, info: size=1197, presentationTimeUs=26240000, offset=0
08-03 10:58:16.969   619   619 E HWComposer: getLayerReleaseFence failed for display -1: Invalid display
08-03 10:58:16.969   619   619 I chatty  : uid=1000(system) /system/bin/surfaceflinger identical 2 lines
08-03 10:58:16.969   619   619 E HWComposer: getLayerReleaseFence failed for display -1: Invalid display
08-03 10:58:16.980 31076 12068 D ---     : send:1197	flag:0
08-03 10:58:16.983 31076 12068 D wetestService: got buffer, info: size=3689, presentationTimeUs=26280000, offset=0
08-03 10:58:17.002   619   619 E HWComposer: getLayerReleaseFence failed for display -1: Invalid display
08-03 10:58:17.002   619   619 I chatty  : uid=1000(system) /system/bin/surfaceflinger identical 2 lines
08-03 10:58:17.002   619   619 E HWComposer: getLayerReleaseFence failed for display -1: Invalid display
08-03 10:58:17.025 31076 12068 D ---     : send:3689	flag:0
08-03 10:58:17.028 31076 12068 D wetestService: got buffer, info: size=1311, presentationTimeUs=26320000, offset=0
08-03 10:58:17.054   619   619 E HWComposer: getLayerReleaseFence failed for display -1: Invalid display
08-03 10:58:17.054   619   619 I chatty  : uid=1000(system) /system/bin/surfaceflinger identical 2 lines
08-03 10:58:17.054   619   619 E HWComposer: getLayerReleaseFence failed for display -1: Invalid display
08-03 10:58:17.070 31076 12068 D ---     : send:1311	flag:0
08-03 10:58:17.075 31076 12068 D wetestService: got buffer, info: size=3251, presentationTimeUs=26360000, offset=0
08-03 10:58:17.087   619   619 E HWComposer: getLayerReleaseFence failed for display -1: Invalid display
08-03 10:58:17.087   619   619 I chatty  : uid=1000(system) /system/bin/surfaceflinger identical 2 lines
08-03 10:58:17.087   619   619 E HWComposer: getLayerReleaseFence failed for display -1: Invalid display
08-03 10:58:17.116 31076 12068 D ---     : send:3251	flag:0
08-03 10:58:17.120 31076 12068 D wetestService: got buffer, info: size=3203, presentationTimeUs=26400000, offset=0
08-03 10:58:17.138   619   619 E HWComposer: getLayerReleaseFence failed for display -1: Invalid display
08-03 10:58:17.138   619   619 I chatty  : uid=1000(system) /system/bin/surfaceflinger identical 2 lines
08-03 10:58:17.138   619   619 E HWComposer: getLayerReleaseFence failed for display -1: Invalid display
08-03 10:58:17.161 31076 12068 D ---     : send:3203	flag:0
08-03 10:58:17.165 31076 12068 D wetestService: got buffer, info: size=103183, presentationTimeUs=26440000, offset=0
08-03 10:58:17.171   619   619 E HWComposer: getLayerReleaseFence failed for display -1: Invalid display
08-03 10:58:17.171   619   619 I chatty  : uid=1000(system) /system/bin/surfaceflinger identical 2 lines
08-03 10:58:17.171   619   619 E HWComposer: getLayerReleaseFence failed for display -1: Invalid display
08-03 10:58:17.206 31076 12068 D ---     : send:103183	flag:1
08-03 10:58:17.209 31076 12068 D wetestService: got buffer, info: size=4963, presentationTimeUs=26480000, offset=0
08-03 10:58:17.223   619   619 E HWComposer: getLayerReleaseFence failed for display -1: Invalid display
08-03 10:58:17.223   619   619 I chatty  : uid=1000(system) /system/bin/surfaceflinger identical 2 lines
08-03 10:58:17.223   619   619 E HWComposer: getLayerReleaseFence failed for display -1: Invalid display
08-03 10:58:17.251 31076 12068 D ---     : send:4963	flag:0
08-03 10:58:17.254 31076 12068 D wetestService: got buffer, info: size=3236, presentationTimeUs=26520000, offset=0
08-03 10:58:17.255   619   619 E HWComposer: getLayerReleaseFence failed for display -1: Invalid display
08-03 10:58:17.255   619   619 I chatty  : uid=1000(system) /system/bin/surfaceflinger identical 2 lines
08-03 10:58:17.255   619   619 E HWComposer: getLayerReleaseFence failed for display -1: Invalid display
08-03 10:58:17.296 31076 12068 D ---     : send:3236	flag:0
08-03 10:58:17.299 31076 12068 D wetestService: got buffer, info: size=3516, presentationTimeUs=26560000, offset=0
08-03 10:58:17.307   619   619 E HWComposer: getLayerReleaseFence failed for display -1: Invalid display
08-03 10:58:17.339   619   619 I chatty  : uid=1000(system) /system/bin/surfaceflinger identical 6 lines
08-03 10:58:17.339   619   619 E HWComposer: getLayerReleaseFence failed for display -1: Invalid display
08-03 10:58:17.341 31076 12068 D ---     : send:3516	flag:0
08-03 10:58:17.345 31076 12068 D wetestService: got buffer, info: size=2740, presentationTimeUs=26600000, offset=0
08-03 10:58:17.386 31076 12068 D ---     : send:2740	flag:0
08-03 10:58:17.388 31076 12068 D wetestService: got buffer, info: size=3390, presentationTimeUs=26640000, offset=0
08-03 10:58:17.392   619   619 E HWComposer: getLayerReleaseFence failed for display -1: Invalid display
08-03 10:58:17.424   619   619 I chatty  : uid=1000(system) /system/bin/surfaceflinger identical 6 lines
08-03 10:58:17.424   619   619 E HWComposer: getLayerReleaseFence failed for display -1: Invalid display
08-03 10:58:17.429 31076 12068 D ---     : send:3390	flag:0
08-03 10:58:17.432 31076 12068 D wetestService: got buffer, info: size=1728, presentationTimeUs=26680000, offset=0
08-03 10:58:17.473 31076 12068 D ---     : send:1728	flag:0
08-03 10:58:17.476 31076 12068 D wetestService: got buffer, info: size=3146, presentationTimeUs=26720000, offset=0
08-03 10:58:17.477   619   619 E HWComposer: getLayerReleaseFence failed for display -1: Invalid display
08-03 10:58:17.508   619   619 I chatty  : uid=1000(system) /system/bin/surfaceflinger identical 6 lines
08-03 10:58:17.508   619   619 E HWComposer: getLayerReleaseFence failed for display -1: Invalid display
08-03 10:58:17.517 31076 12068 D ---     : send:3146	flag:0
08-03 10:58:17.522 31076 12068 D wetestService: got buffer, info: size=3176, presentationTimeUs=26760000, offset=0
08-03 10:58:17.543   619   619 E HWComposer: getLayerReleaseFence failed for display -1: Invalid display
08-03 10:58:17.543   619   619 I chatty  : uid=1000(system) /system/bin/surfaceflinger identical 2 lines
08-03 10:58:17.543   619   619 E HWComposer: getLayerReleaseFence failed for display -1: Invalid display
08-03 10:58:17.564 31076 12068 D ---     : send:3176	flag:0
08-03 10:58:17.567 31076 12068 D wetestService: got buffer, info: size=1307, presentationTimeUs=26800000, offset=0
08-03 10:58:17.593   619   619 E HWComposer: getLayerReleaseFence failed for display -1: Invalid display
08-03 10:58:17.594   619   619 I chatty  : uid=1000(system) /system/bin/surfaceflinger identical 2 lines
08-03 10:58:17.594   619   619 E HWComposer: getLayerReleaseFence failed for display -1: Invalid display
08-03 10:58:17.608 31076 12068 D ---     : send:1307	flag:0
08-03 10:58:17.615 31076 12068 D wetestService: got buffer, info: size=4274, presentationTimeUs=26840000, offset=0
08-03 10:58:17.643   619   619 E HWComposer: getLayerReleaseFence failed for display -1: Invalid display
08-03 10:58:17.643   619   619 I chatty  : uid=1000(system) /system/bin/surfaceflinger identical 2 lines
08-03 10:58:17.643   619   619 E HWComposer: getLayerReleaseFence failed for display -1: Invalid display
08-03 10:58:17.657 31076 12068 D ---     : send:4274	flag:0
08-03 10:58:17.661 31076 12068 D wetestService: got buffer, info: size=1440, presentationTimeUs=26880000, offset=0
08-03 10:58:17.676   619   619 E HWComposer: getLayerReleaseFence failed for display -1: Invalid display
08-03 10:58:17.676   619   619 I chatty  : uid=1000(system) /system/bin/surfaceflinger identical 2 lines
08-03 10:58:17.676   619   619 E HWComposer: getLayerReleaseFence failed for display -1: Invalid display
08-03 10:58:17.702 31076 12068 D ---     : send:1440	flag:0
08-03 10:58:17.705 31076 12068 D wetestService: got buffer, info: size=3440, presentationTimeUs=26920000, offset=0
08-03 10:58:17.710   619   619 E HWComposer: getLayerReleaseFence failed for display -1: Invalid display
08-03 10:58:17.711   619   619 I chatty  : uid=1000(system) /system/bin/surfaceflinger identical 2 lines
08-03 10:58:17.711   619   619 E HWComposer: getLayerReleaseFence failed for display -1: Invalid display
08-03 10:58:17.746 31076 12068 D ---     : send:3440	flag:0
08-03 10:58:17.752 31076 12068 D wetestService: got buffer, info: size=3000, presentationTimeUs=26960000, offset=0
08-03 10:58:17.762   619   619 E HWComposer: getLayerReleaseFence failed for display -1: Invalid display
08-03 10:58:17.762   619   619 I chatty  : uid=1000(system) /system/bin/surfaceflinger identical 2 lines
08-03 10:58:17.762   619   619 E HWComposer: getLayerReleaseFence failed for display -1: Invalid display
08-03 10:58:17.793 31076 12068 D ---     : send:3000	flag:0
08-03 10:58:17.795   619   619 E HWComposer: getLayerReleaseFence failed for display -1: Invalid display
08-03 10:58:17.795   619   619 I chatty  : uid=1000(system) /system/bin/surfaceflinger identical 2 lines
08-03 10:58:17.795   619   619 E HWComposer: getLayerReleaseFence failed for display -1: Invalid display
08-03 10:58:17.796 31076 12068 D wetestService: got buffer, info: size=3603, presentationTimeUs=27000000, offset=0
08-03 10:58:17.838 31076 12068 D ---     : send:3603	flag:0
08-03 10:58:17.843 31076 12068 D wetestService: got buffer, info: size=3452, presentationTimeUs=27040000, offset=0
08-03 10:58:17.845   619   619 E HWComposer: getLayerReleaseFence failed for display -1: Invalid display
08-03 10:58:17.878   619   619 I chatty  : uid=1000(system) /system/bin/surfaceflinger identical 6 lines
08-03 10:58:17.878   619   619 E HWComposer: getLayerReleaseFence failed for display -1: Invalid display
08-03 10:58:17.880   742   833 I ThermalEngine: vs_get_temperature: read[0] tsens_tz_sensor13 45000 mC, weight[0] 1
08-03 10:58:17.880   742   833 I ThermalEngine: vs_get_temperature: read[1] tsens_tz_sensor0 47000 mC, weight[1] -1
08-03 10:58:17.884 31076 12068 D ---     : send:3452	flag:0
08-03 10:58:17.889 31076 12068 D wetestService: got buffer, info: size=1641, presentationTimeUs=27080000, offset=0
08-03 10:58:17.912   619   619 E HWComposer: getLayerReleaseFence failed for display -1: Invalid display
08-03 10:58:17.912   619   619 I chatty  : uid=1000(system) /system/bin/surfaceflinger identical 2 lines
08-03 10:58:17.912   619   619 E HWComposer: getLayerReleaseFence failed for display -1: Invalid display
08-03 10:58:17.930 31076 12068 D ---     : send:1641	flag:0
08-03 10:58:17.935 31076 12068 D wetestService: got buffer, info: size=3212, presentationTimeUs=27120000, offset=0
08-03 10:58:17.963   619   619 E HWComposer: getLayerReleaseFence failed for display -1: Invalid display
08-03 10:58:17.963   619   619 I chatty  : uid=1000(system) /system/bin/surfaceflinger identical 2 lines
08-03 10:58:17.963   619   619 E HWComposer: getLayerReleaseFence failed for display -1: Invalid display
08-03 10:58:17.977 31076 12068 D ---     : send:3212	flag:0
08-03 10:58:17.984 31076 12068 D wetestService: got buffer, info: size=4173, presentationTimeUs=27160000, offset=0
08-03 10:58:17.986  5519  5519 E adbd    : failed to connect to socket 'tcp:9008': Connection refused
08-03 10:58:17.988  5519  5519 E adbd    : failed to connect to socket 'tcp:9008': Connection refused
08-03 10:58:17.996   619   619 E HWComposer: getLayerReleaseFence failed for display -1: Invalid display
08-03 10:58:17.996   619   619 I chatty  : uid=1000(system) /system/bin/surfaceflinger identical 2 lines
08-03 10:58:17.996   619   619 E HWComposer: getLayerReleaseFence failed for display -1: Invalid display
08-03 10:58:18.027 31076 12068 D ---     : send:4173	flag:0
08-03 10:58:18.033 31076 12068 D wetestService: got buffer, info: size=1494, presentationTimeUs=27200000, offset=0
08-03 10:58:18.048   619   619 E HWComposer: getLayerReleaseFence failed for display -1: Invalid display
08-03 10:58:18.048   619   619 I chatty  : uid=1000(system) /system/bin/surfaceflinger identical 2 lines
08-03 10:58:18.048   619   619 E HWComposer: getLayerReleaseFence failed for display -1: Invalid display
08-03 10:58:18.074 31076 12068 D ---     : send:1494	flag:0
08-03 10:58:18.077 31076 12068 D wetestService: got buffer, info: size=103364, presentationTimeUs=27240000, offset=0
08-03 10:58:18.082   619   619 E HWComposer: getLayerReleaseFence failed for display -1: Invalid display
08-03 10:58:18.082   619   619 I chatty  : uid=1000(system) /system/bin/surfaceflinger identical 2 lines
08-03 10:58:18.082   619   619 E HWComposer: getLayerReleaseFence failed for display -1: Invalid display
08-03 10:58:18.119 31076 12068 D ---     : send:103364	flag:1
08-03 10:58:18.121  1171  1443 W BestClock: java.time.DateTimeException: Missing NTP fix
08-03 10:58:18.125 31076 12068 D wetestService: got buffer, info: size=3320, presentationTimeUs=27280000, offset=0
08-03 10:58:18.134   619   619 E HWComposer: getLayerReleaseFence failed for display -1: Invalid display
08-03 10:58:18.134   619   619 I chatty  : uid=1000(system) /system/bin/surfaceflinger identical 2 lines
08-03 10:58:18.134   619   619 E HWComposer: getLayerReleaseFence failed for display -1: Invalid display
08-03 10:58:18.135  1171  1443 W BestClock: java.time.DateTimeException: Missing NTP fix
08-03 10:58:18.135  1171  1443 I netstats_mobile_sample: [0,0,0,0,0,0,0,0,0,0,0,0,1533265098135]
08-03 10:58:18.137  1171  1443 I netstats_wifi_sample: [7355476373,9676452,919787609,10240386,7287934064,8720401,777737237,10205087,7287934720,8720403,777372241,10200499,1533265098135]
08-03 10:58:18.138  1171  1444 W BestClock: java.time.DateTimeException: Missing NTP fix
08-03 10:58:18.165   619   619 E HWComposer: getLayerReleaseFence failed for display -1: Invalid display
08-03 10:58:18.165   619   619 I chatty  : uid=1000(system) /system/bin/surfaceflinger identical 2 lines
08-03 10:58:18.165   619   619 E HWComposer: getLayerReleaseFence failed for display -1: Invalid display
08-03 10:58:18.166 31076 12068 D ---     : send:3320	flag:0
08-03 10:58:18.169 31076 12068 D wetestService: got buffer, info: size=3377, presentationTimeUs=27320000, offset=0
08-03 10:58:18.210 31076 12068 D ---     : send:3377	flag:0
08-03 10:58:18.212 31076 12068 D wetestService: got buffer, info: size=3118, presentationTimeUs=27360000, offset=0
08-03 10:58:18.216   619   619 E HWComposer: getLayerReleaseFence failed for display -1: Invalid display
08-03 10:58:18.248   619   619 I chatty  : uid=1000(system) /system/bin/surfaceflinger identical 6 lines
08-03 10:58:18.248   619   619 E HWComposer: getLayerReleaseFence failed for display -1: Invalid display
08-03 10:58:18.254 31076 12068 D ---     : send:3118	flag:0
08-03 10:58:18.256 31076 12068 D wetestService: got buffer, info: size=3179, presentationTimeUs=27400000, offset=0
08-03 10:58:18.298 31076 12068 D ---     : send:3179	flag:0
08-03 10:58:18.300   619   619 E HWComposer: getLayerReleaseFence failed for display -1: Invalid display
08-03 10:58:18.300   619   619 I chatty  : uid=1000(system) /system/bin/surfaceflinger identical 2 lines
08-03 10:58:18.300   619   619 E HWComposer: getLayerReleaseFence failed for display -1: Invalid display
08-03 10:58:18.301 31076 12068 D wetestService: got buffer, info: size=3546, presentationTimeUs=27440000, offset=0
08-03 10:58:18.332   619   619 E HWComposer: getLayerReleaseFence failed for display -1: Invalid display
08-03 10:58:18.332   619   619 I chatty  : uid=1000(system) /system/bin/surfaceflinger identical 2 lines
08-03 10:58:18.332   619   619 E HWComposer: getLayerReleaseFence failed for display -1: Invalid display
08-03 10:58:18.342 31076 12068 D ---     : send:3546	flag:0
08-03 10:58:18.347 31076 12068 D wetestService: got buffer, info: size=3367, presentationTimeUs=27480000, offset=0
08-03 10:58:18.366   619   619 E HWComposer: getLayerReleaseFence failed for display -1: Invalid display
08-03 10:58:18.367   619   619 I chatty  : uid=1000(system) /system/bin/surfaceflinger identical 2 lines
08-03 10:58:18.367   619   619 E HWComposer: getLayerReleaseFence failed for display -1: Invalid display
08-03 10:58:18.377 11484 11530 V NativeCrypto: SSL handshake aborted: ssl=0x7eb0d1d5c8: I/O error during system call, Connection reset by peer
08-03 10:58:18.390 31076 12068 D ---     : send:3367	flag:0
08-03 10:58:18.395 31076 12068 D wetestService: got buffer, info: size=1314, presentationTimeUs=27520000, offset=0
08-03 10:58:18.415   619   619 E HWComposer: getLayerReleaseFence failed for display -1: Invalid display
08-03 10:58:18.415   619   619 I chatty  : uid=1000(system) /system/bin/surfaceflinger identical 2 lines
08-03 10:58:18.415   619   619 E HWComposer: getLayerReleaseFence failed for display -1: Invalid display
08-03 10:58:18.437 31076 12068 D ---     : send:1314	flag:0
08-03 10:58:18.442 31076 12068 D wetestService: got buffer, info: size=3890, presentationTimeUs=27560000, offset=0
08-03 10:58:18.450   619   619 E HWComposer: getLayerReleaseFence failed for display -1: Invalid display
08-03 10:58:18.450   619   619 I chatty  : uid=1000(system) /system/bin/surfaceflinger identical 2 lines
08-03 10:58:18.450   619   619 E HWComposer: getLayerReleaseFence failed for display -1: Invalid display
08-03 10:58:18.484 31076 12068 D ---     : send:3890	flag:0
08-03 10:58:18.489 31076 12068 D wetestService: got buffer, info: size=2987, presentationTimeUs=27600000, offset=0
08-03 10:58:18.501   619   619 E HWComposer: getLayerReleaseFence failed for display -1: Invalid display
08-03 10:58:18.501   619   619 I chatty  : uid=1000(system) /system/bin/surfaceflinger identical 2 lines
08-03 10:58:18.501   619   619 E HWComposer: getLayerReleaseFence failed for display -1: Invalid display
08-03 10:58:18.530 31076 12068 D ---     : send:2987	flag:0
08-03 10:58:18.533 31076 12068 D wetestService: got buffer, info: size=3151, presentationTimeUs=27640000, offset=0
08-03 10:58:18.535   619   619 E HWComposer: getLayerReleaseFence failed for display -1: Invalid display
08-03 10:58:18.535   619   619 I chatty  : uid=1000(system) /system/bin/surfaceflinger identical 2 lines
08-03 10:58:18.535   619   619 E HWComposer: getLayerReleaseFence failed for display -1: Invalid display
08-03 10:58:18.575 31076 12068 D ---     : send:3151	flag:0
08-03 10:58:18.579 31076 12068 D wetestService: got buffer, info: size=1531, presentationTimeUs=27680000, offset=0
08-03 10:58:18.584   619   619 E HWComposer: getLayerReleaseFence failed for display -1: Invalid display
08-03 10:58:18.618   619   619 I chatty  : uid=1000(system) /system/bin/surfaceflinger identical 6 lines
08-03 10:58:18.618   619   619 E HWComposer: getLayerReleaseFence failed for display -1: Invalid display
08-03 10:58:18.621 31076 12068 D ---     : send:1531	flag:0
08-03 10:58:18.626 31076 12068 D wetestService: got buffer, info: size=3199, presentationTimeUs=27720000, offset=0
08-03 10:58:18.667 31076 12068 D ---     : send:3199	flag:0
08-03 10:58:18.670   619   619 E HWComposer: getLayerReleaseFence failed for display -1: Invalid display
08-03 10:58:18.670   619   619 I chatty  : uid=1000(system) /system/bin/surfaceflinger identical 2 lines
08-03 10:58:18.670   619   619 E HWComposer: getLayerReleaseFence failed for display -1: Invalid display
08-03 10:58:18.673 31076 12068 D wetestService: got buffer, info: size=3120, presentationTimeUs=27760000, offset=0
08-03 10:58:18.704   619   619 E HWComposer: getLayerReleaseFence failed for display -1: Invalid display
08-03 10:58:18.704   619   619 I chatty  : uid=1000(system) /system/bin/surfaceflinger identical 2 lines
08-03 10:58:18.704   619   619 E HWComposer: getLayerReleaseFence failed for display -1: Invalid display
08-03 10:58:18.714 31076 12068 D ---     : send:3120	flag:0
08-03 10:58:18.717 31076 12068 D wetestService: got buffer, info: size=2931, presentationTimeUs=27800000, offset=0
08-03 10:58:18.737   619   619 E HWComposer: getLayerReleaseFence failed for display -1: Invalid display
08-03 10:58:18.737   619   619 I chatty  : uid=1000(system) /system/bin/surfaceflinger identical 2 lines
08-03 10:58:18.737   619   619 E HWComposer: getLayerReleaseFence failed for display -1: Invalid display
08-03 10:58:18.758 31076 12068 D ---     : send:2931	flag:0
08-03 10:58:18.760 31076 12068 D wetestService: got buffer, info: size=3266, presentationTimeUs=27840000, offset=0
08-03 10:58:18.767   619   619 E HWComposer: getLayerReleaseFence failed for display -1: Invalid display
08-03 10:58:18.784   619   619 I chatty  : uid=1000(system) /system/bin/surfaceflinger identical 6 lines
08-03 10:58:18.784   619   619 E HWComposer: getLayerReleaseFence failed for display -1: Invalid display
08-03 10:58:18.801 31076 12068 D ---     : send:3266	flag:0
08-03 10:58:18.806 31076 12068 D wetestService: got buffer, info: size=3663, presentationTimeUs=27880000, offset=0
08-03 10:58:18.819   619   619 E HWComposer: getLayerReleaseFence failed for display -1: Invalid display
08-03 10:58:18.820   619   619 I chatty  : uid=1000(system) /system/bin/surfaceflinger identical 2 lines
08-03 10:58:18.820   619   619 E HWComposer: getLayerReleaseFence failed for display -1: Invalid display
08-03 10:58:18.849 31076 12068 D ---     : send:3663	flag:0
08-03 10:58:18.853 31076 12068 D wetestService: got buffer, info: size=1329, presentationTimeUs=27920000, offset=0
08-03 10:58:18.872   619   619 E HWComposer: getLayerReleaseFence failed for display -1: Invalid display
08-03 10:58:18.872   619   619 I chatty  : uid=1000(system) /system/bin/surfaceflinger identical 2 lines
08-03 10:58:18.872   619   619 E HWComposer: getLayerReleaseFence failed for display -1: Invalid display
08-03 10:58:18.881   742   833 I ThermalEngine: vs_get_temperature: read[0] tsens_tz_sensor13 45000 mC, weight[0] 1
08-03 10:58:18.881   742   833 I ThermalEngine: vs_get_temperature: read[1] tsens_tz_sensor0 47000 mC, weight[1] -1
08-03 10:58:18.895 31076 12068 D ---     : send:1329	flag:0
08-03 10:58:18.897 31076 12068 D wetestService: got buffer, info: size=3592, presentationTimeUs=27960000, offset=0
08-03 10:58:18.906   619   619 E HWComposer: getLayerReleaseFence failed for display -1: Invalid display
08-03 10:58:18.906   619   619 I chatty  : uid=1000(system) /system/bin/surfaceflinger identical 2 lines
08-03 10:58:18.906   619   619 E HWComposer: getLayerReleaseFence failed for display -1: Invalid display
08-03 10:58:18.939 31076 12068 D ---     : send:3592	flag:0
08-03 10:58:18.941 31076 12068 D wetestService: got buffer, info: size=2989, presentationTimeUs=28000000, offset=0
08-03 10:58:18.955   619   619 E HWComposer: getLayerReleaseFence failed for display -1: Invalid display
08-03 10:58:18.955   619   619 I chatty  : uid=1000(system) /system/bin/surfaceflinger identical 2 lines
08-03 10:58:18.955   619   619 E HWComposer: getLayerReleaseFence failed for display -1: Invalid display
08-03 10:58:18.983 31076 12068 D ---     : send:2989	flag:0
08-03 10:58:18.985 31076 12068 D wetestService: got buffer, info: size=103408, presentationTimeUs=28040000, offset=0
08-03 10:58:18.990   619   619 E HWComposer: getLayerReleaseFence failed for display -1: Invalid display
08-03 10:58:18.990   619   619 I chatty  : uid=1000(system) /system/bin/surfaceflinger identical 2 lines
08-03 10:58:18.990   619   619 E HWComposer: getLayerReleaseFence failed for display -1: Invalid display
08-03 10:58:19.028 31076 12068 D ---     : send:103408	flag:1
08-03 10:58:19.031 31076 12068 D wetestService: got buffer, info: size=2930, presentationTimeUs=28080000, offset=0
08-03 10:58:19.038  5519  5519 E adbd    : failed to connect to socket 'tcp:9008': Connection refused
08-03 10:58:19.039  5519  5519 E adbd    : failed to connect to socket 'tcp:9008': Connection refused
08-03 10:58:19.039   619   619 E HWComposer: getLayerReleaseFence failed for display -1: Invalid display
08-03 10:58:19.039   619   619 I chatty  : uid=1000(system) /system/bin/surfaceflinger identical 2 lines
08-03 10:58:19.039   619   619 E HWComposer: getLayerReleaseFence failed for display -1: Invalid display
08-03 10:58:19.072 31076 12068 D ---     : send:2930	flag:0
08-03 10:58:19.074   619   619 E HWComposer: getLayerReleaseFence failed for display -1: Invalid display
08-03 10:58:19.074   619   619 I chatty  : uid=1000(system) /system/bin/surfaceflinger identical 2 lines
08-03 10:58:19.074   619   619 E HWComposer: getLayerReleaseFence failed for display -1: Invalid display
08-03 10:58:19.075 31076 12068 D wetestService: got buffer, info: size=3554, presentationTimeUs=28120000, offset=0
08-03 10:58:19.116 31076 12068 D ---     : send:3554	flag:0
08-03 10:58:19.121 31076 12068 D wetestService: got buffer, info: size=3735, presentationTimeUs=28160000, offset=0
08-03 10:58:19.125   619   619 E HWComposer: getLayerReleaseFence failed for display -1: Invalid display
08-03 10:58:19.158   619   619 I chatty  : uid=1000(system) /system/bin/surfaceflinger identical 6 lines
08-03 10:58:19.158   619   619 E HWComposer: getLayerReleaseFence failed for display -1: Invalid display
08-03 10:58:19.163 31076 12068 D ---     : send:3735	flag:0
08-03 10:58:19.167 31076 12068 D wetestService: got buffer, info: size=2804, presentationTimeUs=28200000, offset=0
08-03 10:58:19.191   619   619 E HWComposer: getLayerReleaseFence failed for display -1: Invalid display
08-03 10:58:19.191   619   619 I chatty  : uid=1000(system) /system/bin/surfaceflinger identical 2 lines
08-03 10:58:19.191   619   619 E HWComposer: getLayerReleaseFence failed for display -1: Invalid display
08-03 10:58:19.209 31076 12068 D ---     : send:2804	flag:0
08-03 10:58:19.216 31076 12068 D wetestService: got buffer, info: size=2934, presentationTimeUs=28240000, offset=0
08-03 10:58:19.241   619   619 E HWComposer: getLayerReleaseFence failed for display -1: Invalid display
08-03 10:58:19.241   619   619 I chatty  : uid=1000(system) /system/bin/surfaceflinger identical 2 lines
08-03 10:58:19.241   619   619 E HWComposer: getLayerReleaseFence failed for display -1: Invalid display
08-03 10:58:19.258 31076 12068 D ---     : send:2934	flag:0
08-03 10:58:19.262 31076 12068 D wetestService: got buffer, info: size=3081, presentationTimeUs=28280000, offset=0
08-03 10:58:19.274   619   619 E HWComposer: getLayerReleaseFence failed for display -1: Invalid display
08-03 10:58:19.275   619   619 I chatty  : uid=1000(system) /system/bin/surfaceflinger identical 2 lines
08-03 10:58:19.275   619   619 E HWComposer: getLayerReleaseFence failed for display -1: Invalid display
08-03 10:58:19.304 31076 12068 D ---     : send:3081	flag:0
08-03 10:58:19.307 31076 12068 D wetestService: got buffer, info: size=1289, presentationTimeUs=28320000, offset=0
08-03 10:58:19.325   619   619 E HWComposer: getLayerReleaseFence failed for display -1: Invalid display
08-03 10:58:19.325   619   619 I chatty  : uid=1000(system) /system/bin/surfaceflinger identical 2 lines
08-03 10:58:19.325   619   619 E HWComposer: getLayerReleaseFence failed for display -1: Invalid display
08-03 10:58:19.348 31076 12068 D ---     : send:1289	flag:0
08-03 10:58:19.351 31076 12068 D wetestService: got buffer, info: size=3611, presentationTimeUs=28360000, offset=0
08-03 10:58:19.360   619   619 E HWComposer: getLayerReleaseFence failed for display -1: Invalid display
08-03 10:58:19.360   619   619 I chatty  : uid=1000(system) /system/bin/surfaceflinger identical 2 lines
08-03 10:58:19.360   619   619 E HWComposer: getLayerReleaseFence failed for display -1: Invalid display
08-03 10:58:19.392 31076 12068 D ---     : send:3611	flag:0
08-03 10:58:19.395 31076 12068 D wetestService: got buffer, info: size=2604, presentationTimeUs=28400000, offset=0
08-03 10:58:19.410   619   619 E HWComposer: getLayerReleaseFence failed for display -1: Invalid display
08-03 10:58:19.410   619   619 I chatty  : uid=1000(system) /system/bin/surfaceflinger identical 2 lines
08-03 10:58:19.410   619   619 E HWComposer: getLayerReleaseFence failed for display -1: Invalid display
08-03 10:58:19.436 31076 12068 D ---     : send:2604	flag:0
08-03 10:58:19.441 31076 12068 D wetestService: got buffer, info: size=3350, presentationTimeUs=28440000, offset=0
08-03 10:58:19.444   619   619 E HWComposer: getLayerReleaseFence failed for display -1: Invalid display
08-03 10:58:19.477   619   619 I chatty  : uid=1000(system) /system/bin/surfaceflinger identical 6 lines
08-03 10:58:19.477   619   619 E HWComposer: getLayerReleaseFence failed for display -1: Invalid display
08-03 10:58:19.482 31076 12068 D ---     : send:3350	flag:0
08-03 10:58:19.487 31076 12068 D wetestService: got buffer, info: size=2945, presentationTimeUs=28480000, offset=0
08-03 10:58:19.527   619   619 E HWComposer: getLayerReleaseFence failed for display -1: Invalid display
08-03 10:58:19.527   619   619 I chatty  : uid=1000(system) /system/bin/surfaceflinger identical 2 lines
08-03 10:58:19.527   619   619 E HWComposer: getLayerReleaseFence failed for display -1: Invalid display
08-03 10:58:19.529 31076 12068 D ---     : send:2945	flag:0
08-03 10:58:19.534 31076 12068 D wetestService: got buffer, info: size=1351, presentationTimeUs=28520000, offset=0
08-03 10:58:19.560   619   619 E HWComposer: getLayerReleaseFence failed for display -1: Invalid display
08-03 10:58:19.560   619   619 I chatty  : uid=1000(system) /system/bin/surfaceflinger identical 2 lines
08-03 10:58:19.560   619   619 E HWComposer: getLayerReleaseFence failed for display -1: Invalid display
08-03 10:58:19.575 31076 12068 D ---     : send:1351	flag:0
08-03 10:58:19.580 31076 12068 D wetestService: got buffer, info: size=3015, presentationTimeUs=28560000, offset=0
08-03 10:58:19.610   619   619 E HWComposer: getLayerReleaseFence failed for display -1: Invalid display
08-03 10:58:19.610   619   619 I chatty  : uid=1000(system) /system/bin/surfaceflinger identical 2 lines
08-03 10:58:19.610   619   619 E HWComposer: getLayerReleaseFence failed for display -1: Invalid display
08-03 10:58:19.621 31076 12068 D ---     : send:3015	flag:0
08-03 10:58:19.624 31076 12068 D wetestService: got buffer, info: size=3101, presentationTimeUs=28600000, offset=0
08-03 10:58:19.645   619   619 E HWComposer: getLayerReleaseFence failed for display -1: Invalid display
08-03 10:58:19.645   619   619 I chatty  : uid=1000(system) /system/bin/surfaceflinger identical 2 lines
08-03 10:58:19.645   619   619 E HWComposer: getLayerReleaseFence failed for display -1: Invalid display
08-03 10:58:19.667 31076 12068 D ---     : send:3101	flag:0
08-03 10:58:19.671 31076 12068 D wetestService: got buffer, info: size=3611, presentationTimeUs=28640000, offset=0
08-03 10:58:19.696   619   619 E HWComposer: getLayerReleaseFence failed for display -1: Invalid display
08-03 10:58:19.696   619   619 I chatty  : uid=1000(system) /system/bin/surfaceflinger identical 2 lines
08-03 10:58:19.696   619   619 E HWComposer: getLayerReleaseFence failed for display -1: Invalid display
08-03 10:58:19.713 31076 12068 D ---     : send:3611	flag:0
08-03 10:58:19.717 31076 12068 D wetestService: got buffer, info: size=1571, presentationTimeUs=28680000, offset=0
08-03 10:58:19.729   619   619 E HWComposer: getLayerReleaseFence failed for display -1: Invalid display
08-03 10:58:19.729   619   619 I chatty  : uid=1000(system) /system/bin/surfaceflinger identical 2 lines
08-03 10:58:19.729   619   619 E HWComposer: getLayerReleaseFence failed for display -1: Invalid display
08-03 10:58:19.758 31076 12068 D ---     : send:1571	flag:0
08-03 10:58:19.761 31076 12068 D wetestService: got buffer, info: size=3120, presentationTimeUs=28720000, offset=0
08-03 10:58:19.780   619   619 E HWComposer: getLayerReleaseFence failed for display -1: Invalid display
08-03 10:58:19.780   619   619 I chatty  : uid=1000(system) /system/bin/surfaceflinger identical 2 lines
08-03 10:58:19.780   619   619 E HWComposer: getLayerReleaseFence failed for display -1: Invalid display
08-03 10:58:19.802 31076 12068 D ---     : send:3120	flag:0
08-03 10:58:19.804 31076 12068 D wetestService: got buffer, info: size=3234, presentationTimeUs=28760000, offset=0
08-03 10:58:19.813   619   619 E HWComposer: getLayerReleaseFence failed for display -1: Invalid display
08-03 10:58:19.813   619   619 I chatty  : uid=1000(system) /system/bin/surfaceflinger identical 2 lines
08-03 10:58:19.814   619   619 E HWComposer: getLayerReleaseFence failed for display -1: Invalid display
08-03 10:58:19.846 31076 12068 D ---     : send:3234	flag:0
08-03 10:58:19.848   619   619 E HWComposer: getLayerReleaseFence failed for display -1: Invalid display
08-03 10:58:19.848   619   619 I chatty  : uid=1000(system) /system/bin/surfaceflinger identical 2 lines
08-03 10:58:19.848   619   619 E HWComposer: getLayerReleaseFence failed for display -1: Invalid display
08-03 10:58:19.849 31076 12068 D wetestService: got buffer, info: size=2564, presentationTimeUs=28800000, offset=0
08-03 10:58:19.883   742   833 I ThermalEngine: vs_get_temperature: read[0] tsens_tz_sensor13 45000 mC, weight[0] 1
08-03 10:58:19.883   742   833 I ThermalEngine: vs_get_temperature: read[1] tsens_tz_sensor0 47000 mC, weight[1] -1
08-03 10:58:19.890 31076 12068 D ---     : send:2564	flag:0
08-03 10:58:19.895 31076 12068 D wetestService: got buffer, info: size=103300, presentationTimeUs=28840000, offset=0
08-03 10:58:19.901   619   619 E HWComposer: getLayerReleaseFence failed for display -1: Invalid display
08-03 10:58:19.930   619   619 I chatty  : uid=1000(system) /system/bin/surfaceflinger identical 6 lines
08-03 10:58:19.930   619   619 E HWComposer: getLayerReleaseFence failed for display -1: Invalid display
08-03 10:58:19.936 31076 12068 D ---     : send:103300	flag:1
08-03 10:58:19.941 31076 12068 D wetestService: got buffer, info: size=5110, presentationTimeUs=28880000, offset=0
08-03 10:58:19.981   619   619 E HWComposer: getLayerReleaseFence failed for display -1: Invalid display
08-03 10:58:19.981   619   619 I chatty  : uid=1000(system) /system/bin/surfaceflinger identical 2 lines
08-03 10:58:19.981   619   619 E HWComposer: getLayerReleaseFence failed for display -1: Invalid display
08-03 10:58:19.983 31076 12068 D ---     : send:5110	flag:0
08-03 10:58:19.987 31076 12068 D wetestService: got buffer, info: size=1775, presentationTimeUs=28920000, offset=0
08-03 10:58:20.016   619   619 E HWComposer: getLayerReleaseFence failed for display -1: Invalid display
08-03 10:58:20.016   619   619 I chatty  : uid=1000(system) /system/bin/surfaceflinger identical 2 lines
08-03 10:58:20.016   619   619 E HWComposer: getLayerReleaseFence failed for display -1: Invalid display
08-03 10:58:20.029 31076 12068 D ---     : send:1775	flag:0
08-03 10:58:20.037 31076 12068 D wetestService: got buffer, info: size=3618, presentationTimeUs=28960000, offset=0
08-03 10:58:20.065   619   619 E HWComposer: getLayerReleaseFence failed for display -1: Invalid display
08-03 10:58:20.066   619   619 I chatty  : uid=1000(system) /system/bin/surfaceflinger identical 2 lines
08-03 10:58:20.066   619   619 E HWComposer: getLayerReleaseFence failed for display -1: Invalid display
08-03 10:58:20.079 31076 12068 D ---     : send:3618	flag:0
08-03 10:58:20.081  5519  5519 E adbd    : failed to connect to socket 'tcp:9008': Connection refused
08-03 10:58:20.082  5519  5519 E adbd    : failed to connect to socket 'tcp:9008': Connection refused
08-03 10:58:20.082 31076 12068 D wetestService: got buffer, info: size=1288, presentationTimeUs=29000000, offset=0
08-03 10:58:20.099   619   619 E HWComposer: getLayerReleaseFence failed for display -1: Invalid display
08-03 10:58:20.100   619   619 I chatty  : uid=1000(system) /system/bin/surfaceflinger identical 2 lines
08-03 10:58:20.100   619   619 E HWComposer: getLayerReleaseFence failed for display -1: Invalid display
08-03 10:58:20.124 31076 12068 D ---     : send:1288	flag:0
08-03 10:58:20.130 31076 12068 D wetestService: got buffer, info: size=3862, presentationTimeUs=29040000, offset=0
08-03 10:58:20.134   619   619 E HWComposer: getLayerReleaseFence failed for display -1: Invalid display
08-03 10:58:20.134   619   619 I chatty  : uid=1000(system) /system/bin/surfaceflinger identical 2 lines
08-03 10:58:20.134   619   619 E HWComposer: getLayerReleaseFence failed for display -1: Invalid display
08-03 10:58:20.169 26926 26947 D wetestinput: handleInputCommand, str = heart_beat 0
08-03 10:58:20.169 26926 26947 D wetestinput: heart beat from client.
08-03 10:58:20.171 31076 12068 D ---     : send:3862	flag:0
08-03 10:58:20.176 31076 12068 D wetestService: got buffer, info: size=3391, presentationTimeUs=29080000, offset=0
08-03 10:58:20.184   619   619 E HWComposer: getLayerReleaseFence failed for display -1: Invalid display
08-03 10:58:20.217   619   619 I chatty  : uid=1000(system) /system/bin/surfaceflinger identical 6 lines
08-03 10:58:20.217   619   619 E HWComposer: getLayerReleaseFence failed for display -1: Invalid display
08-03 10:58:20.217 31076 12068 D ---     : send:3391	flag:0
08-03 10:58:20.222 31076 12068 D wetestService: got buffer, info: size=1402, presentationTimeUs=29120000, offset=0
08-03 10:58:20.263 31076 12068 D ---     : send:1402	flag:0
08-03 10:58:20.268 31076 12068 D wetestService: got buffer, info: size=3126, presentationTimeUs=29160000, offset=0
08-03 10:58:20.269   619   619 E HWComposer: getLayerReleaseFence failed for display -1: Invalid display
08-03 10:58:20.300   619   619 I chatty  : uid=1000(system) /system/bin/surfaceflinger identical 6 lines
08-03 10:58:20.300   619   619 E HWComposer: getLayerReleaseFence failed for display -1: Invalid display
08-03 10:58:20.309 31076 12068 D ---     : send:3126	flag:0
08-03 10:58:20.311 31076 12068 D wetestService: got buffer, info: size=3173, presentationTimeUs=29200000, offset=0
08-03 10:58:20.351   619   619 E HWComposer: getLayerReleaseFence failed for display -1: Invalid display
08-03 10:58:20.351   619   619 I chatty  : uid=1000(system) /system/bin/surfaceflinger identical 2 lines
08-03 10:58:20.351   619   619 E HWComposer: getLayerReleaseFence failed for display -1: Invalid display
08-03 10:58:20.353 31076 12068 D ---     : send:3173	flag:0
08-03 10:58:20.355 31076 12068 D wetestService: got buffer, info: size=2933, presentationTimeUs=29240000, offset=0
08-03 10:58:20.385   619   619 E HWComposer: getLayerReleaseFence failed for display -1: Invalid display
08-03 10:58:20.385   619   619 I chatty  : uid=1000(system) /system/bin/surfaceflinger identical 2 lines
08-03 10:58:20.385   619   619 E HWComposer: getLayerReleaseFence failed for display -1: Invalid display
08-03 10:58:20.397 31076 12068 D ---     : send:2933	flag:0
08-03 10:58:20.403 31076 12068 D wetestService: got buffer, info: size=3155, presentationTimeUs=29280000, offset=0
08-03 10:58:20.436   619   619 E HWComposer: getLayerReleaseFence failed for display -1: Invalid display
08-03 10:58:20.436   619   619 I chatty  : uid=1000(system) /system/bin/surfaceflinger identical 2 lines
08-03 10:58:20.436   619   619 E HWComposer: getLayerReleaseFence failed for display -1: Invalid display
08-03 10:58:20.446 31076 12068 D ---     : send:3155	flag:0
08-03 10:58:20.451 31076 12068 D wetestService: got buffer, info: size=1255, presentationTimeUs=29320000, offset=0
08-03 10:58:20.469   619   619 E HWComposer: getLayerReleaseFence failed for display -1: Invalid display
08-03 10:58:20.469   619   619 I chatty  : uid=1000(system) /system/bin/surfaceflinger identical 2 lines
08-03 10:58:20.469   619   619 E HWComposer: getLayerReleaseFence failed for display -1: Invalid display
08-03 10:58:20.493 31076 12068 D ---     : send:1255	flag:0
08-03 10:58:20.496 31076 12068 D wetestService: got buffer, info: size=3802, presentationTimeUs=29360000, offset=0
08-03 10:58:20.504   619   619 E HWComposer: getLayerReleaseFence failed for display -1: Invalid display
08-03 10:58:20.504   619   619 I chatty  : uid=1000(system) /system/bin/surfaceflinger identical 2 lines
08-03 10:58:20.504   619   619 E HWComposer: getLayerReleaseFence failed for display -1: Invalid display
08-03 10:58:20.537 31076 12068 D ---     : send:3802	flag:0
08-03 10:58:20.540 31076 12068 D wetestService: got buffer, info: size=3039, presentationTimeUs=29400000, offset=0
08-03 10:58:20.553   619   619 E HWComposer: getLayerReleaseFence failed for display -1: Invalid display
08-03 10:58:20.553   619   619 I chatty  : uid=1000(system) /system/bin/surfaceflinger identical 2 lines
08-03 10:58:20.553   619   619 E HWComposer: getLayerReleaseFence failed for display -1: Invalid display
08-03 10:58:20.581 31076 12068 D ---     : send:3039	flag:0
08-03 10:58:20.587 31076 12068 D wetestService: got buffer, info: size=3021, presentationTimeUs=29440000, offset=0
08-03 10:58:20.588   619   619 E HWComposer: getLayerReleaseFence failed for display -1: Invalid display
08-03 10:58:20.588   619   619 I chatty  : uid=1000(system) /system/bin/surfaceflinger identical 2 lines
08-03 10:58:20.588   619   619 E HWComposer: getLayerReleaseFence failed for display -1: Invalid display
08-03 10:58:20.628 31076 12068 D ---     : send:3021	flag:0
08-03 10:58:20.633 31076 12068 D wetestService: got buffer, info: size=3243, presentationTimeUs=29480000, offset=0
08-03 10:58:20.638   619   619 E HWComposer: getLayerReleaseFence failed for display -1: Invalid display
08-03 10:58:20.670   619   619 I chatty  : uid=1000(system) /system/bin/surfaceflinger identical 6 lines
08-03 10:58:20.670   619   619 E HWComposer: getLayerReleaseFence failed for display -1: Invalid display
08-03 10:58:20.675 31076 12068 D ---     : send:3243	flag:0
08-03 10:58:20.680 31076 12068 D wetestService: got buffer, info: size=1440, presentationTimeUs=29520000, offset=0
08-03 10:58:20.722 31076 12068 D ---     : send:1440	flag:0
08-03 10:58:20.722   619   619 E HWComposer: getLayerReleaseFence failed for display -1: Invalid display
08-03 10:58:20.722   619   619 I chatty  : uid=1000(system) /system/bin/surfaceflinger identical 2 lines
08-03 10:58:20.723   619   619 E HWComposer: getLayerReleaseFence failed for display -1: Invalid display
08-03 10:58:20.724 31076 12068 D wetestService: got buffer, info: size=2989, presentationTimeUs=29560000, offset=0
08-03 10:58:20.755   619   619 E HWComposer: getLayerReleaseFence failed for display -1: Invalid display
08-03 10:58:20.755   619   619 I chatty  : uid=1000(system) /system/bin/surfaceflinger identical 2 lines
08-03 10:58:20.755   619   619 E HWComposer: getLayerReleaseFence failed for display -1: Invalid display
08-03 10:58:20.765 31076 12068 D ---     : send:2989	flag:0
08-03 10:58:20.768 31076 12068 D wetestService: got buffer, info: size=3424, presentationTimeUs=29600000, offset=0
08-03 10:58:20.788   619   619 E HWComposer: getLayerReleaseFence failed for display -1: Invalid display
08-03 10:58:20.788   619   619 I chatty  : uid=1000(system) /system/bin/surfaceflinger identical 2 lines
08-03 10:58:20.788   619   619 E HWComposer: getLayerReleaseFence failed for display -1: Invalid display
08-03 10:58:20.809 31076 12068 D ---     : send:3424	flag:0
08-03 10:58:20.812 31076 12068 D wetestService: got buffer, info: size=103244, presentationTimeUs=29640000, offset=0
08-03 10:58:20.839   619   619 E HWComposer: getLayerReleaseFence failed for display -1: Invalid display
08-03 10:58:20.839   619   619 I chatty  : uid=1000(system) /system/bin/surfaceflinger identical 2 lines
08-03 10:58:20.840   619   619 E HWComposer: getLayerReleaseFence failed for display -1: Invalid display
08-03 10:58:20.854 31076 12068 D ---     : send:103244	flag:1
08-03 10:58:20.859 31076 12068 D wetestService: got buffer, info: size=5326, presentationTimeUs=29680000, offset=0
08-03 10:58:20.874   619   619 E HWComposer: getLayerReleaseFence failed for display -1: Invalid display
08-03 10:58:20.874   619   619 I chatty  : uid=1000(system) /system/bin/surfaceflinger identical 2 lines
08-03 10:58:20.874   619   619 E HWComposer: getLayerReleaseFence failed for display -1: Invalid display
08-03 10:58:20.884   742   833 I ThermalEngine: vs_get_temperature: read[0] tsens_tz_sensor13 45000 mC, weight[0] 1
08-03 10:58:20.884   742   833 I ThermalEngine: vs_get_temperature: read[1] tsens_tz_sensor0 47000 mC, weight[1] -1
08-03 10:58:20.901 31076 12068 D ---     : send:5326	flag:0
08-03 10:58:20.905 31076 12068 D wetestService: got buffer, info: size=3610, presentationTimeUs=29720000, offset=0
08-03 10:58:20.923   619   619 E HWComposer: getLayerReleaseFence failed for display -1: Invalid display
08-03 10:58:20.923   619   619 I chatty  : uid=1000(system) /system/bin/surfaceflinger identical 2 lines
