08-03 10:57:55.623   619   619 E HWComposer: getLayerReleaseFence failed for display -1: Invalid display
08-03 10:57:55.623   619   619 I chatty  : uid=1000(system) /system/bin/surfaceflinger identical 2 lines
08-03 10:57:55.623   619   619 E HWComposer: getLayerReleaseFence failed for display -1: Invalid display
08-03 10:57:55.625 31076 12068 D ---     : send:3161	flag:0
08-03 10:57:55.628 31076 12068 D wetestService: got buffer, info: size=1397, presentationTimeUs=7800000, offset=0
08-03 10:57:55.657   619   619 E HWComposer: getLayerReleaseFence failed for display -1: Invalid display
08-03 10:57:55.657   619   619 I chatty  : uid=1000(system) /system/bin/surfaceflinger identical 2 lines
08-03 10:57:55.657   619   619 E HWComposer: getLayerReleaseFence failed for display -1: Invalid display
08-03 10:57:55.669 31076 12068 D ---     : send:1397	flag:0
08-03 10:57:55.671 31076 12068 D wetestService: got buffer, info: size=3230, presentationTimeUs=7840000, offset=0
08-03 10:57:55.707   619   619 E HWComposer: getLayerReleaseFence failed for display -1: Invalid display
08-03 10:57:55.708   619   619 I chatty  : uid=1000(system) /system/bin/surfaceflinger identical 2 lines
08-03 10:57:55.708   619   619 E HWComposer: getLayerReleaseFence failed for display -1: Invalid display
08-03 10:57:55.712 31076 12068 D ---     : send:3230	flag:0
08-03 10:57:55.714 31076 12068 D wetestService: got buffer, info: size=2604, presentationTimeUs=7880000, offset=0
08-03 10:57:55.742   619   619 E HWComposer: getLayerReleaseFence failed for display -1: Invalid display
08-03 10:57:55.742   619   619 I chatty  : uid=1000(system) /system/bin/surfaceflinger identical 2 lines
08-03 10:57:55.742   619   619 E HWComposer: getLayerReleaseFence failed for display -1: Invalid display
08-03 10:57:55.755 31076 12068 D ---     : send:2604	flag:0
08-03 10:57:55.757 31076 12068 D wetestService: got buffer, info: size=3770, presentationTimeUs=7920000, offset=0
08-03 10:57:55.792   619   619 E HWComposer: getLayerReleaseFence failed for display -1: Invalid display
08-03 10:57:55.792   619   619 I chatty  : uid=1000(system) /system/bin/surfaceflinger identical 2 lines
08-03 10:57:55.792   619   619 E HWComposer: getLayerReleaseFence failed for display -1: Invalid display
08-03 10:57:55.798 31076 12068 D ---     : send:3770	flag:0
08-03 10:57:55.802 31076 12068 D wetestService: got buffer, info: size=3037, presentationTimeUs=7960000, offset=0
08-03 10:57:55.826   619   619 E HWComposer: getLayerReleaseFence failed for display -1: Invalid display
08-03 10:57:55.826   619   619 I chatty  : uid=1000(system) /system/bin/surfaceflinger identical 2 lines
08-03 10:57:55.826   619   619 E HWComposer: getLayerReleaseFence failed for display -1: Invalid display
08-03 10:57:55.843 31076 12068 D ---     : send:3037	flag:0
08-03 10:57:55.845 31076 12068 D wetestService: got buffer, info: size=1415, presentationTimeUs=8000000, offset=0
08-03 10:57:55.846   742   833 I ThermalEngine: vs_get_temperature: read[0] tsens_tz_sensor13 46000 mC, weight[0] 1
08-03 10:57:55.846   742   833 I ThermalEngine: vs_get_temperature: read[1] tsens_tz_sensor0 47000 mC, weight[1] -1
08-03 10:57:55.876   619   619 E HWComposer: getLayerReleaseFence failed for display -1: Invalid display
08-03 10:57:55.876   619   619 I chatty  : uid=1000(system) /system/bin/surfaceflinger identical 2 lines
08-03 10:57:55.876   619   619 E HWComposer: getLayerReleaseFence failed for display -1: Invalid display
08-03 10:57:55.886 31076 12068 D ---     : send:1415	flag:0
08-03 10:57:55.890 31076 12068 D wetestService: got buffer, info: size=103190, presentationTimeUs=8040000, offset=0
08-03 10:57:55.909   619   619 E HWComposer: getLayerReleaseFence failed for display -1: Invalid display
08-03 10:57:55.910   619   619 I chatty  : uid=1000(system) /system/bin/surfaceflinger identical 2 lines
08-03 10:57:55.910   619   619 E HWComposer: getLayerReleaseFence failed for display -1: Invalid display
08-03 10:57:55.931 31076 12068 D ---     : send:103190	flag:1
08-03 10:57:55.932  5519  5519 E adbd    : failed to connect to socket 'tcp:9008': Connection refused
08-03 10:57:55.933  5519  5519 E adbd    : failed to connect to socket 'tcp:9008': Connection refused
08-03 10:57:55.933 31076 12068 D wetestService: got buffer, info: size=4853, presentationTimeUs=8080000, offset=0
08-03 10:57:55.961   619   619 E HWComposer: getLayerReleaseFence failed for display -1: Invalid display
08-03 10:57:55.961   619   619 I chatty  : uid=1000(system) /system/bin/surfaceflinger identical 2 lines
08-03 10:57:55.961   619   619 E HWComposer: getLayerReleaseFence failed for display -1: Invalid display
08-03 10:57:55.974 31076 12068 D ---     : send:4853	flag:0
08-03 10:57:55.976 31076 12068 D wetestService: got buffer, info: size=3789, presentationTimeUs=8120000, offset=0
08-03 10:57:55.994   619   619 E HWComposer: getLayerReleaseFence failed for display -1: Invalid display
08-03 10:57:55.994   619   619 I chatty  : uid=1000(system) /system/bin/surfaceflinger identical 2 lines
08-03 10:57:55.994   619   619 E HWComposer: getLayerReleaseFence failed for display -1: Invalid display
08-03 10:57:56.017 31076 12068 D ---     : send:3789	flag:0
08-03 10:57:56.021 31076 12068 D wetestService: got buffer, info: size=3453, presentationTimeUs=8160000, offset=0
08-03 10:57:56.044   619   619 E HWComposer: getLayerReleaseFence failed for display -1: Invalid display
08-03 10:57:56.044   619   619 I chatty  : uid=1000(system) /system/bin/surfaceflinger identical 2 lines
08-03 10:57:56.044   619   619 E HWComposer: getLayerReleaseFence failed for display -1: Invalid display
08-03 10:57:56.063 31076 12068 D ---     : send:3453	flag:0
08-03 10:57:56.066 31076 12068 D wetestService: got buffer, info: size=3027, presentationTimeUs=8200000, offset=0
08-03 10:57:56.078   619   619 E HWComposer: getLayerReleaseFence failed for display -1: Invalid display
08-03 10:57:56.078   619   619 I chatty  : uid=1000(system) /system/bin/surfaceflinger identical 2 lines
08-03 10:57:56.078   619   619 E HWComposer: getLayerReleaseFence failed for display -1: Invalid display
08-03 10:57:56.107 31076 12068 D ---     : send:3027	flag:0
08-03 10:57:56.109 31076 12068 D wetestService: got buffer, info: size=1322, presentationTimeUs=8240000, offset=0
08-03 10:57:56.128   619   619 E HWComposer: getLayerReleaseFence failed for display -1: Invalid display
08-03 10:57:56.128   619   619 I chatty  : uid=1000(system) /system/bin/surfaceflinger identical 2 lines
08-03 10:57:56.128   619   619 E HWComposer: getLayerReleaseFence failed for display -1: Invalid display
08-03 10:57:56.150 31076 12068 D ---     : send:1322	flag:0
08-03 10:57:56.153 31076 12068 D wetestService: got buffer, info: size=3064, presentationTimeUs=8280000, offset=0
08-03 10:57:56.163   619   619 E HWComposer: getLayerReleaseFence failed for display -1: Invalid display
08-03 10:57:56.163   619   619 I chatty  : uid=1000(system) /system/bin/surfaceflinger identical 2 lines
08-03 10:57:56.163   619   619 E HWComposer: getLayerReleaseFence failed for display -1: Invalid display
08-03 10:57:56.194 31076 12068 D ---     : send:3064	flag:0
08-03 10:57:56.196 31076 12068 D wetestService: got buffer, info: size=2793, presentationTimeUs=8320000, offset=0
08-03 10:57:56.214   619   619 E HWComposer: getLayerReleaseFence failed for display -1: Invalid display
08-03 10:57:56.214   619   619 I chatty  : uid=1000(system) /system/bin/surfaceflinger identical 2 lines
08-03 10:57:56.214   619   619 E HWComposer: getLayerReleaseFence failed for display -1: Invalid display
08-03 10:57:56.237 31076 12068 D ---     : send:2793	flag:0
08-03 10:57:56.240 31076 12068 D wetestService: got buffer, info: size=3139, presentationTimeUs=8360000, offset=0
08-03 10:57:56.247   619   619 E HWComposer: getLayerReleaseFence failed for display -1: Invalid display
08-03 10:57:56.247   619   619 I chatty  : uid=1000(system) /system/bin/surfaceflinger identical 2 lines
08-03 10:57:56.247   619   619 E HWComposer: getLayerReleaseFence failed for display -1: Invalid display
08-03 10:57:56.281 31076 12068 D ---     : send:3139	flag:0
08-03 10:57:56.286 31076 12068 D wetestService: got buffer, info: size=2961, presentationTimeUs=8400000, offset=0
08-03 10:57:56.298   619   619 E HWComposer: getLayerReleaseFence failed for display -1: Invalid display
08-03 10:57:56.298   619   619 I chatty  : uid=1000(system) /system/bin/surfaceflinger identical 2 lines
08-03 10:57:56.298   619   619 E HWComposer: getLayerReleaseFence failed for display -1: Invalid display
08-03 10:57:56.327 31076 12068 D ---     : send:2961	flag:0
08-03 10:57:56.332   619   619 E HWComposer: getLayerReleaseFence failed for display -1: Invalid display
08-03 10:57:56.332   619   619 I chatty  : uid=1000(system) /system/bin/surfaceflinger identical 2 lines
08-03 10:57:56.332   619   619 E HWComposer: getLayerReleaseFence failed for display -1: Invalid display
08-03 10:57:56.332 31076 12068 D wetestService: got buffer, info: size=1312, presentationTimeUs=8440000, offset=0
08-03 10:57:56.365   619   619 E HWComposer: getLayerReleaseFence failed for display -1: Invalid display
08-03 10:57:56.365   619   619 I chatty  : uid=1000(system) /system/bin/surfaceflinger identical 2 lines
08-03 10:57:56.365   619   619 E HWComposer: getLayerReleaseFence failed for display -1: Invalid display
08-03 10:57:56.373 31076 12068 D ---     : send:1312	flag:0
08-03 10:57:56.378 31076 12068 D wetestService: got buffer, info: size=3045, presentationTimeUs=8480000, offset=0
08-03 10:57:56.416   619   619 E HWComposer: getLayerReleaseFence failed for display -1: Invalid display
08-03 10:57:56.416   619   619 I chatty  : uid=1000(system) /system/bin/surfaceflinger identical 2 lines
08-03 10:57:56.416   619   619 E HWComposer: getLayerReleaseFence failed for display -1: Invalid display
08-03 10:57:56.419 31076 12068 D ---     : send:3045	flag:0
08-03 10:57:56.424 31076 12068 D wetestService: got buffer, info: size=2837, presentationTimeUs=8520000, offset=0
08-03 10:57:56.447   619   619 E HWComposer: getLayerReleaseFence failed for display -1: Invalid display
08-03 10:57:56.447   619   619 I chatty  : uid=1000(system) /system/bin/surfaceflinger identical 2 lines
08-03 10:57:56.447   619   619 E HWComposer: getLayerReleaseFence failed for display -1: Invalid display
08-03 10:57:56.465 31076 12068 D ---     : send:2837	flag:0
08-03 10:57:56.468 31076 12068 D wetestService: got buffer, info: size=3129, presentationTimeUs=8560000, offset=0
08-03 10:57:56.500   619   619 E HWComposer: getLayerReleaseFence failed for display -1: Invalid display
08-03 10:57:56.501   619   619 I chatty  : uid=1000(system) /system/bin/surfaceflinger identical 2 lines
08-03 10:57:56.501   619   619 E HWComposer: getLayerReleaseFence failed for display -1: Invalid display
08-03 10:57:56.509 31076 12068 D ---     : send:3129	flag:0
08-03 10:57:56.512 31076 12068 D wetestService: got buffer, info: size=3246, presentationTimeUs=8600000, offset=0
08-03 10:57:56.533   619   619 E HWComposer: getLayerReleaseFence failed for display -1: Invalid display
08-03 10:57:56.533   619   619 I chatty  : uid=1000(system) /system/bin/surfaceflinger identical 2 lines
08-03 10:57:56.533   619   619 E HWComposer: getLayerReleaseFence failed for display -1: Invalid display
08-03 10:57:56.553 31076 12068 D ---     : send:3246	flag:0
08-03 10:57:56.557 31076 12068 D wetestService: got buffer, info: size=3102, presentationTimeUs=8640000, offset=0
08-03 10:57:56.583   619   619 E HWComposer: getLayerReleaseFence failed for display -1: Invalid display
08-03 10:57:56.583   619   619 I chatty  : uid=1000(system) /system/bin/surfaceflinger identical 2 lines
08-03 10:57:56.584   619   619 E HWComposer: getLayerReleaseFence failed for display -1: Invalid display
08-03 10:57:56.600 31076 12068 D ---     : send:3102	flag:0
08-03 10:57:56.606 31076 12068 D wetestService: got buffer, info: size=3224, presentationTimeUs=8680000, offset=0
08-03 10:57:56.617   619   619 E HWComposer: getLayerReleaseFence failed for display -1: Invalid display
08-03 10:57:56.617   619   619 I chatty  : uid=1000(system) /system/bin/surfaceflinger identical 2 lines
08-03 10:57:56.617   619   619 E HWComposer: getLayerReleaseFence failed for display -1: Invalid display
08-03 10:57:56.648 31076 12068 D ---     : send:3224	flag:0
08-03 10:57:56.652 31076 12068 D wetestService: got buffer, info: size=2652, presentationTimeUs=8720000, offset=0
08-03 10:57:56.668   619   619 E HWComposer: getLayerReleaseFence failed for display -1: Invalid display
08-03 10:57:56.668   619   619 I chatty  : uid=1000(system) /system/bin/surfaceflinger identical 2 lines
08-03 10:57:56.668   619   619 E HWComposer: getLayerReleaseFence failed for display -1: Invalid display
08-03 10:57:56.694 31076 12068 D ---     : send:2652	flag:0
08-03 10:57:56.696 31076 12068 D wetestService: got buffer, info: size=3343, presentationTimeUs=8760000, offset=0
08-03 10:57:56.702   619   619 E HWComposer: getLayerReleaseFence failed for display -1: Invalid display
08-03 10:57:56.702   619   619 I chatty  : uid=1000(system) /system/bin/surfaceflinger identical 2 lines
08-03 10:57:56.702   619   619 E HWComposer: getLayerReleaseFence failed for display -1: Invalid display
08-03 10:57:56.738 31076 12068 D ---     : send:3343	flag:0
08-03 10:57:56.740 31076 12068 D wetestService: got buffer, info: size=3192, presentationTimeUs=8800000, offset=0
08-03 10:57:56.752   619   619 E HWComposer: getLayerReleaseFence failed for display -1: Invalid display
08-03 10:57:56.752   619   619 I chatty  : uid=1000(system) /system/bin/surfaceflinger identical 2 lines
08-03 10:57:56.752   619   619 E HWComposer: getLayerReleaseFence failed for display -1: Invalid display
08-03 10:57:56.781 31076 12068 D ---     : send:3192	flag:0
08-03 10:57:56.784 31076 12068 D wetestService: got buffer, info: size=103221, presentationTimeUs=8840000, offset=0
08-03 10:57:56.786   619   619 E HWComposer: getLayerReleaseFence failed for display -1: Invalid display
08-03 10:57:56.818   619   619 I chatty  : uid=1000(system) /system/bin/surfaceflinger identical 6 lines
08-03 10:57:56.818   619   619 E HWComposer: getLayerReleaseFence failed for display -1: Invalid display
08-03 10:57:56.825 31076 12068 D ---     : send:103221	flag:1
08-03 10:57:56.828 31076 12068 D wetestService: got buffer, info: size=2940, presentationTimeUs=8880000, offset=0
08-03 10:57:56.848   742   833 I ThermalEngine: vs_get_temperature: read[0] tsens_tz_sensor13 46000 mC, weight[0] 1
08-03 10:57:56.848   742   833 I ThermalEngine: vs_get_temperature: read[1] tsens_tz_sensor0 47000 mC, weight[1] -1
08-03 10:57:56.867  1813  1813 E QtiImsExtUtils: getConfigForPhoneId phoneId is invalid
08-03 10:57:56.867  1813  1813 E QtiImsExtUtils: isCarrierConfigEnabled bundle is null
08-03 10:57:56.869 31076 12068 D ---     : send:2940	flag:0
08-03 10:57:56.871   619   619 E HWComposer: getLayerReleaseFence failed for display -1: Invalid display
08-03 10:57:56.871   619   619 I chatty  : uid=1000(system) /system/bin/surfaceflinger identical 2 lines
08-03 10:57:56.871   619   619 E HWComposer: getLayerReleaseFence failed for display -1: Invalid display
08-03 10:57:56.873 31076 12068 D wetestService: got buffer, info: size=2930, presentationTimeUs=8920000, offset=0
08-03 10:57:56.900   619   619 E HWComposer: getLayerReleaseFence failed for display -1: Invalid display
08-03 10:57:56.900   619   619 I chatty  : uid=1000(system) /system/bin/surfaceflinger identical 2 lines
08-03 10:57:56.900   619   619 E HWComposer: getLayerReleaseFence failed for display -1: Invalid display
08-03 10:57:56.915 31076 12068 D ---     : send:2930	flag:0
08-03 10:57:56.917   619   619 E HWComposer: getLayerReleaseFence failed for display -1: Invalid display
08-03 10:57:56.917   619   619 I chatty  : uid=1000(system) /system/bin/surfaceflinger identical 2 lines
08-03 10:57:56.917   619   619 E HWComposer: getLayerReleaseFence failed for display -1: Invalid display
08-03 10:57:56.919 31076 12068 D wetestService: got buffer, info: size=3350, presentationTimeUs=8960000, offset=0
08-03 10:57:56.951   619   619 E HWComposer: getLayerReleaseFence failed for display -1: Invalid display
08-03 10:57:56.951   619   619 I chatty  : uid=1000(system) /system/bin/surfaceflinger identical 2 lines
08-03 10:57:56.951   619   619 E HWComposer: getLayerReleaseFence failed for display -1: Invalid display
08-03 10:57:56.960 31076 12068 D ---     : send:3350	flag:0
08-03 10:57:56.963 31076 12068 D wetestService: got buffer, info: size=3312, presentationTimeUs=9000000, offset=0
08-03 10:57:56.968  5519  5519 E adbd    : failed to connect to socket 'tcp:9008': Connection refused
08-03 10:57:56.969  5519  5519 E adbd    : failed to connect to socket 'tcp:9008': Connection refused
08-03 10:57:56.987   619   619 E HWComposer: getLayerReleaseFence failed for display -1: Invalid display
08-03 10:57:56.987   619   619 I chatty  : uid=1000(system) /system/bin/surfaceflinger identical 2 lines
08-03 10:57:56.987   619   619 E HWComposer: getLayerReleaseFence failed for display -1: Invalid display
08-03 10:57:57.005 31076 12068 D ---     : send:3312	flag:0
08-03 10:57:57.007 31076 12068 D wetestService: got buffer, info: size=3427, presentationTimeUs=9040000, offset=0
08-03 10:57:57.037   619   619 E HWComposer: getLayerReleaseFence failed for display -1: Invalid display
08-03 10:57:57.038   619   619 I chatty  : uid=1000(system) /system/bin/surfaceflinger identical 2 lines
08-03 10:57:57.038   619   619 E HWComposer: getLayerReleaseFence failed for display -1: Invalid display
08-03 10:57:57.049 31076 12068 D ---     : send:3427	flag:0
08-03 10:57:57.052 31076 12068 D wetestService: got buffer, info: size=1314, presentationTimeUs=9080000, offset=0
08-03 10:57:57.071   619   619 E HWComposer: getLayerReleaseFence failed for display -1: Invalid display
08-03 10:57:57.071   619   619 I chatty  : uid=1000(system) /system/bin/surfaceflinger identical 2 lines
08-03 10:57:57.071   619   619 E HWComposer: getLayerReleaseFence failed for display -1: Invalid display
08-03 10:57:57.096 31076 12068 D ---     : send:1314	flag:0
08-03 10:57:57.101 31076 12068 D wetestService: got buffer, info: size=3307, presentationTimeUs=9120000, offset=0
08-03 10:57:57.122   619   619 E HWComposer: getLayerReleaseFence failed for display -1: Invalid display
08-03 10:57:57.122   619   619 I chatty  : uid=1000(system) /system/bin/surfaceflinger identical 2 lines
08-03 10:57:57.122   619   619 E HWComposer: getLayerReleaseFence failed for display -1: Invalid display
08-03 10:57:57.143 31076 12068 D ---     : send:3307	flag:0
08-03 10:57:57.148 31076 12068 D wetestService: got buffer, info: size=3389, presentationTimeUs=9160000, offset=0
08-03 10:57:57.155   619   619 E HWComposer: getLayerReleaseFence failed for display -1: Invalid display
08-03 10:57:57.155   619   619 I chatty  : uid=1000(system) /system/bin/surfaceflinger identical 2 lines
08-03 10:57:57.155   619   619 E HWComposer: getLayerReleaseFence failed for display -1: Invalid display
08-03 10:57:57.189 31076 12068 D ---     : send:3389	flag:0
08-03 10:57:57.195 31076 12068 D wetestService: got buffer, info: size=2997, presentationTimeUs=9200000, offset=0
08-03 10:57:57.206   619   619 E HWComposer: getLayerReleaseFence failed for display -1: Invalid display
08-03 10:57:57.206   619   619 I chatty  : uid=1000(system) /system/bin/surfaceflinger identical 2 lines
08-03 10:57:57.206   619   619 E HWComposer: getLayerReleaseFence failed for display -1: Invalid display
08-03 10:57:57.237 31076 12068 D ---     : send:2997	flag:0
08-03 10:57:57.241   619   619 E HWComposer: getLayerReleaseFence failed for display -1: Invalid display
08-03 10:57:57.241   619   619 I chatty  : uid=1000(system) /system/bin/surfaceflinger identical 2 lines
08-03 10:57:57.241   619   619 E HWComposer: getLayerReleaseFence failed for display -1: Invalid display
08-03 10:57:57.243 31076 12068 D wetestService: got buffer, info: size=3585, presentationTimeUs=9240000, offset=0
08-03 10:57:57.284 31076 12068 D ---     : send:3585	flag:0
08-03 10:57:57.290 31076 12068 D wetestService: got buffer, info: size=1317, presentationTimeUs=9280000, offset=0
08-03 10:57:57.290   619   619 E HWComposer: getLayerReleaseFence failed for display -1: Invalid display
08-03 10:57:57.323   619   619 I chatty  : uid=1000(system) /system/bin/surfaceflinger identical 6 lines
08-03 10:57:57.323   619   619 E HWComposer: getLayerReleaseFence failed for display -1: Invalid display
08-03 10:57:57.332 31076 12068 D ---     : send:1317	flag:0
08-03 10:57:57.338 31076 12068 D wetestService: got buffer, info: size=2933, presentationTimeUs=9320000, offset=0
08-03 10:57:57.357   619   619 E HWComposer: getLayerReleaseFence failed for display -1: Invalid display
08-03 10:57:57.357   619   619 I chatty  : uid=1000(system) /system/bin/surfaceflinger identical 2 lines
08-03 10:57:57.357   619   619 E HWComposer: getLayerReleaseFence failed for display -1: Invalid display
08-03 10:57:57.380 31076 12068 D ---     : send:2933	flag:0
08-03 10:57:57.386 31076 12068 D wetestService: got buffer, info: size=3317, presentationTimeUs=9360000, offset=0
08-03 10:57:57.408   619   619 E HWComposer: getLayerReleaseFence failed for display -1: Invalid display
08-03 10:57:57.408   619   619 I chatty  : uid=1000(system) /system/bin/surfaceflinger identical 2 lines
08-03 10:57:57.408   619   619 E HWComposer: getLayerReleaseFence failed for display -1: Invalid display
08-03 10:57:57.429 31076 12068 D ---     : send:3317	flag:0
08-03 10:57:57.435 31076 12068 D wetestService: got buffer, info: size=3298, presentationTimeUs=9400000, offset=0
08-03 10:57:57.441   619   619 E HWComposer: getLayerReleaseFence failed for display -1: Invalid display
08-03 10:57:57.441   619   619 I chatty  : uid=1000(system) /system/bin/surfaceflinger identical 2 lines
08-03 10:57:57.441   619   619 E HWComposer: getLayerReleaseFence failed for display -1: Invalid display
08-03 10:57:57.477 31076 12068 D ---     : send:3298	flag:0
08-03 10:57:57.482 31076 12068 D wetestService: got buffer, info: size=3010, presentationTimeUs=9440000, offset=0
08-03 10:57:57.493   619   619 E HWComposer: getLayerReleaseFence failed for display -1: Invalid display
08-03 10:57:57.493   619   619 I chatty  : uid=1000(system) /system/bin/surfaceflinger identical 2 lines
08-03 10:57:57.493   619   619 E HWComposer: getLayerReleaseFence failed for display -1: Invalid display
08-03 10:57:57.524 31076 12068 D ---     : send:3010	flag:0
08-03 10:57:57.526   619   619 E HWComposer: getLayerReleaseFence failed for display -1: Invalid display
08-03 10:57:57.526   619   619 I chatty  : uid=1000(system) /system/bin/surfaceflinger identical 2 lines
08-03 10:57:57.526   619   619 E HWComposer: getLayerReleaseFence failed for display -1: Invalid display
08-03 10:57:57.530 31076 12068 D wetestService: got buffer, info: size=3339, presentationTimeUs=9480000, offset=0
08-03 10:57:57.572 31076 12068 D ---     : send:3339	flag:0
08-03 10:57:57.577   619   619 E HWComposer: getLayerReleaseFence failed for display -1: Invalid display
08-03 10:57:57.577   619   619 I chatty  : uid=1000(system) /system/bin/surfaceflinger identical 2 lines
08-03 10:57:57.577   619   619 E HWComposer: getLayerReleaseFence failed for display -1: Invalid display
08-03 10:57:57.577 31076 12068 D wetestService: got buffer, info: size=2980, presentationTimeUs=9520000, offset=0
08-03 10:57:57.609   619   619 E HWComposer: getLayerReleaseFence failed for display -1: Invalid display
08-03 10:57:57.609   619   619 I chatty  : uid=1000(system) /system/bin/surfaceflinger identical 2 lines
08-03 10:57:57.609   619   619 E HWComposer: getLayerReleaseFence failed for display -1: Invalid display
08-03 10:57:57.620 31076 12068 D ---     : send:2980	flag:0
08-03 10:57:57.623 31076 12068 D wetestService: got buffer, info: size=3580, presentationTimeUs=9560000, offset=0
08-03 10:57:57.660   619   619 E HWComposer: getLayerReleaseFence failed for display -1: Invalid display
08-03 10:57:57.660   619   619 I chatty  : uid=1000(system) /system/bin/surfaceflinger identical 2 lines
08-03 10:57:57.660   619   619 E HWComposer: getLayerReleaseFence failed for display -1: Invalid display
08-03 10:57:57.665 31076 12068 D ---     : send:3580	flag:0
08-03 10:57:57.668 31076 12068 D wetestService: got buffer, info: size=3408, presentationTimeUs=9600000, offset=0
08-03 10:57:57.694   619   619 E HWComposer: getLayerReleaseFence failed for display -1: Invalid display
08-03 10:57:57.694   619   619 I chatty  : uid=1000(system) /system/bin/surfaceflinger identical 2 lines
08-03 10:57:57.694   619   619 E HWComposer: getLayerReleaseFence failed for display -1: Invalid display
08-03 10:57:57.709 31076 12068 D ---     : send:3408	flag:0
08-03 10:57:57.713 31076 12068 D wetestService: got buffer, info: size=103339, presentationTimeUs=9640000, offset=0
08-03 10:57:57.727   619   619 E HWComposer: getLayerReleaseFence failed for display -1: Invalid display
08-03 10:57:57.728   619   619 I chatty  : uid=1000(system) /system/bin/surfaceflinger identical 2 lines
08-03 10:57:57.728   619   619 E HWComposer: getLayerReleaseFence failed for display -1: Invalid display
08-03 10:57:57.755 31076 12068 D ---     : send:103339	flag:1
08-03 10:57:57.761 31076 12068 D wetestService: got buffer, info: size=2901, presentationTimeUs=9680000, offset=0
08-03 10:57:57.778   619   619 E HWComposer: getLayerReleaseFence failed for display -1: Invalid display
08-03 10:57:57.778   619   619 I chatty  : uid=1000(system) /system/bin/surfaceflinger identical 2 lines
08-03 10:57:57.778   619   619 E HWComposer: getLayerReleaseFence failed for display -1: Invalid display
08-03 10:57:57.803 31076 12068 D ---     : send:2901	flag:0
08-03 10:57:57.808 31076 12068 D wetestService: got buffer, info: size=3683, presentationTimeUs=9720000, offset=0
08-03 10:57:57.811   619   619 E HWComposer: getLayerReleaseFence failed for display -1: Invalid display
08-03 10:57:57.811   619   619 I chatty  : uid=1000(system) /system/bin/surfaceflinger identical 2 lines
08-03 10:57:57.811   619   619 E HWComposer: getLayerReleaseFence failed for display -1: Invalid display
08-03 10:57:57.849   742   833 I ThermalEngine: vs_get_temperature: read[0] tsens_tz_sensor13 45000 mC, weight[0] 1
08-03 10:57:57.849   742   833 I ThermalEngine: vs_get_temperature: read[1] tsens_tz_sensor0 47000 mC, weight[1] -1
08-03 10:57:57.849 31076 12068 D ---     : send:3683	flag:0
08-03 10:57:57.853 31076 12068 D wetestService: got buffer, info: size=3244, presentationTimeUs=9760000, offset=0
08-03 10:57:57.862   619   619 E HWComposer: getLayerReleaseFence failed for display -1: Invalid display
08-03 10:57:57.862   619   619 I chatty  : uid=1000(system) /system/bin/surfaceflinger identical 2 lines
08-03 10:57:57.862   619   619 E HWComposer: getLayerReleaseFence failed for display -1: Invalid display
08-03 10:57:57.883  1171 12087 D NetworkMonitor/NetworkAgentInfo [WIFI () - 151]: PROBE_FALLBACK http://www.google.com/gen_204 Probe failed with exception java.net.ConnectException: Failed to connect to /2404:6800:4005:804::2004:80
08-03 10:57:57.883  1171  1459 D ConnectivityService: NetworkAgentInfo [WIFI () - 151] validation failed
08-03 10:57:57.895 31076 12068 D ---     : send:3244	flag:0
08-03 10:57:57.897   619   619 E HWComposer: getLayerReleaseFence failed for display -1: Invalid display
08-03 10:57:57.897   619   619 I chatty  : uid=1000(system) /system/bin/surfaceflinger identical 2 lines
08-03 10:57:57.897   619   619 E HWComposer: getLayerReleaseFence failed for display -1: Invalid display
08-03 10:57:57.900 31076 12068 D wetestService: got buffer, info: size=3512, presentationTimeUs=9800000, offset=0
08-03 10:57:57.944   619   619 E HWComposer: getLayerReleaseFence failed for display -1: Invalid display
08-03 10:57:57.945   619   619 I chatty  : uid=1000(system) /system/bin/surfaceflinger identical 2 lines
08-03 10:57:57.945   619   619 E HWComposer: getLayerReleaseFence failed for display -1: Invalid display
08-03 10:57:57.945 31076 12068 D ---     : send:3512	flag:0
08-03 10:57:57.950 31076 12068 D wetestService: got buffer, info: size=3261, presentationTimeUs=9840000, offset=0
08-03 10:57:57.973 31918 31972 I PlayCommon: [31121] PlayEventLogger.uploadEventsImpl: Preparing logs for uploading
08-03 10:57:57.974 31918 31972 I PlayCommon: [31121] PlayEventLogger.uploadEventsImpl: No file ready to send
08-03 10:57:57.978   619   619 E HWComposer: getLayerReleaseFence failed for display -1: Invalid display
08-03 10:57:57.978   619   619 I chatty  : uid=1000(system) /system/bin/surfaceflinger identical 2 lines
08-03 10:57:57.978   619   619 E HWComposer: getLayerReleaseFence failed for display -1: Invalid display
08-03 10:57:57.992 31076 12068 D ---     : send:3261	flag:0
08-03 10:57:57.995 31076 12068 D wetestService: got buffer, info: size=2958, presentationTimeUs=9880000, offset=0
08-03 10:57:58.009  5519  5519 E adbd    : failed to connect to socket 'tcp:9008': Connection refused
08-03 10:57:58.010  5519  5519 E adbd    : failed to connect to socket 'tcp:9008': Connection refused
08-03 10:57:58.030   619   619 E HWComposer: getLayerReleaseFence failed for display -1: Invalid display
08-03 10:57:58.031   619   619 I chatty  : uid=1000(system) /system/bin/surfaceflinger identical 2 lines
08-03 10:57:58.031   619   619 E HWComposer: getLayerReleaseFence failed for display -1: Invalid display
08-03 10:57:58.036 31076 12068 D ---     : send:2958	flag:0
08-03 10:57:58.041 31076 12068 D wetestService: got buffer, info: size=1628, presentationTimeUs=9920000, offset=0
08-03 10:57:58.063   619   619 E HWComposer: getLayerReleaseFence failed for display -1: Invalid display
08-03 10:57:58.064   619   619 I chatty  : uid=1000(system) /system/bin/surfaceflinger identical 2 lines
08-03 10:57:58.064   619   619 E HWComposer: getLayerReleaseFence failed for display -1: Invalid display
08-03 10:57:58.082 31076 12068 D ---     : send:1628	flag:0
08-03 10:57:58.089 31076 12068 D wetestService: got buffer, info: size=3853, presentationTimeUs=9960000, offset=0
08-03 10:57:58.114   619   619 E HWComposer: getLayerReleaseFence failed for display -1: Invalid display
08-03 10:57:58.115   619   619 I chatty  : uid=1000(system) /system/bin/surfaceflinger identical 2 lines
08-03 10:57:58.115   619   619 E HWComposer: getLayerReleaseFence failed for display -1: Invalid display
08-03 10:57:58.132 31076 12068 D ---     : send:3853	flag:0
08-03 10:57:58.138 31076 12068 D wetestService: got buffer, info: size=3062, presentationTimeUs=10000000, offset=0
08-03 10:57:58.148   619   619 E HWComposer: getLayerReleaseFence failed for display -1: Invalid display
08-03 10:57:58.148   619   619 I chatty  : uid=1000(system) /system/bin/surfaceflinger identical 2 lines
08-03 10:57:58.148   619   619 E HWComposer: getLayerReleaseFence failed for display -1: Invalid display
08-03 10:57:58.180 31076 12068 D ---     : send:3062	flag:0
08-03 10:57:58.183 31076 12068 D wetestService: got buffer, info: size=3462, presentationTimeUs=10040000, offset=0
08-03 10:57:58.198   619   619 E HWComposer: getLayerReleaseFence failed for display -1: Invalid display
08-03 10:57:58.198   619   619 I chatty  : uid=1000(system) /system/bin/surfaceflinger identical 2 lines
08-03 10:57:58.198   619   619 E HWComposer: getLayerReleaseFence failed for display -1: Invalid display
08-03 10:57:58.225 31076 12068 D ---     : send:3462	flag:0
08-03 10:57:58.227 31076 12068 D wetestService: got buffer, info: size=1452, presentationTimeUs=10080000, offset=0
08-03 10:57:58.230   619   619 E HWComposer: getLayerReleaseFence failed for display -1: Invalid display
08-03 10:57:58.230   619   619 I chatty  : uid=1000(system) /system/bin/surfaceflinger identical 2 lines
08-03 10:57:58.230   619   619 E HWComposer: getLayerReleaseFence failed for display -1: Invalid display
08-03 10:57:58.268 31076 12068 D ---     : send:1452	flag:0
08-03 10:57:58.272 31076 12068 D wetestService: got buffer, info: size=2988, presentationTimeUs=10120000, offset=0
08-03 10:57:58.281   619   619 E HWComposer: getLayerReleaseFence failed for display -1: Invalid display
08-03 10:57:58.281   619   619 I chatty  : uid=1000(system) /system/bin/surfaceflinger identical 2 lines
08-03 10:57:58.281   619   619 E HWComposer: getLayerReleaseFence failed for display -1: Invalid display
08-03 10:57:58.314 31076 12068 D ---     : send:2988	flag:0
08-03 10:57:58.316   619   619 E HWComposer: getLayerReleaseFence failed for display -1: Invalid display
08-03 10:57:58.316   619   619 I chatty  : uid=1000(system) /system/bin/surfaceflinger identical 2 lines
08-03 10:57:58.316   619   619 E HWComposer: getLayerReleaseFence failed for display -1: Invalid display
08-03 10:57:58.318 31076 12068 D wetestService: got buffer, info: size=3418, presentationTimeUs=10160000, offset=0
08-03 10:57:58.349   619   619 E HWComposer: getLayerReleaseFence failed for display -1: Invalid display
08-03 10:57:58.349   619   619 I chatty  : uid=1000(system) /system/bin/surfaceflinger identical 2 lines
08-03 10:57:58.349   619   619 E HWComposer: getLayerReleaseFence failed for display -1: Invalid display
08-03 10:57:58.359 31076 12068 D ---     : send:3418	flag:0
08-03 10:57:58.362 31076 12068 D wetestService: got buffer, info: size=3186, presentationTimeUs=10200000, offset=0
08-03 10:57:58.400   619   619 E HWComposer: getLayerReleaseFence failed for display -1: Invalid display
08-03 10:57:58.400   619   619 I chatty  : uid=1000(system) /system/bin/surfaceflinger identical 2 lines
08-03 10:57:58.400   619   619 E HWComposer: getLayerReleaseFence failed for display -1: Invalid display
08-03 10:57:58.403 31076 12068 D ---     : send:3186	flag:0
08-03 10:57:58.407 31076 12068 D wetestService: got buffer, info: size=3684, presentationTimeUs=10240000, offset=0
08-03 10:57:58.433   619   619 E HWComposer: getLayerReleaseFence failed for display -1: Invalid display
08-03 10:57:58.433   619   619 I chatty  : uid=1000(system) /system/bin/surfaceflinger identical 2 lines
08-03 10:57:58.433   619   619 E HWComposer: getLayerReleaseFence failed for display -1: Invalid display
08-03 10:57:58.448 31076 12068 D ---     : send:3684	flag:0
08-03 10:57:58.454 31076 12068 D wetestService: got buffer, info: size=2977, presentationTimeUs=10280000, offset=0
08-03 10:57:58.483   619   619 E HWComposer: getLayerReleaseFence failed for display -1: Invalid display
08-03 10:57:58.484   619   619 I chatty  : uid=1000(system) /system/bin/surfaceflinger identical 2 lines
08-03 10:57:58.484   619   619 E HWComposer: getLayerReleaseFence failed for display -1: Invalid display
08-03 10:57:58.495 31076 12068 D ---     : send:2977	flag:0
08-03 10:57:58.502 31076 12068 D wetestService: got buffer, info: size=3407, presentationTimeUs=10320000, offset=0
08-03 10:57:58.517   619   619 E HWComposer: getLayerReleaseFence failed for display -1: Invalid display
08-03 10:57:58.518   619   619 I chatty  : uid=1000(system) /system/bin/surfaceflinger identical 2 lines
08-03 10:57:58.518   619   619 E HWComposer: getLayerReleaseFence failed for display -1: Invalid display
08-03 10:57:58.544 31076 12068 D ---     : send:3407	flag:0
08-03 10:57:58.551 31076 12068 D wetestService: got buffer, info: size=3502, presentationTimeUs=10360000, offset=0
08-03 10:57:58.569   619   619 E HWComposer: getLayerReleaseFence failed for display -1: Invalid display
08-03 10:57:58.569   619   619 I chatty  : uid=1000(system) /system/bin/surfaceflinger identical 2 lines
08-03 10:57:58.569   619   619 E HWComposer: getLayerReleaseFence failed for display -1: Invalid display
08-03 10:57:58.594 31076 12068 D ---     : send:3502	flag:0
08-03 10:57:58.599 31076 12068 D wetestService: got buffer, info: size=3247, presentationTimeUs=10400000, offset=0
08-03 10:57:58.604   619   619 E HWComposer: getLayerReleaseFence failed for display -1: Invalid display
08-03 10:57:58.604   619   619 I chatty  : uid=1000(system) /system/bin/surfaceflinger identical 2 lines
08-03 10:57:58.604   619   619 E HWComposer: getLayerReleaseFence failed for display -1: Invalid display
08-03 10:57:58.642 31076 12068 D ---     : send:3247	flag:0
08-03 10:57:58.647 31076 12068 D wetestService: got buffer, info: size=103329, presentationTimeUs=10440000, offset=0
08-03 10:57:58.652   619   619 E HWComposer: getLayerReleaseFence failed for display -1: Invalid display
08-03 10:57:58.686   619   619 I chatty  : uid=1000(system) /system/bin/surfaceflinger identical 6 lines
08-03 10:57:58.686   619   619 E HWComposer: getLayerReleaseFence failed for display -1: Invalid display
08-03 10:57:58.690 31076 12068 D ---     : send:103329	flag:1
08-03 10:57:58.695 31076 12068 D wetestService: got buffer, info: size=4567, presentationTimeUs=10480000, offset=0
08-03 10:57:58.737   619   619 E HWComposer: getLayerReleaseFence failed for display -1: Invalid display
08-03 10:57:58.737   619   619 I chatty  : uid=1000(system) /system/bin/surfaceflinger identical 2 lines
08-03 10:57:58.737   619   619 E HWComposer: getLayerReleaseFence failed for display -1: Invalid display
08-03 10:57:58.739 31076 12068 D ---     : send:4567	flag:0
08-03 10:57:58.744 31076 12068 D wetestService: got buffer, info: size=1537, presentationTimeUs=10520000, offset=0
08-03 10:57:58.770   619   619 E HWComposer: getLayerReleaseFence failed for display -1: Invalid display
08-03 10:57:58.770   619   619 I chatty  : uid=1000(system) /system/bin/surfaceflinger identical 2 lines
08-03 10:57:58.770   619   619 E HWComposer: getLayerReleaseFence failed for display -1: Invalid display
08-03 10:57:58.787 31076 12068 D ---     : send:1537	flag:0
08-03 10:57:58.792 31076 12068 D wetestService: got buffer, info: size=3608, presentationTimeUs=10560000, offset=0
08-03 10:57:58.821   619   619 E HWComposer: getLayerReleaseFence failed for display -1: Invalid display
08-03 10:57:58.821   619   619 I chatty  : uid=1000(system) /system/bin/surfaceflinger identical 2 lines
08-03 10:57:58.821   619   619 E HWComposer: getLayerReleaseFence failed for display -1: Invalid display
08-03 10:57:58.835 31076 12068 D ---     : send:3608	flag:0
08-03 10:57:58.840 31076 12068 D wetestService: got buffer, info: size=3325, presentationTimeUs=10600000, offset=0
08-03 10:57:58.850   742   833 I ThermalEngine: vs_get_temperature: read[0] tsens_tz_sensor13 45000 mC, weight[0] 1
08-03 10:57:58.850   742   833 I ThermalEngine: vs_get_temperature: read[1] tsens_tz_sensor0 47000 mC, weight[1] -1
08-03 10:57:58.854   619   619 E HWComposer: getLayerReleaseFence failed for display -1: Invalid display
08-03 10:57:58.854   619   619 I chatty  : uid=1000(system) /system/bin/surfaceflinger identical 2 lines
08-03 10:57:58.854   619   619 E HWComposer: getLayerReleaseFence failed for display -1: Invalid display
08-03 10:57:58.882 31076 12068 D ---     : send:3325	flag:0
08-03 10:57:58.885 31076 12068 D wetestService: got buffer, info: size=3968, presentationTimeUs=10640000, offset=0
08-03 10:57:58.888   619   619 E HWComposer: getLayerReleaseFence failed for display -1: Invalid display
08-03 10:57:58.888   619   619 I chatty  : uid=1000(system) /system/bin/surfaceflinger identical 2 lines
08-03 10:57:58.888   619   619 E HWComposer: getLayerReleaseFence failed for display -1: Invalid display
08-03 10:57:58.926 31076 12068 D ---     : send:3968	flag:0
08-03 10:57:58.929 31076 12068 D wetestService: got buffer, info: size=2879, presentationTimeUs=10680000, offset=0
08-03 10:57:58.939   619   619 E HWComposer: getLayerReleaseFence failed for display -1: Invalid display
08-03 10:57:58.971   619   619 I chatty  : uid=1000(system) /system/bin/surfaceflinger identical 4 lines
08-03 10:57:58.971   619   619 E HWComposer: getLayerReleaseFence failed for display -1: Invalid display
08-03 10:57:58.971 31076 12068 D ---     : send:2879	flag:0
08-03 10:57:58.971   619   619 E HWComposer: getLayerReleaseFence failed for display -1: Invalid display
08-03 10:57:58.971   619   619 E HWComposer: getLayerReleaseFence failed for display -1: Invalid display
08-03 10:57:58.974 31076 12068 D wetestService: got buffer, info: size=1466, presentationTimeUs=10720000, offset=0
08-03 10:57:59.016 31076 12068 D ---     : send:1466	flag:0
08-03 10:57:59.019 31076 12068 D wetestService: got buffer, info: size=3498, presentationTimeUs=10760000, offset=0
08-03 10:57:59.023   619   619 E HWComposer: getLayerReleaseFence failed for display -1: Invalid display
08-03 10:57:59.023   619   619 I chatty  : uid=1000(system) /system/bin/surfaceflinger identical 2 lines
08-03 10:57:59.024   619   619 E HWComposer: getLayerReleaseFence failed for display -1: Invalid display
08-03 10:57:59.044  5519  5519 E adbd    : failed to connect to socket 'tcp:9008': Connection refused
08-03 10:57:59.045  5519  5519 E adbd    : failed to connect to socket 'tcp:9008': Connection refused
08-03 10:57:59.056   619   619 E HWComposer: getLayerReleaseFence failed for display -1: Invalid display
08-03 10:57:59.057   619   619 I chatty  : uid=1000(system) /system/bin/surfaceflinger identical 2 lines
08-03 10:57:59.057   619   619 E HWComposer: getLayerReleaseFence failed for display -1: Invalid display
08-03 10:57:59.061 31076 12068 D ---     : send:3498	flag:0
08-03 10:57:59.064 31076 12068 D wetestService: got buffer, info: size=3238, presentationTimeUs=10800000, offset=0
08-03 10:57:59.106 31076 12068 D ---     : send:3238	flag:0
08-03 10:57:59.106   619   619 E HWComposer: getLayerReleaseFence failed for display -1: Invalid display
08-03 10:57:59.107   619   619 I chatty  : uid=1000(system) /system/bin/surfaceflinger identical 2 lines
08-03 10:57:59.107   619   619 E HWComposer: getLayerReleaseFence failed for display -1: Invalid display
08-03 10:57:59.110 31076 12068 D wetestService: got buffer, info: size=3595, presentationTimeUs=10840000, offset=0
08-03 10:57:59.140   619   619 E HWComposer: getLayerReleaseFence failed for display -1: Invalid display
08-03 10:57:59.140   619   619 I chatty  : uid=1000(system) /system/bin/surfaceflinger identical 2 lines
08-03 10:57:59.140   619   619 E HWComposer: getLayerReleaseFence failed for display -1: Invalid display
08-03 10:57:59.152 31076 12068 D ---     : send:3595	flag:0
08-03 10:57:59.155 31076 12068 D wetestService: got buffer, info: size=3873, presentationTimeUs=10880000, offset=0
08-03 10:57:59.191   619   619 E HWComposer: getLayerReleaseFence failed for display -1: Invalid display
08-03 10:57:59.192   619   619 I chatty  : uid=1000(system) /system/bin/surfaceflinger identical 2 lines
08-03 10:57:59.192   619   619 E HWComposer: getLayerReleaseFence failed for display -1: Invalid display
08-03 10:57:59.196 31076 12068 D ---     : send:3873	flag:0
08-03 10:57:59.199 31076 12068 D wetestService: got buffer, info: size=1416, presentationTimeUs=10920000, offset=0
08-03 10:57:59.224   619   619 E HWComposer: getLayerReleaseFence failed for display -1: Invalid display
08-03 10:57:59.224   619   619 I chatty  : uid=1000(system) /system/bin/surfaceflinger identical 2 lines
08-03 10:57:59.224   619   619 E HWComposer: getLayerReleaseFence failed for display -1: Invalid display
08-03 10:57:59.241 31076 12068 D ---     : send:1416	flag:0
08-03 10:57:59.246 31076 12068 D wetestService: got buffer, info: size=3338, presentationTimeUs=10960000, offset=0
08-03 10:57:59.275   619   619 E HWComposer: getLayerReleaseFence failed for display -1: Invalid display
08-03 10:57:59.275   619   619 I chatty  : uid=1000(system) /system/bin/surfaceflinger identical 2 lines
08-03 10:57:59.275   619   619 E HWComposer: getLayerReleaseFence failed for display -1: Invalid display
08-03 10:57:59.290 31076 12068 D ---     : send:3338	flag:0
08-03 10:57:59.295 31076 12068 D wetestService: got buffer, info: size=3485, presentationTimeUs=11000000, offset=0
08-03 10:57:59.309   619   619 E HWComposer: getLayerReleaseFence failed for display -1: Invalid display
08-03 10:57:59.309   619   619 I chatty  : uid=1000(system) /system/bin/surfaceflinger identical 2 lines
08-03 10:57:59.309   619   619 E HWComposer: getLayerReleaseFence failed for display -1: Invalid display
08-03 10:57:59.336 31076 12068 D ---     : send:3485	flag:0
08-03 10:57:59.339 31076 12068 D wetestService: got buffer, info: size=3157, presentationTimeUs=11040000, offset=0
08-03 10:57:59.341   619   619 E HWComposer: getLayerReleaseFence failed for display -1: Invalid display
08-03 10:57:59.341   619   619 I chatty  : uid=1000(system) /system/bin/surfaceflinger identical 2 lines
08-03 10:57:59.341   619   619 E HWComposer: getLayerReleaseFence failed for display -1: Invalid display
08-03 10:57:59.381 31076 12068 D ---     : send:3157	flag:0
08-03 10:57:59.385 31076 12068 D wetestService: got buffer, info: size=3375, presentationTimeUs=11080000, offset=0
08-03 10:57:59.392   619   619 E HWComposer: getLayerReleaseFence failed for display -1: Invalid display
08-03 10:57:59.426   619   619 I chatty  : uid=1000(system) /system/bin/surfaceflinger identical 6 lines
08-03 10:57:59.426   619   619 E HWComposer: getLayerReleaseFence failed for display -1: Invalid display
08-03 10:57:59.427 31076 12068 D ---     : send:3375	flag:0
08-03 10:57:59.432 31076 12068 D wetestService: got buffer, info: size=1822, presentationTimeUs=11120000, offset=0
08-03 10:57:59.474 31076 12068 D ---     : send:1822	flag:0
08-03 10:57:59.479   619   619 E HWComposer: getLayerReleaseFence failed for display -1: Invalid display
08-03 10:57:59.479   619   619 I chatty  : uid=1000(system) /system/bin/surfaceflinger identical 2 lines
08-03 10:57:59.479   619   619 E HWComposer: getLayerReleaseFence failed for display -1: Invalid display
08-03 10:57:59.479 31076 12068 D wetestService: got buffer, info: size=3406, presentationTimeUs=11160000, offset=0
08-03 10:57:59.510   619   619 E HWComposer: getLayerReleaseFence failed for display -1: Invalid display
08-03 10:57:59.510   619   619 I chatty  : uid=1000(system) /system/bin/surfaceflinger identical 2 lines
08-03 10:57:59.510   619   619 E HWComposer: getLayerReleaseFence failed for display -1: Invalid display
08-03 10:57:59.522 31076 12068 D ---     : send:3406	flag:0
08-03 10:57:59.528 31076 12068 D wetestService: got buffer, info: size=3673, presentationTimeUs=11200000, offset=0
08-03 10:57:59.562   619   619 E HWComposer: getLayerReleaseFence failed for display -1: Invalid display
08-03 10:57:59.562   619   619 I chatty  : uid=1000(system) /system/bin/surfaceflinger identical 2 lines
08-03 10:57:59.562   619   619 E HWComposer: getLayerReleaseFence failed for display -1: Invalid display
08-03 10:57:59.569 31076 12068 D ---     : send:3673	flag:0
08-03 10:57:59.577 31076 12068 D wetestService: got buffer, info: size=103215, presentationTimeUs=11240000, offset=0
08-03 10:57:59.594   619   619 E HWComposer: getLayerReleaseFence failed for display -1: Invalid display
08-03 10:57:59.594   619   619 I chatty  : uid=1000(system) /system/bin/surfaceflinger identical 2 lines
08-03 10:57:59.594   619   619 E HWComposer: getLayerReleaseFence failed for display -1: Invalid display
08-03 10:57:59.619 31076 12068 D ---     : send:103215	flag:1
08-03 10:57:59.626 31076 12068 D wetestService: got buffer, info: size=5476, presentationTimeUs=11280000, offset=0
08-03 10:57:59.644   619   619 E HWComposer: getLayerReleaseFence failed for display -1: Invalid display
08-03 10:57:59.644   619   619 I chatty  : uid=1000(system) /system/bin/surfaceflinger identical 2 lines
08-03 10:57:59.644   619   619 E HWComposer: getLayerReleaseFence failed for display -1: Invalid display
08-03 10:57:59.667 31076 12068 D ---     : send:5476	flag:0
08-03 10:57:59.673 31076 12068 D wetestService: got buffer, info: size=1650, presentationTimeUs=11320000, offset=0
08-03 10:57:59.680   619   619 E HWComposer: getLayerReleaseFence failed for display -1: Invalid display
08-03 10:57:59.712   619   619 I chatty  : uid=1000(system) /system/bin/surfaceflinger identical 6 lines
08-03 10:57:59.712   619   619 E HWComposer: getLayerReleaseFence failed for display -1: Invalid display
08-03 10:57:59.714 31076 12068 D ---     : send:1650	flag:0
08-03 10:57:59.719 31076 12068 D wetestService: got buffer, info: size=3337, presentationTimeUs=11360000, offset=0
08-03 10:57:59.761 31076 12068 D ---     : send:3337	flag:0
08-03 10:57:59.763   619   619 E HWComposer: getLayerReleaseFence failed for display -1: Invalid display
08-03 10:57:59.763   619   619 I chatty  : uid=1000(system) /system/bin/surfaceflinger identical 2 lines
08-03 10:57:59.763   619   619 E HWComposer: getLayerReleaseFence failed for display -1: Invalid display
08-03 10:57:59.767 31076 12068 D wetestService: got buffer, info: size=3213, presentationTimeUs=11400000, offset=0
08-03 10:57:59.794   619   619 E HWComposer: getLayerReleaseFence failed for display -1: Invalid display
08-03 10:57:59.795   619   619 I chatty  : uid=1000(system) /system/bin/surfaceflinger identical 2 lines
08-03 10:57:59.795   619   619 E HWComposer: getLayerReleaseFence failed for display -1: Invalid display
08-03 10:57:59.809 31076 12068 D ---     : send:3213	flag:0
08-03 10:57:59.811 31076 12068 D wetestService: got buffer, info: size=3355, presentationTimeUs=11440000, offset=0
08-03 10:57:59.847   619   619 E HWComposer: getLayerReleaseFence failed for display -1: Invalid display
08-03 10:57:59.847   619   619 I chatty  : uid=1000(system) /system/bin/surfaceflinger identical 2 lines
08-03 10:57:59.847   619   619 E HWComposer: getLayerReleaseFence failed for display -1: Invalid display
08-03 10:57:59.852   742   833 I ThermalEngine: vs_get_temperature: read[0] tsens_tz_sensor13 45000 mC, weight[0] 1
08-03 10:57:59.852   742   833 I ThermalEngine: vs_get_temperature: read[1] tsens_tz_sensor0 47000 mC, weight[1] -1
08-03 10:57:59.853 31076 12068 D ---     : send:3355	flag:0
