08-03 10:58:03.935   619   619 I chatty  : uid=1000(system) /system/bin/surfaceflinger identical 2 lines
08-03 10:58:03.935   619   619 E HWComposer: getLayerReleaseFence failed for display -1: Invalid display
08-03 10:58:03.959 31076 12068 D ---     : send:3293	flag:0
08-03 10:58:03.963 31076 12068 D wetestService: got buffer, info: size=2830, presentationTimeUs=15040000, offset=0
08-03 10:58:03.987   619   619 E HWComposer: getLayerReleaseFence failed for display -1: Invalid display
08-03 10:58:03.987   619   619 I chatty  : uid=1000(system) /system/bin/surfaceflinger identical 2 lines
08-03 10:58:03.987   619   619 E HWComposer: getLayerReleaseFence failed for display -1: Invalid display
08-03 10:58:04.006 31076 12068 D ---     : send:2830	flag:0
08-03 10:58:04.010 31076 12068 D wetestService: got buffer, info: size=3681, presentationTimeUs=15080000, offset=0
08-03 10:58:04.018   619   619 E HWComposer: getLayerReleaseFence failed for display -1: Invalid display
08-03 10:58:04.018   619   619 I chatty  : uid=1000(system) /system/bin/surfaceflinger identical 2 lines
08-03 10:58:04.018   619   619 E HWComposer: getLayerReleaseFence failed for display -1: Invalid display
08-03 10:58:04.051 31076 12068 D ---     : send:3681	flag:0
08-03 10:58:04.054 31076 12068 D wetestService: got buffer, info: size=3337, presentationTimeUs=15120000, offset=0
08-03 10:58:04.070   619   619 E HWComposer: getLayerReleaseFence failed for display -1: Invalid display
08-03 10:58:04.071   619   619 I chatty  : uid=1000(system) /system/bin/surfaceflinger identical 2 lines
08-03 10:58:04.071   619   619 E HWComposer: getLayerReleaseFence failed for display -1: Invalid display
08-03 10:58:04.095 31076 12068 D ---     : send:3337	flag:0
08-03 10:58:04.100 31076 12068 D wetestService: got buffer, info: size=3000, presentationTimeUs=15160000, offset=0
08-03 10:58:04.104   619   619 E HWComposer: getLayerReleaseFence failed for display -1: Invalid display
08-03 10:58:04.104   619   619 I chatty  : uid=1000(system) /system/bin/surfaceflinger identical 2 lines
08-03 10:58:04.104   619   619 E HWComposer: getLayerReleaseFence failed for display -1: Invalid display
08-03 10:58:04.142 31076 12068 D ---     : send:3000	flag:0
08-03 10:58:04.146 31076 12068 D wetestService: got buffer, info: size=3218, presentationTimeUs=15200000, offset=0
08-03 10:58:04.154   619   619 E HWComposer: getLayerReleaseFence failed for display -1: Invalid display
08-03 10:58:04.187   619   619 I chatty  : uid=1000(system) /system/bin/surfaceflinger identical 6 lines
08-03 10:58:04.187   619   619 E HWComposer: getLayerReleaseFence failed for display -1: Invalid display
08-03 10:58:04.188 31076 12068 D ---     : send:3218	flag:0
08-03 10:58:04.193 31076 12068 D wetestService: got buffer, info: size=103451, presentationTimeUs=15240000, offset=0
08-03 10:58:04.221   619   619 E HWComposer: getLayerReleaseFence failed for display -1: Invalid display
08-03 10:58:04.221   619   619 I chatty  : uid=1000(system) /system/bin/surfaceflinger identical 2 lines
08-03 10:58:04.221   619   619 E HWComposer: getLayerReleaseFence failed for display -1: Invalid display
08-03 10:58:04.235 31076 12068 D ---     : send:103451	flag:1
08-03 10:58:04.239 31076 12068 D wetestService: got buffer, info: size=2847, presentationTimeUs=15280000, offset=0
08-03 10:58:04.249  5519  5519 E adbd    : failed to connect to socket 'tcp:9008': Connection refused
08-03 10:58:04.250  5519  5519 E adbd    : failed to connect to socket 'tcp:9008': Connection refused
08-03 10:58:04.271   619   619 E HWComposer: getLayerReleaseFence failed for display -1: Invalid display
08-03 10:58:04.271   619   619 I chatty  : uid=1000(system) /system/bin/surfaceflinger identical 2 lines
08-03 10:58:04.271   619   619 E HWComposer: getLayerReleaseFence failed for display -1: Invalid display
08-03 10:58:04.281 31076 12068 D ---     : send:2847	flag:0
08-03 10:58:04.289 31076 12068 D wetestService: got buffer, info: size=3613, presentationTimeUs=15320000, offset=0
08-03 10:58:04.304   619   619 E HWComposer: getLayerReleaseFence failed for display -1: Invalid display
08-03 10:58:04.304   619   619 I chatty  : uid=1000(system) /system/bin/surfaceflinger identical 2 lines
08-03 10:58:04.304   619   619 E HWComposer: getLayerReleaseFence failed for display -1: Invalid display
08-03 10:58:04.331 31076 12068 D ---     : send:3613	flag:0
08-03 10:58:04.335 31076 12068 D wetestService: got buffer, info: size=3299, presentationTimeUs=15360000, offset=0
08-03 10:58:04.355   619   619 E HWComposer: getLayerReleaseFence failed for display -1: Invalid display
08-03 10:58:04.356   619   619 I chatty  : uid=1000(system) /system/bin/surfaceflinger identical 2 lines
08-03 10:58:04.356   619   619 E HWComposer: getLayerReleaseFence failed for display -1: Invalid display
08-03 10:58:04.377 31076 12068 D ---     : send:3299	flag:0
08-03 10:58:04.382 31076 12068 D wetestService: got buffer, info: size=3230, presentationTimeUs=15400000, offset=0
08-03 10:58:04.388   619   619 E HWComposer: getLayerReleaseFence failed for display -1: Invalid display
08-03 10:58:04.388   619   619 I chatty  : uid=1000(system) /system/bin/surfaceflinger identical 2 lines
08-03 10:58:04.388   619   619 E HWComposer: getLayerReleaseFence failed for display -1: Invalid display
08-03 10:58:04.423 31076 12068 D ---     : send:3230	flag:0
08-03 10:58:04.428 31076 12068 D wetestService: got buffer, info: size=2663, presentationTimeUs=15440000, offset=0
08-03 10:58:04.439   619   619 E HWComposer: getLayerReleaseFence failed for display -1: Invalid display
08-03 10:58:04.439   619   619 I chatty  : uid=1000(system) /system/bin/surfaceflinger identical 2 lines
08-03 10:58:04.439   619   619 E HWComposer: getLayerReleaseFence failed for display -1: Invalid display
08-03 10:58:04.470 31076 12068 D ---     : send:2663	flag:0
08-03 10:58:04.473   619   619 E HWComposer: getLayerReleaseFence failed for display -1: Invalid display
08-03 10:58:04.473   619   619 I chatty  : uid=1000(system) /system/bin/surfaceflinger identical 2 lines
08-03 10:58:04.473   619   619 E HWComposer: getLayerReleaseFence failed for display -1: Invalid display
08-03 10:58:04.475 31076 12068 D wetestService: got buffer, info: size=1095, presentationTimeUs=15480000, offset=0
08-03 10:58:04.506   619   619 E HWComposer: getLayerReleaseFence failed for display -1: Invalid display
08-03 10:58:04.506   619   619 I chatty  : uid=1000(system) /system/bin/surfaceflinger identical 2 lines
08-03 10:58:04.506   619   619 E HWComposer: getLayerReleaseFence failed for display -1: Invalid display
08-03 10:58:04.517 31076 12068 D ---     : send:1095	flag:0
08-03 10:58:04.522 31076 12068 D wetestService: got buffer, info: size=3258, presentationTimeUs=15520000, offset=0
08-03 10:58:04.557   619   619 E HWComposer: getLayerReleaseFence failed for display -1: Invalid display
08-03 10:58:04.557   619   619 I chatty  : uid=1000(system) /system/bin/surfaceflinger identical 2 lines
08-03 10:58:04.557   619   619 E HWComposer: getLayerReleaseFence failed for display -1: Invalid display
08-03 10:58:04.564 31076 12068 D ---     : send:3258	flag:0
08-03 10:58:04.569 31076 12068 D wetestService: got buffer, info: size=2909, presentationTimeUs=15560000, offset=0
08-03 10:58:04.590   619   619 E HWComposer: getLayerReleaseFence failed for display -1: Invalid display
08-03 10:58:04.590   619   619 I chatty  : uid=1000(system) /system/bin/surfaceflinger identical 2 lines
08-03 10:58:04.590   619   619 E HWComposer: getLayerReleaseFence failed for display -1: Invalid display
08-03 10:58:04.611 31076 12068 D ---     : send:2909	flag:0
08-03 10:58:04.619 31076 12068 D wetestService: got buffer, info: size=2869, presentationTimeUs=15600000, offset=0
08-03 10:58:04.641   619   619 E HWComposer: getLayerReleaseFence failed for display -1: Invalid display
08-03 10:58:04.641   619   619 I chatty  : uid=1000(system) /system/bin/surfaceflinger identical 2 lines
08-03 10:58:04.641   619   619 E HWComposer: getLayerReleaseFence failed for display -1: Invalid display
08-03 10:58:04.661 31076 12068 D ---     : send:2869	flag:0
08-03 10:58:04.668 31076 12068 D wetestService: got buffer, info: size=3089, presentationTimeUs=15640000, offset=0
08-03 10:58:04.692   619   619 E HWComposer: getLayerReleaseFence failed for display -1: Invalid display
08-03 10:58:04.692   619   619 I chatty  : uid=1000(system) /system/bin/surfaceflinger identical 2 lines
08-03 10:58:04.692   619   619 E HWComposer: getLayerReleaseFence failed for display -1: Invalid display
08-03 10:58:04.710 31076 12068 D ---     : send:3089	flag:0
08-03 10:58:04.715 31076 12068 D wetestService: got buffer, info: size=2716, presentationTimeUs=15680000, offset=0
08-03 10:58:04.725   619   619 E HWComposer: getLayerReleaseFence failed for display -1: Invalid display
08-03 10:58:04.725   619   619 I chatty  : uid=1000(system) /system/bin/surfaceflinger identical 2 lines
08-03 10:58:04.725   619   619 E HWComposer: getLayerReleaseFence failed for display -1: Invalid display
08-03 10:58:04.758 31076 12068 D ---     : send:2716	flag:0
08-03 10:58:04.760   619   619 E HWComposer: getLayerReleaseFence failed for display -1: Invalid display
08-03 10:58:04.760   619   619 I chatty  : uid=1000(system) /system/bin/surfaceflinger identical 2 lines
08-03 10:58:04.760   619   619 E HWComposer: getLayerReleaseFence failed for display -1: Invalid display
08-03 10:58:04.764 31076 12068 D wetestService: got buffer, info: size=2895, presentationTimeUs=15720000, offset=0
08-03 10:58:04.809 31076 12068 D ---     : send:2895	flag:0
08-03 10:58:04.810   619   619 E HWComposer: getLayerReleaseFence failed for display -1: Invalid display
08-03 10:58:04.810   619   619 I chatty  : uid=1000(system) /system/bin/surfaceflinger identical 2 lines
08-03 10:58:04.810   619   619 E HWComposer: getLayerReleaseFence failed for display -1: Invalid display
08-03 10:58:04.814 31076 12068 D wetestService: got buffer, info: size=2909, presentationTimeUs=15760000, offset=0
08-03 10:58:04.842   619   619 E HWComposer: getLayerReleaseFence failed for display -1: Invalid display
08-03 10:58:04.842   619   619 I chatty  : uid=1000(system) /system/bin/surfaceflinger identical 2 lines
08-03 10:58:04.842   619   619 E HWComposer: getLayerReleaseFence failed for display -1: Invalid display
08-03 10:58:04.856 31076 12068 D ---     : send:2909	flag:0
08-03 10:58:04.860   742   833 I ThermalEngine: vs_get_temperature: read[0] tsens_tz_sensor13 45000 mC, weight[0] 1
08-03 10:58:04.860   742   833 I ThermalEngine: vs_get_temperature: read[1] tsens_tz_sensor0 47000 mC, weight[1] -1
08-03 10:58:04.861 31076 12068 D wetestService: got buffer, info: size=3052, presentationTimeUs=15800000, offset=0
08-03 10:58:04.894   619   619 E HWComposer: getLayerReleaseFence failed for display -1: Invalid display
08-03 10:58:04.894   619   619 I chatty  : uid=1000(system) /system/bin/surfaceflinger identical 2 lines
08-03 10:58:04.894   619   619 E HWComposer: getLayerReleaseFence failed for display -1: Invalid display
08-03 10:58:04.905 31076 12068 D ---     : send:3052	flag:0
08-03 10:58:04.912 31076 12068 D wetestService: got buffer, info: size=2718, presentationTimeUs=15840000, offset=0
08-03 10:58:04.927   619   619 E HWComposer: getLayerReleaseFence failed for display -1: Invalid display
08-03 10:58:04.927   619   619 I chatty  : uid=1000(system) /system/bin/surfaceflinger identical 2 lines
08-03 10:58:04.927   619   619 E HWComposer: getLayerReleaseFence failed for display -1: Invalid display
08-03 10:58:04.954 31076 12068 D ---     : send:2718	flag:0
08-03 10:58:04.960 31076 12068 D wetestService: got buffer, info: size=3023, presentationTimeUs=15880000, offset=0
08-03 10:58:04.960   619   619 E HWComposer: getLayerReleaseFence failed for display -1: Invalid display
08-03 10:58:04.961   619   619 I chatty  : uid=1000(system) /system/bin/surfaceflinger identical 2 lines
08-03 10:58:04.961   619   619 E HWComposer: getLayerReleaseFence failed for display -1: Invalid display
08-03 10:58:05.002 31076 12068 D ---     : send:3023	flag:0
08-03 10:58:05.006 31076 12068 D wetestService: got buffer, info: size=3142, presentationTimeUs=15920000, offset=0
08-03 10:58:05.012   619   619 E HWComposer: getLayerReleaseFence failed for display -1: Invalid display
08-03 10:58:05.045   619   619 I chatty  : uid=1000(system) /system/bin/surfaceflinger identical 6 lines
08-03 10:58:05.045   619   619 E HWComposer: getLayerReleaseFence failed for display -1: Invalid display
08-03 10:58:05.048 31076 12068 D ---     : send:3142	flag:0
08-03 10:58:05.052 31076 12068 D wetestService: got buffer, info: size=2804, presentationTimeUs=15960000, offset=0
08-03 10:58:05.095 31076 12068 D ---     : send:2804	flag:0
08-03 10:58:05.096   619   619 E HWComposer: getLayerReleaseFence failed for display -1: Invalid display
08-03 10:58:05.096   619   619 I chatty  : uid=1000(system) /system/bin/surfaceflinger identical 2 lines
08-03 10:58:05.096   619   619 E HWComposer: getLayerReleaseFence failed for display -1: Invalid display
08-03 10:58:05.100 31076 12068 D wetestService: got buffer, info: size=3178, presentationTimeUs=16000000, offset=0
08-03 10:58:05.128   619   619 E HWComposer: getLayerReleaseFence failed for display -1: Invalid display
08-03 10:58:05.128   619   619 I chatty  : uid=1000(system) /system/bin/surfaceflinger identical 2 lines
08-03 10:58:05.128   619   619 E HWComposer: getLayerReleaseFence failed for display -1: Invalid display
08-03 10:58:05.142 31076 12068 D ---     : send:3178	flag:0
08-03 10:58:05.147 31076 12068 D wetestService: got buffer, info: size=103486, presentationTimeUs=16040000, offset=0
08-03 10:58:05.168 26926 26947 D wetestinput: handleInputCommand, str = heart_beat 0
08-03 10:58:05.168 26926 26947 D wetestinput: heart beat from client.
08-03 10:58:05.178   619   619 E HWComposer: getLayerReleaseFence failed for display -1: Invalid display
08-03 10:58:05.179   619   619 I chatty  : uid=1000(system) /system/bin/surfaceflinger identical 2 lines
08-03 10:58:05.179   619   619 E HWComposer: getLayerReleaseFence failed for display -1: Invalid display
08-03 10:58:05.190 31076 12068 D ---     : send:103486	flag:1
08-03 10:58:05.196 31076 12068 D wetestService: got buffer, info: size=2995, presentationTimeUs=16080000, offset=0
08-03 10:58:05.213   619   619 E HWComposer: getLayerReleaseFence failed for display -1: Invalid display
08-03 10:58:05.213   619   619 I chatty  : uid=1000(system) /system/bin/surfaceflinger identical 2 lines
08-03 10:58:05.213   619   619 E HWComposer: getLayerReleaseFence failed for display -1: Invalid display
08-03 10:58:05.238 31076 12068 D ---     : send:2995	flag:0
08-03 10:58:05.245 31076 12068 D wetestService: got buffer, info: size=3887, presentationTimeUs=16120000, offset=0
08-03 10:58:05.263   619   619 E HWComposer: getLayerReleaseFence failed for display -1: Invalid display
08-03 10:58:05.263   619   619 I chatty  : uid=1000(system) /system/bin/surfaceflinger identical 2 lines
08-03 10:58:05.263   619   619 E HWComposer: getLayerReleaseFence failed for display -1: Invalid display
08-03 10:58:05.287 31076 12068 D ---     : send:3887	flag:0
08-03 10:58:05.290 31076 12068 D wetestService: got buffer, info: size=3546, presentationTimeUs=16160000, offset=0
08-03 10:58:05.297   619   619 E HWComposer: getLayerReleaseFence failed for display -1: Invalid display
08-03 10:58:05.297   619   619 I chatty  : uid=1000(system) /system/bin/surfaceflinger identical 2 lines
08-03 10:58:05.297   619   619 E HWComposer: getLayerReleaseFence failed for display -1: Invalid display
08-03 10:58:05.324  5519  5519 E adbd    : failed to connect to socket 'tcp:9008': Connection refused
08-03 10:58:05.325  5519  5519 E adbd    : failed to connect to socket 'tcp:9008': Connection refused
08-03 10:58:05.332 31076 12068 D ---     : send:3546	flag:0
08-03 10:58:05.337 31076 12068 D wetestService: got buffer, info: size=3147, presentationTimeUs=16200000, offset=0
08-03 10:58:05.346   619   619 E HWComposer: getLayerReleaseFence failed for display -1: Invalid display
08-03 10:58:05.381   619   619 I chatty  : uid=1000(system) /system/bin/surfaceflinger identical 6 lines
08-03 10:58:05.381   619   619 E HWComposer: getLayerReleaseFence failed for display -1: Invalid display
08-03 10:58:05.383 31076 12068 D ---     : send:3147	flag:0
08-03 10:58:05.388 31076 12068 D wetestService: got buffer, info: size=1326, presentationTimeUs=16240000, offset=0
08-03 10:58:05.414   619   619 E HWComposer: getLayerReleaseFence failed for display -1: Invalid display
08-03 10:58:05.414   619   619 I chatty  : uid=1000(system) /system/bin/surfaceflinger identical 2 lines
08-03 10:58:05.414   619   619 E HWComposer: getLayerReleaseFence failed for display -1: Invalid display
08-03 10:58:05.431 31076 12068 D ---     : send:1326	flag:0
08-03 10:58:05.436 31076 12068 D wetestService: got buffer, info: size=2911, presentationTimeUs=16280000, offset=0
08-03 10:58:05.465   619   619 E HWComposer: getLayerReleaseFence failed for display -1: Invalid display
08-03 10:58:05.465   619   619 I chatty  : uid=1000(system) /system/bin/surfaceflinger identical 2 lines
08-03 10:58:05.465   619   619 E HWComposer: getLayerReleaseFence failed for display -1: Invalid display
08-03 10:58:05.477 31076 12068 D ---     : send:2911	flag:0
08-03 10:58:05.478   747   747 D vendor.qti.bluetooth@1.0-ibs_handler: SerialClockVote: vote for UART CLK ON
08-03 10:58:05.479   747   747 D vendor.qti.bluetooth@1.0-wake_lock: Acquire wakelock is acquired 
08-03 10:58:05.481 31076 12068 D wetestService: got buffer, info: size=3489, presentationTimeUs=16320000, offset=0
08-03 10:58:05.495   619   619 E HWComposer: getLayerReleaseFence failed for display -1: Invalid display
08-03 10:58:05.495   619   619 I chatty  : uid=1000(system) /system/bin/surfaceflinger identical 2 lines
08-03 10:58:05.495   619   619 E HWComposer: getLayerReleaseFence failed for display -1: Invalid display
08-03 10:58:05.524 31076 12068 D ---     : send:3489	flag:0
08-03 10:58:05.527 31076 12068 D wetestService: got buffer, info: size=3021, presentationTimeUs=16360000, offset=0
08-03 10:58:05.549   619   619 E HWComposer: getLayerReleaseFence failed for display -1: Invalid display
08-03 10:58:05.549   619   619 I chatty  : uid=1000(system) /system/bin/surfaceflinger identical 2 lines
08-03 10:58:05.550   619   619 E HWComposer: getLayerReleaseFence failed for display -1: Invalid display
08-03 10:58:05.570 31076 12068 D ---     : send:3021	flag:0
08-03 10:58:05.574 31076 12068 D wetestService: got buffer, info: size=3659, presentationTimeUs=16400000, offset=0
08-03 10:58:05.583   619   619 E HWComposer: getLayerReleaseFence failed for display -1: Invalid display
08-03 10:58:05.583   619   619 I chatty  : uid=1000(system) /system/bin/surfaceflinger identical 2 lines
08-03 10:58:05.583   619   619 E HWComposer: getLayerReleaseFence failed for display -1: Invalid display
08-03 10:58:05.616 31076 12068 D ---     : send:3659	flag:0
08-03 10:58:05.619 31076 12068 D wetestService: got buffer, info: size=1307, presentationTimeUs=16440000, offset=0
08-03 10:58:05.633   619   619 E HWComposer: getLayerReleaseFence failed for display -1: Invalid display
08-03 10:58:05.633   619   619 I chatty  : uid=1000(system) /system/bin/surfaceflinger identical 2 lines
08-03 10:58:05.633   619   619 E HWComposer: getLayerReleaseFence failed for display -1: Invalid display
08-03 10:58:05.661 31076 12068 D ---     : send:1307	flag:0
08-03 10:58:05.667 31076 12068 D wetestService: got buffer, info: size=3422, presentationTimeUs=16480000, offset=0
08-03 10:58:05.667   619   619 E HWComposer: getLayerReleaseFence failed for display -1: Invalid display
08-03 10:58:05.667   619   619 I chatty  : uid=1000(system) /system/bin/surfaceflinger identical 2 lines
08-03 10:58:05.667   619   619 E HWComposer: getLayerReleaseFence failed for display -1: Invalid display
08-03 10:58:05.709 31076 12068 D ---     : send:3422	flag:0
08-03 10:58:05.718 31076 12068 D wetestService: got buffer, info: size=3159, presentationTimeUs=16520000, offset=0
08-03 10:58:05.719   619   619 E HWComposer: getLayerReleaseFence failed for display -1: Invalid display
08-03 10:58:05.751   619   619 I chatty  : uid=1000(system) /system/bin/surfaceflinger identical 6 lines
08-03 10:58:05.751   619   619 E HWComposer: getLayerReleaseFence failed for display -1: Invalid display
08-03 10:58:05.760 31076 12068 D ---     : send:3159	flag:0
08-03 10:58:05.766 31076 12068 D wetestService: got buffer, info: size=2933, presentationTimeUs=16560000, offset=0
08-03 10:58:05.785   619   619 E HWComposer: getLayerReleaseFence failed for display -1: Invalid display
08-03 10:58:05.785   619   619 I chatty  : uid=1000(system) /system/bin/surfaceflinger identical 2 lines
08-03 10:58:05.785   619   619 E HWComposer: getLayerReleaseFence failed for display -1: Invalid display
08-03 10:58:05.807 31076 12068 D ---     : send:2933	flag:0
08-03 10:58:05.815 31076 12068 D wetestService: got buffer, info: size=3430, presentationTimeUs=16600000, offset=0
08-03 10:58:05.835   619   619 E HWComposer: getLayerReleaseFence failed for display -1: Invalid display
08-03 10:58:05.836   619   619 I chatty  : uid=1000(system) /system/bin/surfaceflinger identical 2 lines
08-03 10:58:05.836   619   619 E HWComposer: getLayerReleaseFence failed for display -1: Invalid display
08-03 10:58:05.857 31076 12068 D ---     : send:3430	flag:0
08-03 10:58:05.862   742   833 I ThermalEngine: vs_get_temperature: read[0] tsens_tz_sensor13 46000 mC, weight[0] 1
08-03 10:58:05.862   742   833 I ThermalEngine: vs_get_temperature: read[1] tsens_tz_sensor0 47000 mC, weight[1] -1
08-03 10:58:05.864 31076 12068 D wetestService: got buffer, info: size=2844, presentationTimeUs=16640000, offset=0
08-03 10:58:05.885   619   619 E HWComposer: getLayerReleaseFence failed for display -1: Invalid display
08-03 10:58:05.885   619   619 I chatty  : uid=1000(system) /system/bin/surfaceflinger identical 2 lines
08-03 10:58:05.885   619   619 E HWComposer: getLayerReleaseFence failed for display -1: Invalid display
08-03 10:58:05.906 31076 12068 D ---     : send:2844	flag:0
08-03 10:58:05.912 31076 12068 D wetestService: got buffer, info: size=1238, presentationTimeUs=16680000, offset=0
08-03 10:58:05.919   619   619 E HWComposer: getLayerReleaseFence failed for display -1: Invalid display
08-03 10:58:05.952   619   619 I chatty  : uid=1000(system) /system/bin/surfaceflinger identical 6 lines
08-03 10:58:05.952   619   619 E HWComposer: getLayerReleaseFence failed for display -1: Invalid display
08-03 10:58:05.954 31076 12068 D ---     : send:1238	flag:0
08-03 10:58:05.959 31076 12068 D wetestService: got buffer, info: size=3791, presentationTimeUs=16720000, offset=0
08-03 10:58:06.004   619   619 E HWComposer: getLayerReleaseFence failed for display -1: Invalid display
08-03 10:58:06.004   619   619 I chatty  : uid=1000(system) /system/bin/surfaceflinger identical 2 lines
08-03 10:58:06.004   619   619 E HWComposer: getLayerReleaseFence failed for display -1: Invalid display
08-03 10:58:06.005 31076 12068 D ---     : send:3791	flag:0
08-03 10:58:06.011 31076 12068 D wetestService: got buffer, info: size=3457, presentationTimeUs=16760000, offset=0
08-03 10:58:06.035   619   619 E HWComposer: getLayerReleaseFence failed for display -1: Invalid display
08-03 10:58:06.035   619   619 I chatty  : uid=1000(system) /system/bin/surfaceflinger identical 2 lines
08-03 10:58:06.035   619   619 E HWComposer: getLayerReleaseFence failed for display -1: Invalid display
08-03 10:58:06.053 31076 12068 D ---     : send:3457	flag:0
08-03 10:58:06.061 31076 12068 D wetestService: got buffer, info: size=2509, presentationTimeUs=16800000, offset=0
08-03 10:58:06.087   619   619 E HWComposer: getLayerReleaseFence failed for display -1: Invalid display
08-03 10:58:06.087   619   619 I chatty  : uid=1000(system) /system/bin/surfaceflinger identical 2 lines
08-03 10:58:06.087   619   619 E HWComposer: getLayerReleaseFence failed for display -1: Invalid display
08-03 10:58:06.104 31076 12068 D ---     : send:2509	flag:0
08-03 10:58:06.111 31076 12068 D wetestService: got buffer, info: size=103438, presentationTimeUs=16840000, offset=0
08-03 10:58:06.120   619   619 E HWComposer: getLayerReleaseFence failed for display -1: Invalid display
08-03 10:58:06.121   619   619 I chatty  : uid=1000(system) /system/bin/surfaceflinger identical 2 lines
08-03 10:58:06.121   619   619 E HWComposer: getLayerReleaseFence failed for display -1: Invalid display
08-03 10:58:06.153 31076 12068 D ---     : send:103438	flag:1
08-03 10:58:06.156  1171  1443 W BestClock: java.time.DateTimeException: Missing NTP fix
08-03 10:58:06.160 31076 12068 D wetestService: got buffer, info: size=5391, presentationTimeUs=16880000, offset=0
08-03 10:58:06.171  1171  1443 W BestClock: java.time.DateTimeException: Missing NTP fix
08-03 10:58:06.172  1171  1443 I netstats_mobile_sample: [0,0,0,0,0,0,0,0,0,0,0,0,1533265086171]
08-03 10:58:06.172   619   619 E HWComposer: getLayerReleaseFence failed for display -1: Invalid display
08-03 10:58:06.173  1171  1443 I netstats_wifi_sample: [7355474388,9676418,919781613,10240314,7287932109,8720367,777732249,10205015,7287932765,8720369,777367253,10200427,1533265086171]
08-03 10:58:06.172   619   619 I chatty  : uid=1000(system) /system/bin/surfaceflinger identical 2 lines
08-03 10:58:06.172   619   619 E HWComposer: getLayerReleaseFence failed for display -1: Invalid display
08-03 10:58:06.175  1171  1444 W BestClock: java.time.DateTimeException: Missing NTP fix
08-03 10:58:06.201 31076 12068 D ---     : send:5391	flag:0
08-03 10:58:06.204   619   619 E HWComposer: getLayerReleaseFence failed for display -1: Invalid display
08-03 10:58:06.204   619   619 I chatty  : uid=1000(system) /system/bin/surfaceflinger identical 2 lines
08-03 10:58:06.204   619   619 E HWComposer: getLayerReleaseFence failed for display -1: Invalid display
08-03 10:58:06.208 31076 12068 D wetestService: got buffer, info: size=3263, presentationTimeUs=16920000, offset=0
08-03 10:58:06.239   619   619 E HWComposer: getLayerReleaseFence failed for display -1: Invalid display
08-03 10:58:06.239   619   619 I chatty  : uid=1000(system) /system/bin/surfaceflinger identical 2 lines
08-03 10:58:06.239   619   619 E HWComposer: getLayerReleaseFence failed for display -1: Invalid display
08-03 10:58:06.249 31076 12068 D ---     : send:3263	flag:0
08-03 10:58:06.254 31076 12068 D wetestService: got buffer, info: size=2933, presentationTimeUs=16960000, offset=0
08-03 10:58:06.289   619   619 E HWComposer: getLayerReleaseFence failed for display -1: Invalid display
08-03 10:58:06.290   619   619 I chatty  : uid=1000(system) /system/bin/surfaceflinger identical 2 lines
08-03 10:58:06.290   619   619 E HWComposer: getLayerReleaseFence failed for display -1: Invalid display
08-03 10:58:06.297 31076 12068 D ---     : send:2933	flag:0
08-03 10:58:06.299 31076 12068 D wetestService: got buffer, info: size=3069, presentationTimeUs=17000000, offset=0
08-03 10:58:06.322   619   619 E HWComposer: getLayerReleaseFence failed for display -1: Invalid display
08-03 10:58:06.322   619   619 I chatty  : uid=1000(system) /system/bin/surfaceflinger identical 2 lines
08-03 10:58:06.322   619   619 E HWComposer: getLayerReleaseFence failed for display -1: Invalid display
08-03 10:58:06.340 31076 12068 D ---     : send:3069	flag:0
08-03 10:58:06.342 31076 12068 D wetestService: got buffer, info: size=1208, presentationTimeUs=17040000, offset=0
08-03 10:58:06.361  5519  5519 E adbd    : failed to connect to socket 'tcp:9008': Connection refused
08-03 10:58:06.362  5519  5519 E adbd    : failed to connect to socket 'tcp:9008': Connection refused
08-03 10:58:06.374   619   619 E HWComposer: getLayerReleaseFence failed for display -1: Invalid display
08-03 10:58:06.374   619   619 I chatty  : uid=1000(system) /system/bin/surfaceflinger identical 2 lines
08-03 10:58:06.374   619   619 E HWComposer: getLayerReleaseFence failed for display -1: Invalid display
08-03 10:58:06.384 31076 12068 D ---     : send:1208	flag:0
08-03 10:58:06.392 31076 12068 D wetestService: got buffer, info: size=4050, presentationTimeUs=17080000, offset=0
08-03 10:58:06.407   619   619 E HWComposer: getLayerReleaseFence failed for display -1: Invalid display
08-03 10:58:06.407   619   619 I chatty  : uid=1000(system) /system/bin/surfaceflinger identical 2 lines
08-03 10:58:06.407   619   619 E HWComposer: getLayerReleaseFence failed for display -1: Invalid display
08-03 10:58:06.434 31076 12068 D ---     : send:4050	flag:0
08-03 10:58:06.440 31076 12068 D wetestService: got buffer, info: size=3143, presentationTimeUs=17120000, offset=0
08-03 10:58:06.458   619   619 E HWComposer: getLayerReleaseFence failed for display -1: Invalid display
08-03 10:58:06.458   619   619 I chatty  : uid=1000(system) /system/bin/surfaceflinger identical 2 lines
08-03 10:58:06.458   619   619 E HWComposer: getLayerReleaseFence failed for display -1: Invalid display
08-03 10:58:06.481 31076 12068 D ---     : send:3143	flag:0
08-03 10:58:06.486 31076 12068 D wetestService: got buffer, info: size=2987, presentationTimeUs=17160000, offset=0
08-03 10:58:06.491   619   619 E HWComposer: getLayerReleaseFence failed for display -1: Invalid display
08-03 10:58:06.491   619   619 I chatty  : uid=1000(system) /system/bin/surfaceflinger identical 2 lines
08-03 10:58:06.491   619   619 E HWComposer: getLayerReleaseFence failed for display -1: Invalid display
08-03 10:58:06.498   747 27796 I vendor.qti.bluetooth@1.0-ibs_handler: DeviceSleep: TX Awake, Sending SLEEP_IND
08-03 10:58:06.498   747 27796 D vendor.qti.bluetooth@1.0-ibs_handler: SerialClockVote: vote for UART CLK OFF
08-03 10:58:06.528 31076 12068 D ---     : send:2987	flag:0
08-03 10:58:06.533 31076 12068 D wetestService: got buffer, info: size=2770, presentationTimeUs=17200000, offset=0
08-03 10:58:06.542   619   619 E HWComposer: getLayerReleaseFence failed for display -1: Invalid display
08-03 10:58:06.542   619   619 I chatty  : uid=1000(system) /system/bin/surfaceflinger identical 2 lines
08-03 10:58:06.542   619   619 E HWComposer: getLayerReleaseFence failed for display -1: Invalid display
08-03 10:58:06.575 31076 12068 D ---     : send:2770	flag:0
08-03 10:58:06.575   619   619 E HWComposer: getLayerReleaseFence failed for display -1: Invalid display
08-03 10:58:06.575   619   619 I chatty  : uid=1000(system) /system/bin/surfaceflinger identical 2 lines
08-03 10:58:06.575   619   619 E HWComposer: getLayerReleaseFence failed for display -1: Invalid display
08-03 10:58:06.577 31076 12068 D wetestService: got buffer, info: size=1154, presentationTimeUs=17240000, offset=0
08-03 10:58:06.608   619   619 E HWComposer: getLayerReleaseFence failed for display -1: Invalid display
08-03 10:58:06.609   619   619 I chatty  : uid=1000(system) /system/bin/surfaceflinger identical 2 lines
08-03 10:58:06.609   619   619 E HWComposer: getLayerReleaseFence failed for display -1: Invalid display
08-03 10:58:06.619 31076 12068 D ---     : send:1154	flag:0
08-03 10:58:06.624 31076 12068 D wetestService: got buffer, info: size=2865, presentationTimeUs=17280000, offset=0
08-03 10:58:06.648   747 27785 D vendor.qti.bluetooth@1.0-wake_lock: Release wakelock is released 
08-03 10:58:06.659   619   619 E HWComposer: getLayerReleaseFence failed for display -1: Invalid display
08-03 10:58:06.659   619   619 I chatty  : uid=1000(system) /system/bin/surfaceflinger identical 2 lines
08-03 10:58:06.659   619   619 E HWComposer: getLayerReleaseFence failed for display -1: Invalid display
08-03 10:58:06.666 31076 12068 D ---     : send:2865	flag:0
08-03 10:58:06.671 31076 12068 D wetestService: got buffer, info: size=3336, presentationTimeUs=17320000, offset=0
08-03 10:58:06.693   619   619 E HWComposer: getLayerReleaseFence failed for display -1: Invalid display
08-03 10:58:06.693   619   619 I chatty  : uid=1000(system) /system/bin/surfaceflinger identical 2 lines
08-03 10:58:06.693   619   619 E HWComposer: getLayerReleaseFence failed for display -1: Invalid display
08-03 10:58:06.712 31076 12068 D ---     : send:3336	flag:0
08-03 10:58:06.715 31076 12068 D wetestService: got buffer, info: size=2924, presentationTimeUs=17360000, offset=0
08-03 10:58:06.744   619   619 E HWComposer: getLayerReleaseFence failed for display -1: Invalid display
08-03 10:58:06.744   619   619 I chatty  : uid=1000(system) /system/bin/surfaceflinger identical 2 lines
08-03 10:58:06.744   619   619 E HWComposer: getLayerReleaseFence failed for display -1: Invalid display
08-03 10:58:06.756 31076 12068 D ---     : send:2924	flag:0
08-03 10:58:06.764 31076 12068 D wetestService: got buffer, info: size=2749, presentationTimeUs=17400000, offset=0
08-03 10:58:06.778   619   619 E HWComposer: getLayerReleaseFence failed for display -1: Invalid display
08-03 10:58:06.778   619   619 I chatty  : uid=1000(system) /system/bin/surfaceflinger identical 2 lines
08-03 10:58:06.778   619   619 E HWComposer: getLayerReleaseFence failed for display -1: Invalid display
08-03 10:58:06.806 31076 12068 D ---     : send:2749	flag:0
08-03 10:58:06.811 31076 12068 D wetestService: got buffer, info: size=2902, presentationTimeUs=17440000, offset=0
08-03 10:58:06.826   619   619 E HWComposer: getLayerReleaseFence failed for display -1: Invalid display
08-03 10:58:06.826   619   619 I chatty  : uid=1000(system) /system/bin/surfaceflinger identical 2 lines
08-03 10:58:06.826   619   619 E HWComposer: getLayerReleaseFence failed for display -1: Invalid display
08-03 10:58:06.852 31076 12068 D ---     : send:2902	flag:0
08-03 10:58:06.857 31076 12068 D wetestService: got buffer, info: size=2987, presentationTimeUs=17480000, offset=0
08-03 10:58:06.860   619   619 E HWComposer: getLayerReleaseFence failed for display -1: Invalid display
08-03 10:58:06.861   619   619 I chatty  : uid=1000(system) /system/bin/surfaceflinger identical 2 lines
08-03 10:58:06.861   619   619 E HWComposer: getLayerReleaseFence failed for display -1: Invalid display
08-03 10:58:06.864   742   833 I ThermalEngine: vs_get_temperature: read[0] tsens_tz_sensor13 45000 mC, weight[0] 1
08-03 10:58:06.864   742   833 I ThermalEngine: vs_get_temperature: read[1] tsens_tz_sensor0 47000 mC, weight[1] -1
08-03 10:58:06.898 31076 12068 D ---     : send:2987	flag:0
08-03 10:58:06.903 31076 12068 D wetestService: got buffer, info: size=2801, presentationTimeUs=17520000, offset=0
08-03 10:58:06.911   619   619 E HWComposer: getLayerReleaseFence failed for display -1: Invalid display
08-03 10:58:06.912   619   619 I chatty  : uid=1000(system) /system/bin/surfaceflinger identical 2 lines
08-03 10:58:06.912   619   619 E HWComposer: getLayerReleaseFence failed for display -1: Invalid display
08-03 10:58:06.945 31076 12068 D ---     : send:2801	flag:0
08-03 10:58:06.945   619   619 E HWComposer: getLayerReleaseFence failed for display -1: Invalid display
08-03 10:58:06.946   619   619 I chatty  : uid=1000(system) /system/bin/surfaceflinger identical 2 lines
08-03 10:58:06.946   619   619 E HWComposer: getLayerReleaseFence failed for display -1: Invalid display
08-03 10:58:06.950 31076 12068 D wetestService: got buffer, info: size=3139, presentationTimeUs=17560000, offset=0
08-03 10:58:06.992 31076 12068 D ---     : send:3139	flag:0
08-03 10:58:06.997   619   619 E HWComposer: getLayerReleaseFence failed for display -1: Invalid display
08-03 10:58:06.997   619   619 I chatty  : uid=1000(system) /system/bin/surfaceflinger identical 2 lines
08-03 10:58:06.997   619   619 E HWComposer: getLayerReleaseFence failed for display -1: Invalid display
08-03 10:58:06.997 31076 12068 D wetestService: got buffer, info: size=2638, presentationTimeUs=17600000, offset=0
08-03 10:58:07.029   619   619 E HWComposer: getLayerReleaseFence failed for display -1: Invalid display
08-03 10:58:07.029   619   619 I chatty  : uid=1000(system) /system/bin/surfaceflinger identical 2 lines
08-03 10:58:07.029   619   619 E HWComposer: getLayerReleaseFence failed for display -1: Invalid display
08-03 10:58:07.038 31076 12068 D ---     : send:2638	flag:0
08-03 10:58:07.043 31076 12068 D wetestService: got buffer, info: size=103358, presentationTimeUs=17640000, offset=0
08-03 10:58:07.063   619   619 E HWComposer: getLayerReleaseFence failed for display -1: Invalid display
08-03 10:58:07.063   619   619 I chatty  : uid=1000(system) /system/bin/surfaceflinger identical 2 lines
08-03 10:58:07.063   619   619 E HWComposer: getLayerReleaseFence failed for display -1: Invalid display
08-03 10:58:07.085 31076 12068 D ---     : send:103358	flag:1
08-03 10:58:07.092 31076 12068 D wetestService: got buffer, info: size=5135, presentationTimeUs=17680000, offset=0
08-03 10:58:07.114   619   619 E HWComposer: getLayerReleaseFence failed for display -1: Invalid display
08-03 10:58:07.114   619   619 I chatty  : uid=1000(system) /system/bin/surfaceflinger identical 2 lines
08-03 10:58:07.114   619   619 E HWComposer: getLayerReleaseFence failed for display -1: Invalid display
08-03 10:58:07.134 31076 12068 D ---     : send:5135	flag:0
08-03 10:58:07.140 31076 12068 D wetestService: got buffer, info: size=4157, presentationTimeUs=17720000, offset=0
08-03 10:58:07.164   619   619 E HWComposer: getLayerReleaseFence failed for display -1: Invalid display
08-03 10:58:07.164   619   619 I chatty  : uid=1000(system) /system/bin/surfaceflinger identical 2 lines
08-03 10:58:07.164   619   619 E HWComposer: getLayerReleaseFence failed for display -1: Invalid display
08-03 10:58:07.182 31076 12068 D ---     : send:4157	flag:0
08-03 10:58:07.187 31076 12068 D wetestService: got buffer, info: size=1485, presentationTimeUs=17760000, offset=0
08-03 10:58:07.198   619   619 E HWComposer: getLayerReleaseFence failed for display -1: Invalid display
08-03 10:58:07.198   619   619 I chatty  : uid=1000(system) /system/bin/surfaceflinger identical 2 lines
08-03 10:58:07.198   619   619 E HWComposer: getLayerReleaseFence failed for display -1: Invalid display
08-03 10:58:07.228 31076 12068 D ---     : send:1485	flag:0
08-03 10:58:07.233   619   619 E HWComposer: getLayerReleaseFence failed for display -1: Invalid display
08-03 10:58:07.233 31076 12068 D wetestService: got buffer, info: size=3537, presentationTimeUs=17800000, offset=0
08-03 10:58:07.233   619   619 E HWComposer: getLayerReleaseFence failed for display -1: Invalid display
08-03 10:58:07.233   619   619 I chatty  : uid=1000(system) /system/bin/surfaceflinger identical 1 line
08-03 10:58:07.233   619   619 E HWComposer: getLayerReleaseFence failed for display -1: Invalid display
08-03 10:58:07.274 31076 12068 D ---     : send:3537	flag:0
08-03 10:58:07.279 31076 12068 D wetestService: got buffer, info: size=1333, presentationTimeUs=17840000, offset=0
08-03 10:58:07.284   619   619 E HWComposer: getLayerReleaseFence failed for display -1: Invalid display
08-03 10:58:07.315   619   619 I chatty  : uid=1000(system) /system/bin/surfaceflinger identical 6 lines
08-03 10:58:07.315   619   619 E HWComposer: getLayerReleaseFence failed for display -1: Invalid display
08-03 10:58:07.321 31076 12068 D ---     : send:1333	flag:0
08-03 10:58:07.325 31076 12068 D wetestService: got buffer, info: size=3318, presentationTimeUs=17880000, offset=0
08-03 10:58:07.366   619   619 E HWComposer: getLayerReleaseFence failed for display -1: Invalid display
08-03 10:58:07.366   619   619 I chatty  : uid=1000(system) /system/bin/surfaceflinger identical 2 lines
08-03 10:58:07.366   619   619 E HWComposer: getLayerReleaseFence failed for display -1: Invalid display
08-03 10:58:07.367 31076 12068 D ---     : send:3318	flag:0
08-03 10:58:07.372 31076 12068 D wetestService: got buffer, info: size=3100, presentationTimeUs=17920000, offset=0
08-03 10:58:07.400   619   619 E HWComposer: getLayerReleaseFence failed for display -1: Invalid display
08-03 10:58:07.400   619   619 I chatty  : uid=1000(system) /system/bin/surfaceflinger identical 2 lines
08-03 10:58:07.400   619   619 E HWComposer: getLayerReleaseFence failed for display -1: Invalid display
08-03 10:58:07.413 31076 12068 D ---     : send:3100	flag:0
08-03 10:58:07.416  5519  5519 E adbd    : failed to connect to socket 'tcp:9008': Connection refused
08-03 10:58:07.416 31076 12068 D wetestService: got buffer, info: size=2793, presentationTimeUs=17960000, offset=0
08-03 10:58:07.417  5519  5519 E adbd    : failed to connect to socket 'tcp:9008': Connection refused
08-03 10:58:07.434   619   619 E HWComposer: getLayerReleaseFence failed for display -1: Invalid display
08-03 10:58:07.434   619   619 I chatty  : uid=1000(system) /system/bin/surfaceflinger identical 2 lines
08-03 10:58:07.434   619   619 E HWComposer: getLayerReleaseFence failed for display -1: Invalid display
08-03 10:58:07.457 31076 12068 D ---     : send:2793	flag:0
08-03 10:58:07.464 31076 12068 D wetestService: got buffer, info: size=3368, presentationTimeUs=18000000, offset=0
08-03 10:58:07.484   619   619 E HWComposer: getLayerReleaseFence failed for display -1: Invalid display
08-03 10:58:07.484   619   619 I chatty  : uid=1000(system) /system/bin/surfaceflinger identical 2 lines
08-03 10:58:07.484   619   619 E HWComposer: getLayerReleaseFence failed for display -1: Invalid display
08-03 10:58:07.508 31076 12068 D ---     : send:3368	flag:0
08-03 10:58:07.516 31076 12068 D wetestService: got buffer, info: size=3285, presentationTimeUs=18040000, offset=0
08-03 10:58:07.518   619   619 E HWComposer: getLayerReleaseFence failed for display -1: Invalid display
08-03 10:58:07.518   619   619 I chatty  : uid=1000(system) /system/bin/surfaceflinger identical 2 lines
08-03 10:58:07.518   619   619 E HWComposer: getLayerReleaseFence failed for display -1: Invalid display
08-03 10:58:07.558 31076 12068 D ---     : send:3285	flag:0
08-03 10:58:07.563 31076 12068 D wetestService: got buffer, info: size=3127, presentationTimeUs=18080000, offset=0
08-03 10:58:07.569   619   619 E HWComposer: getLayerReleaseFence failed for display -1: Invalid display
08-03 10:58:07.602   619   619 I chatty  : uid=1000(system) /system/bin/surfaceflinger identical 6 lines
08-03 10:58:07.602   619   619 E HWComposer: getLayerReleaseFence failed for display -1: Invalid display
08-03 10:58:07.604 31076 12068 D ---     : send:3127	flag:0
08-03 10:58:07.609 31076 12068 D wetestService: got buffer, info: size=3282, presentationTimeUs=18120000, offset=0
08-03 10:58:07.651 31076 12068 D ---     : send:3282	flag:0
08-03 10:58:07.653   619   619 E HWComposer: getLayerReleaseFence failed for display -1: Invalid display
08-03 10:58:07.653   619   619 I chatty  : uid=1000(system) /system/bin/surfaceflinger identical 2 lines
08-03 10:58:07.653   619   619 E HWComposer: getLayerReleaseFence failed for display -1: Invalid display
08-03 10:58:07.656 31076 12068 D wetestService: got buffer, info: size=2770, presentationTimeUs=18160000, offset=0
08-03 10:58:07.686   619   619 E HWComposer: getLayerReleaseFence failed for display -1: Invalid display
08-03 10:58:07.686   619   619 I chatty  : uid=1000(system) /system/bin/surfaceflinger identical 2 lines
08-03 10:58:07.686   619   619 E HWComposer: getLayerReleaseFence failed for display -1: Invalid display
08-03 10:58:07.697 31076 12068 D ---     : send:2770	flag:0
08-03 10:58:07.702 31076 12068 D wetestService: got buffer, info: size=3349, presentationTimeUs=18200000, offset=0
08-03 10:58:07.737   619   619 E HWComposer: getLayerReleaseFence failed for display -1: Invalid display
08-03 10:58:07.737   619   619 I chatty  : uid=1000(system) /system/bin/surfaceflinger identical 2 lines
08-03 10:58:07.737   619   619 E HWComposer: getLayerReleaseFence failed for display -1: Invalid display
08-03 10:58:07.744 31076 12068 D ---     : send:3349	flag:0
08-03 10:58:07.751 31076 12068 D wetestService: got buffer, info: size=1438, presentationTimeUs=18240000, offset=0
08-03 10:58:07.768   619   619 E HWComposer: getLayerReleaseFence failed for display -1: Invalid display
08-03 10:58:07.768   619   619 I chatty  : uid=1000(system) /system/bin/surfaceflinger identical 2 lines
08-03 10:58:07.768   619   619 E HWComposer: getLayerReleaseFence failed for display -1: Invalid display
08-03 10:58:07.794 31076 12068 D ---     : send:1438	flag:0
08-03 10:58:07.799 31076 12068 D wetestService: got buffer, info: size=3649, presentationTimeUs=18280000, offset=0
08-03 10:58:07.821   619   619 E HWComposer: getLayerReleaseFence failed for display -1: Invalid display
08-03 10:58:07.821   619   619 I chatty  : uid=1000(system) /system/bin/surfaceflinger identical 2 lines
08-03 10:58:07.821   619   619 E HWComposer: getLayerReleaseFence failed for display -1: Invalid display
08-03 10:58:07.841 31076 12068 D ---     : send:3649	flag:0
08-03 10:58:07.845 31076 12068 D wetestService: got buffer, info: size=3141, presentationTimeUs=18320000, offset=0
08-03 10:58:07.853   619   619 E HWComposer: getLayerReleaseFence failed for display -1: Invalid display
08-03 10:58:07.853   619   619 I chatty  : uid=1000(system) /system/bin/surfaceflinger identical 2 lines
08-03 10:58:07.853   619   619 E HWComposer: getLayerReleaseFence failed for display -1: Invalid display
08-03 10:58:07.865   742   833 I ThermalEngine: vs_get_temperature: read[0] tsens_tz_sensor13 45000 mC, weight[0] 1
08-03 10:58:07.865   742   833 I ThermalEngine: vs_get_temperature: read[1] tsens_tz_sensor0 47000 mC, weight[1] -1
08-03 10:58:07.886 31076 12068 D ---     : send:3141	flag:0
08-03 10:58:07.889 31076 12068 D wetestService: got buffer, info: size=2778, presentationTimeUs=18360000, offset=0
08-03 10:58:07.904   619   619 E HWComposer: getLayerReleaseFence failed for display -1: Invalid display
08-03 10:58:07.905   619   619 I chatty  : uid=1000(system) /system/bin/surfaceflinger identical 2 lines
08-03 10:58:07.905   619   619 E HWComposer: getLayerReleaseFence failed for display -1: Invalid display
08-03 10:58:07.930 31076 12068 D ---     : send:2778	flag:0
08-03 10:58:07.935 31076 12068 D wetestService: got buffer, info: size=3651, presentationTimeUs=18400000, offset=0
08-03 10:58:07.938   619   619 E HWComposer: getLayerReleaseFence failed for display -1: Invalid display
08-03 10:58:07.970   619   619 I chatty  : uid=1000(system) /system/bin/surfaceflinger identical 6 lines
08-03 10:58:07.970   619   619 E HWComposer: getLayerReleaseFence failed for display -1: Invalid display
08-03 10:58:07.977 31076 12068 D ---     : send:3651	flag:0
08-03 10:58:07.982 31076 12068 D wetestService: got buffer, info: size=103446, presentationTimeUs=18440000, offset=0
08-03 10:58:08.022   619   619 E HWComposer: getLayerReleaseFence failed for display -1: Invalid display
08-03 10:58:08.022   619   619 I chatty  : uid=1000(system) /system/bin/surfaceflinger identical 2 lines
08-03 10:58:08.022   619   619 E HWComposer: getLayerReleaseFence failed for display -1: Invalid display
08-03 10:58:08.023 31076 12068 D ---     : send:103446	flag:1
08-03 10:58:08.027 31076 12068 D wetestService: got buffer, info: size=4869, presentationTimeUs=18480000, offset=0
08-03 10:58:08.055   619   619 E HWComposer: getLayerReleaseFence failed for display -1: Invalid display
08-03 10:58:08.055   619   619 I chatty  : uid=1000(system) /system/bin/surfaceflinger identical 2 lines
08-03 10:58:08.055   619   619 E HWComposer: getLayerReleaseFence failed for display -1: Invalid display
08-03 10:58:08.069 31076 12068 D ---     : send:4869	flag:0
08-03 10:58:08.074 31076 12068 D wetestService: got buffer, info: size=3440, presentationTimeUs=18520000, offset=0
08-03 10:58:08.106   619   619 E HWComposer: getLayerReleaseFence failed for display -1: Invalid display
08-03 10:58:08.106   619   619 I chatty  : uid=1000(system) /system/bin/surfaceflinger identical 2 lines
08-03 10:58:08.106   619   619 E HWComposer: getLayerReleaseFence failed for display -1: Invalid display
08-03 10:58:08.115 31076 12068 D ---     : send:3440	flag:0
08-03 10:58:08.123 31076 12068 D wetestService: got buffer, info: size=3348, presentationTimeUs=18560000, offset=0
08-03 10:58:08.139   619   619 E HWComposer: getLayerReleaseFence failed for display -1: Invalid display
08-03 10:58:08.139   619   619 I chatty  : uid=1000(system) /system/bin/surfaceflinger identical 2 lines
08-03 10:58:08.139   619   619 E HWComposer: getLayerReleaseFence failed for display -1: Invalid display
08-03 10:58:08.165 31076 12068 D ---     : send:3348	flag:0
08-03 10:58:08.168 31076 12068 D wetestService: got buffer, info: size=3786, presentationTimeUs=18600000, offset=0
08-03 10:58:08.191   619   619 E HWComposer: getLayerReleaseFence failed for display -1: Invalid display
08-03 10:58:08.191   619   619 I chatty  : uid=1000(system) /system/bin/surfaceflinger identical 2 lines
08-03 10:58:08.191   619   619 E HWComposer: getLayerReleaseFence failed for display -1: Invalid display
08-03 10:58:08.211 31076 12068 D ---     : send:3786	flag:0
08-03 10:58:08.214 31076 12068 D wetestService: got buffer, info: size=1464, presentationTimeUs=18640000, offset=0
08-03 10:58:08.224   619   619 E HWComposer: getLayerReleaseFence failed for display -1: Invalid display
08-03 10:58:08.224   619   619 I chatty  : uid=1000(system) /system/bin/surfaceflinger identical 2 lines
08-03 10:58:08.224   619   619 E HWComposer: getLayerReleaseFence failed for display -1: Invalid display
08-03 10:58:08.240 11484 11530 I PlayCommon: [31351] PlayEventLogger.uploadEventsImpl: Preparing logs for uploading
08-03 10:58:08.249 11484 11530 W PlayCommon: [31351] PlayEventLogger.getAuthToken: No account for auth token provided
08-03 10:58:08.250 11484 11530 I PlayCommon: [31351] PlayEventLogger.uploadLog: Connecting to server: https://play.googleapis.com/play/log?format=raw&proto_v2=true
08-03 10:58:08.255 31076 12068 D ---     : send:1464	flag:0
