08-03 10:57:59.855 31076 12068 D wetestService: got buffer, info: size=2982, presentationTimeUs=11480000, offset=0
08-03 10:57:59.880   619   619 E HWComposer: getLayerReleaseFence failed for display -1: Invalid display
08-03 10:57:59.880   619   619 I chatty  : uid=1000(system) /system/bin/surfaceflinger identical 2 lines
08-03 10:57:59.880   619   619 E HWComposer: getLayerReleaseFence failed for display -1: Invalid display
08-03 10:57:59.897 31076 12068 D ---     : send:2982	flag:0
08-03 10:57:59.899 31076 12068 D wetestService: got buffer, info: size=3139, presentationTimeUs=11520000, offset=0
08-03 10:57:59.931   619   619 E HWComposer: getLayerReleaseFence failed for display -1: Invalid display
08-03 10:57:59.931   619   619 I chatty  : uid=1000(system) /system/bin/surfaceflinger identical 2 lines
08-03 10:57:59.931   619   619 E HWComposer: getLayerReleaseFence failed for display -1: Invalid display
08-03 10:57:59.941 31076 12068 D ---     : send:3139	flag:0
08-03 10:57:59.948 31076 12068 D wetestService: got buffer, info: size=3115, presentationTimeUs=11560000, offset=0
08-03 10:57:59.964   619   619 E HWComposer: getLayerReleaseFence failed for display -1: Invalid display
08-03 10:57:59.965   619   619 I chatty  : uid=1000(system) /system/bin/surfaceflinger identical 2 lines
08-03 10:57:59.965   619   619 E HWComposer: getLayerReleaseFence failed for display -1: Invalid display
08-03 10:57:59.992 31076 12068 D ---     : send:3115	flag:0
08-03 10:57:59.998 31076 12068 D wetestService: got buffer, info: size=3215, presentationTimeUs=11600000, offset=0
08-03 10:58:00.015   619   619 E HWComposer: getLayerReleaseFence failed for display -1: Invalid display
08-03 10:58:00.016   619   619 I chatty  : uid=1000(system) /system/bin/surfaceflinger identical 2 lines
08-03 10:58:00.016   619   619 E HWComposer: getLayerReleaseFence failed for display -1: Invalid display
08-03 10:58:00.027 11153 11296 I Icing   : IndexChimeraService.getServiceInterface callingPackage=com.android.chrome componentName=null serviceId=36
08-03 10:58:00.035   619   619 E HWComposer: getLayerReleaseFence failed for display -1: Invalid display
08-03 10:58:00.035   619   619 I chatty  : uid=1000(system) /system/bin/surfaceflinger identical 2 lines
08-03 10:58:00.035   619   619 E HWComposer: getLayerReleaseFence failed for display -1: Invalid display
08-03 10:58:00.042 31076 12068 D ---     : send:3215	flag:0
08-03 10:58:00.048 31076 12068 D wetestService: got buffer, info: size=3349, presentationTimeUs=11640000, offset=0
08-03 10:58:00.048  3312 13826 W AsyncOpDispatcher: GCoreClientInfo is not available, or the caller is GMS Core.
08-03 10:58:00.048   619   619 E HWComposer: getLayerReleaseFence failed for display -1: Invalid display
08-03 10:58:00.048   619   619 I chatty  : uid=1000(system) /system/bin/surfaceflinger identical 2 lines
08-03 10:58:00.048   619   619 E HWComposer: getLayerReleaseFence failed for display -1: Invalid display
08-03 10:58:00.059 11153 25337 I Icing   : Usage reports ok 0, Failed Usage reports 0, indexed 0, rejected 0, imm upload false
08-03 10:58:00.062   619   619 E HWComposer: getLayerReleaseFence failed for display -1: Invalid display
08-03 10:58:00.063   619   619 I chatty  : uid=1000(system) /system/bin/surfaceflinger identical 2 lines
08-03 10:58:00.063   619   619 E HWComposer: getLayerReleaseFence failed for display -1: Invalid display
08-03 10:58:00.079  5519  5519 E adbd    : failed to connect to socket 'tcp:9008': Connection refused
08-03 10:58:00.080  5519  5519 E adbd    : failed to connect to socket 'tcp:9008': Connection refused
08-03 10:58:00.089 31076 12068 D ---     : send:3349	flag:0
08-03 10:58:00.092  1171  1443 W BestClock: java.time.DateTimeException: Missing NTP fix
08-03 10:58:00.095 31076 12068 D wetestService: got buffer, info: size=2896, presentationTimeUs=11680000, offset=0
08-03 10:58:00.095   619   619 E HWComposer: getLayerReleaseFence failed for display -1: Invalid display
08-03 10:58:00.095   619   619 I chatty  : uid=1000(system) /system/bin/surfaceflinger identical 2 lines
08-03 10:58:00.095   619   619 E HWComposer: getLayerReleaseFence failed for display -1: Invalid display
08-03 10:58:00.103  1171  1443 W BestClock: java.time.DateTimeException: Missing NTP fix
08-03 10:58:00.103  1171  1443 I netstats_mobile_sample: [0,0,0,0,0,0,0,0,0,0,0,0,1533265080103]
08-03 10:58:00.105  1171  1443 I netstats_wifi_sample: [7355473486,9676402,919779271,10240285,7287931219,8720351,777730313,10204986,7287931875,8720353,777365317,10200398,1533265080103]
08-03 10:58:00.107  1171  1444 W BestClock: java.time.DateTimeException: Missing NTP fix
08-03 10:58:00.131   619   619 E HWComposer: getLayerReleaseFence failed for display -1: Invalid display
08-03 10:58:00.131   619   619 I chatty  : uid=1000(system) /system/bin/surfaceflinger identical 2 lines
08-03 10:58:00.131   619   619 E HWComposer: getLayerReleaseFence failed for display -1: Invalid display
08-03 10:58:00.137 31076 12068 D ---     : send:2896	flag:0
08-03 10:58:00.140 31076 12068 D wetestService: got buffer, info: size=1620, presentationTimeUs=11720000, offset=0
08-03 10:58:00.168 26926 26947 D wetestinput: handleInputCommand, str = heart_beat 0
08-03 10:58:00.168 26926 26947 D wetestinput: heart beat from client.
08-03 10:58:00.181 31076 12068 D ---     : send:1620	flag:0
08-03 10:58:00.184   619   619 E HWComposer: getLayerReleaseFence failed for display -1: Invalid display
08-03 10:58:00.185   619   619 I chatty  : uid=1000(system) /system/bin/surfaceflinger identical 2 lines
08-03 10:58:00.185   619   619 E HWComposer: getLayerReleaseFence failed for display -1: Invalid display
08-03 10:58:00.186 31076 12068 D wetestService: got buffer, info: size=3412, presentationTimeUs=11760000, offset=0
08-03 10:58:00.216   619   619 E HWComposer: getLayerReleaseFence failed for display -1: Invalid display
08-03 10:58:00.216   619   619 I chatty  : uid=1000(system) /system/bin/surfaceflinger identical 2 lines
08-03 10:58:00.216   619   619 E HWComposer: getLayerReleaseFence failed for display -1: Invalid display
08-03 10:58:00.228 31076 12068 D ---     : send:3412	flag:0
08-03 10:58:00.233 31076 12068 D wetestService: got buffer, info: size=3296, presentationTimeUs=11800000, offset=0
08-03 10:58:00.250   619   619 E HWComposer: getLayerReleaseFence failed for display -1: Invalid display
08-03 10:58:00.250   619   619 I chatty  : uid=1000(system) /system/bin/surfaceflinger identical 2 lines
08-03 10:58:00.250   619   619 E HWComposer: getLayerReleaseFence failed for display -1: Invalid display
08-03 10:58:00.274 31076 12068 D ---     : send:3296	flag:0
08-03 10:58:00.280 31076 12068 D wetestService: got buffer, info: size=3158, presentationTimeUs=11840000, offset=0
08-03 10:58:00.299   619   619 E HWComposer: getLayerReleaseFence failed for display -1: Invalid display
08-03 10:58:00.299   619   619 I chatty  : uid=1000(system) /system/bin/surfaceflinger identical 2 lines
08-03 10:58:00.299   619   619 E HWComposer: getLayerReleaseFence failed for display -1: Invalid display
08-03 10:58:00.323 31076 12068 D ---     : send:3158	flag:0
08-03 10:58:00.328 31076 12068 D wetestService: got buffer, info: size=3799, presentationTimeUs=11880000, offset=0
08-03 10:58:00.334   619   619 E HWComposer: getLayerReleaseFence failed for display -1: Invalid display
08-03 10:58:00.335   619   619 I chatty  : uid=1000(system) /system/bin/surfaceflinger identical 2 lines
08-03 10:58:00.335   619   619 E HWComposer: getLayerReleaseFence failed for display -1: Invalid display
08-03 10:58:00.369 31076 12068 D ---     : send:3799	flag:0
08-03 10:58:00.374 31076 12068 D wetestService: got buffer, info: size=1424, presentationTimeUs=11920000, offset=0
08-03 10:58:00.386   619   619 E HWComposer: getLayerReleaseFence failed for display -1: Invalid display
08-03 10:58:00.386   619   619 I chatty  : uid=1000(system) /system/bin/surfaceflinger identical 2 lines
08-03 10:58:00.386   619   619 E HWComposer: getLayerReleaseFence failed for display -1: Invalid display
08-03 10:58:00.415 31076 12068 D ---     : send:1424	flag:0
08-03 10:58:00.418 31076 12068 D wetestService: got buffer, info: size=3637, presentationTimeUs=11960000, offset=0
08-03 10:58:00.419   619   619 E HWComposer: getLayerReleaseFence failed for display -1: Invalid display
08-03 10:58:00.419   619   619 I chatty  : uid=1000(system) /system/bin/surfaceflinger identical 2 lines
08-03 10:58:00.419   619   619 E HWComposer: getLayerReleaseFence failed for display -1: Invalid display
08-03 10:58:00.459 31076 12068 D ---     : send:3637	flag:0
08-03 10:58:00.464 31076 12068 D wetestService: got buffer, info: size=3210, presentationTimeUs=12000000, offset=0
08-03 10:58:00.469   619   619 E HWComposer: getLayerReleaseFence failed for display -1: Invalid display
08-03 10:58:00.503   619   619 I chatty  : uid=1000(system) /system/bin/surfaceflinger identical 6 lines
08-03 10:58:00.503   619   619 E HWComposer: getLayerReleaseFence failed for display -1: Invalid display
08-03 10:58:00.505 31076 12068 D ---     : send:3210	flag:0
08-03 10:58:00.510 31076 12068 D wetestService: got buffer, info: size=103511, presentationTimeUs=12040000, offset=0
08-03 10:58:00.552 31076 12068 D ---     : send:103511	flag:1
08-03 10:58:00.556   619   619 E HWComposer: getLayerReleaseFence failed for display -1: Invalid display
08-03 10:58:00.556   619   619 I chatty  : uid=1000(system) /system/bin/surfaceflinger identical 2 lines
08-03 10:58:00.556   619   619 E HWComposer: getLayerReleaseFence failed for display -1: Invalid display
08-03 10:58:00.556 31076 12068 D wetestService: got buffer, info: size=5429, presentationTimeUs=12080000, offset=0
08-03 10:58:00.586   619   619 E HWComposer: getLayerReleaseFence failed for display -1: Invalid display
08-03 10:58:00.586   619   619 I chatty  : uid=1000(system) /system/bin/surfaceflinger identical 2 lines
08-03 10:58:00.586   619   619 E HWComposer: getLayerReleaseFence failed for display -1: Invalid display
08-03 10:58:00.598 31076 12068 D ---     : send:5429	flag:0
08-03 10:58:00.600 31076 12068 D wetestService: got buffer, info: size=3726, presentationTimeUs=12120000, offset=0
08-03 10:58:00.639   619   619 E HWComposer: getLayerReleaseFence failed for display -1: Invalid display
08-03 10:58:00.639   619   619 I chatty  : uid=1000(system) /system/bin/surfaceflinger identical 2 lines
08-03 10:58:00.639   619   619 E HWComposer: getLayerReleaseFence failed for display -1: Invalid display
08-03 10:58:00.641 31076 12068 D ---     : send:3726	flag:0
08-03 10:58:00.644 31076 12068 D wetestService: got buffer, info: size=1598, presentationTimeUs=12160000, offset=0
08-03 10:58:00.670   619   619 E HWComposer: getLayerReleaseFence failed for display -1: Invalid display
08-03 10:58:00.670   619   619 I chatty  : uid=1000(system) /system/bin/surfaceflinger identical 2 lines
08-03 10:58:00.670   619   619 E HWComposer: getLayerReleaseFence failed for display -1: Invalid display
08-03 10:58:00.685 31076 12068 D ---     : send:1598	flag:0
08-03 10:58:00.693 31076 12068 D wetestService: got buffer, info: size=4201, presentationTimeUs=12200000, offset=0
08-03 10:58:00.704   619   619 E HWComposer: getLayerReleaseFence failed for display -1: Invalid display
08-03 10:58:00.705   619   619 I chatty  : uid=1000(system) /system/bin/surfaceflinger identical 2 lines
08-03 10:58:00.705   619   619 E HWComposer: getLayerReleaseFence failed for display -1: Invalid display
08-03 10:58:00.734 31076 12068 D ---     : send:4201	flag:0
08-03 10:58:00.740 31076 12068 D wetestService: got buffer, info: size=1491, presentationTimeUs=12240000, offset=0
08-03 10:58:00.755   619   619 E HWComposer: getLayerReleaseFence failed for display -1: Invalid display
08-03 10:58:00.755   619   619 I chatty  : uid=1000(system) /system/bin/surfaceflinger identical 2 lines
08-03 10:58:00.756   619   619 E HWComposer: getLayerReleaseFence failed for display -1: Invalid display
08-03 10:58:00.781 31076 12068 D ---     : send:1491	flag:0
08-03 10:58:00.786 31076 12068 D wetestService: got buffer, info: size=3848, presentationTimeUs=12280000, offset=0
08-03 10:58:00.789   619   619 E HWComposer: getLayerReleaseFence failed for display -1: Invalid display
08-03 10:58:00.789   619   619 I chatty  : uid=1000(system) /system/bin/surfaceflinger identical 2 lines
08-03 10:58:00.790   619   619 E HWComposer: getLayerReleaseFence failed for display -1: Invalid display
08-03 10:58:00.827 31076 12068 D ---     : send:3848	flag:0
08-03 10:58:00.832 31076 12068 D wetestService: got buffer, info: size=3567, presentationTimeUs=12320000, offset=0
08-03 10:58:00.839   619   619 E HWComposer: getLayerReleaseFence failed for display -1: Invalid display
08-03 10:58:00.840   619   619 I chatty  : uid=1000(system) /system/bin/surfaceflinger identical 2 lines
08-03 10:58:00.840   619   619 E HWComposer: getLayerReleaseFence failed for display -1: Invalid display
08-03 10:58:00.853   742   833 I ThermalEngine: vs_get_temperature: read[0] tsens_tz_sensor13 45000 mC, weight[0] 1
08-03 10:58:00.853   742   833 I ThermalEngine: vs_get_temperature: read[1] tsens_tz_sensor0 47000 mC, weight[1] -1
08-03 10:58:00.872   619   619 E HWComposer: getLayerReleaseFence failed for display -1: Invalid display
08-03 10:58:00.872   619   619 I chatty  : uid=1000(system) /system/bin/surfaceflinger identical 2 lines
08-03 10:58:00.872   619   619 E HWComposer: getLayerReleaseFence failed for display -1: Invalid display
08-03 10:58:00.874 31076 12068 D ---     : send:3567	flag:0
08-03 10:58:00.876 31076 12068 D wetestService: got buffer, info: size=1404, presentationTimeUs=12360000, offset=0
08-03 10:58:00.917 31076 12068 D ---     : send:1404	flag:0
08-03 10:58:00.920 31076 12068 D wetestService: got buffer, info: size=3096, presentationTimeUs=12400000, offset=0
08-03 10:58:00.923   619   619 E HWComposer: getLayerReleaseFence failed for display -1: Invalid display
08-03 10:58:00.956   619   619 I chatty  : uid=1000(system) /system/bin/surfaceflinger identical 6 lines
08-03 10:58:00.956   619   619 E HWComposer: getLayerReleaseFence failed for display -1: Invalid display
08-03 10:58:00.961 31076 12068 D ---     : send:3096	flag:0
08-03 10:58:00.965 31076 12068 D wetestService: got buffer, info: size=3020, presentationTimeUs=12440000, offset=0
08-03 10:58:01.007 31076 12068 D ---     : send:3020	flag:0
08-03 10:58:01.008   619   619 E HWComposer: getLayerReleaseFence failed for display -1: Invalid display
08-03 10:58:01.008   619   619 I chatty  : uid=1000(system) /system/bin/surfaceflinger identical 2 lines
08-03 10:58:01.008   619   619 E HWComposer: getLayerReleaseFence failed for display -1: Invalid display
08-03 10:58:01.012 31076 12068 D wetestService: got buffer, info: size=2988, presentationTimeUs=12480000, offset=0
08-03 10:58:01.041   619   619 E HWComposer: getLayerReleaseFence failed for display -1: Invalid display
08-03 10:58:01.041   619   619 I chatty  : uid=1000(system) /system/bin/surfaceflinger identical 2 lines
08-03 10:58:01.041   619   619 E HWComposer: getLayerReleaseFence failed for display -1: Invalid display
08-03 10:58:01.053 31076 12068 D ---     : send:2988	flag:0
08-03 10:58:01.057 31076 12068 D wetestService: got buffer, info: size=4368, presentationTimeUs=12520000, offset=0
08-03 10:58:01.065 11153 25337 I Icing   : Indexing com.android.chrome-omnibox from com.android.chrome
08-03 10:58:01.074   619   619 E HWComposer: getLayerReleaseFence failed for display -1: Invalid display
08-03 10:58:01.074   619   619 I chatty  : uid=1000(system) /system/bin/surfaceflinger identical 2 lines
08-03 10:58:01.074   619   619 E HWComposer: getLayerReleaseFence failed for display -1: Invalid display
08-03 10:58:01.079 11153 25337 I Icing   : Indexing done com.android.chrome-omnibox
08-03 10:58:01.081   914   958 E statsd  : Predicate -6150195365450938007 dropping data for dimension key (27)0x10000->10103[I] 
08-03 10:58:01.081   914   958 E statsd  : Predicate -6150195365450938007 dropping data for dimension key (27)0x10000->10103[I] 
08-03 10:58:01.089  3312  3699 W Conscrypt: Could not set socket write timeout: java.lang.reflect.InvocationTargetException
08-03 10:58:01.089  3312  3699 W Conscrypt: 	at java.lang.reflect.Method.invoke(Native Method)
08-03 10:58:01.089  3312  3699 W Conscrypt: 	at com.google.android.gms.org.conscrypt.Platform.setSocketWriteTimeout(:com.google.android.gms@12848063@12.8.48 (100408-196123505):13)
08-03 10:58:01.089  3312  3699 W Conscrypt: Caused by: android.system.ErrnoException: setsockopt failed: EBADF (Bad file descriptor)
08-03 10:58:01.090  3312  3699 W Conscrypt: 	at libcore.io.Linux.setsockoptTimeval(Native Method)
08-03 10:58:01.090  3312  3699 W Conscrypt: 	at libcore.io.ForwardingOs.setsockoptTimeval(ForwardingOs.java:174)
08-03 10:58:01.094  3312  3699 V NativeCrypto: SSL handshake aborted: ssl=0x7e98bf33c8: I/O error during system call, Connection reset by peer
08-03 10:58:01.098 31076 12068 D ---     : send:4368	flag:0
08-03 10:58:01.101  3312  3699 W Conscrypt: Could not set socket write timeout: java.lang.reflect.InvocationTargetException
08-03 10:58:01.101 31076 12068 D wetestService: got buffer, info: size=1536, presentationTimeUs=12560000, offset=0
08-03 10:58:01.101  3312  3699 W Conscrypt: 	at java.lang.reflect.Method.invoke(Native Method)
08-03 10:58:01.102  3312  3699 W Conscrypt: 	at com.google.android.gms.org.conscrypt.Platform.setSocketWriteTimeout(:com.google.android.gms@12848063@12.8.48 (100408-196123505):13)
08-03 10:58:01.102  3312  3699 W Conscrypt: Caused by: android.system.ErrnoException: setsockopt failed: EBADF (Bad file descriptor)
08-03 10:58:01.102  3312  3699 W Conscrypt: 	at libcore.io.Linux.setsockoptTimeval(Native Method)
08-03 10:58:01.102  3312  3699 W Conscrypt: 	at libcore.io.ForwardingOs.setsockoptTimeval(ForwardingOs.java:174)
08-03 10:58:01.108  3312  3699 V NativeCrypto: SSL handshake aborted: ssl=0x7e98bf33c8: I/O error during system call, Connection reset by peer
08-03 10:58:01.114  5519  5519 E adbd    : failed to connect to socket 'tcp:9008': Connection refused
08-03 10:58:01.115  5519  5519 E adbd    : failed to connect to socket 'tcp:9008': Connection refused
08-03 10:58:01.124   619   619 E HWComposer: getLayerReleaseFence failed for display -1: Invalid display
08-03 10:58:01.124   619   619 I chatty  : uid=1000(system) /system/bin/surfaceflinger identical 2 lines
08-03 10:58:01.124   619   619 E HWComposer: getLayerReleaseFence failed for display -1: Invalid display
08-03 10:58:01.142 31076 12068 D ---     : send:1536	flag:0
08-03 10:58:01.148 31076 12068 D wetestService: got buffer, info: size=3122, presentationTimeUs=12600000, offset=0
08-03 10:58:01.176   619   619 E HWComposer: getLayerReleaseFence failed for display -1: Invalid display
08-03 10:58:01.176   619   619 I chatty  : uid=1000(system) /system/bin/surfaceflinger identical 2 lines
08-03 10:58:01.176   619   619 E HWComposer: getLayerReleaseFence failed for display -1: Invalid display
08-03 10:58:01.190 31076 12068 D ---     : send:3122	flag:0
08-03 10:58:01.196 31076 12068 D wetestService: got buffer, info: size=3191, presentationTimeUs=12640000, offset=0
08-03 10:58:01.208   619   619 E HWComposer: getLayerReleaseFence failed for display -1: Invalid display
08-03 10:58:01.208   619   619 I chatty  : uid=1000(system) /system/bin/surfaceflinger identical 2 lines
08-03 10:58:01.208   619   619 E HWComposer: getLayerReleaseFence failed for display -1: Invalid display
08-03 10:58:01.237 31076 12068 D ---     : send:3191	flag:0
08-03 10:58:01.242 31076 12068 D wetestService: got buffer, info: size=3083, presentationTimeUs=12680000, offset=0
08-03 10:58:01.244   619   619 E HWComposer: getLayerReleaseFence failed for display -1: Invalid display
08-03 10:58:01.244   619   619 I chatty  : uid=1000(system) /system/bin/surfaceflinger identical 2 lines
08-03 10:58:01.244   619   619 E HWComposer: getLayerReleaseFence failed for display -1: Invalid display
08-03 10:58:01.283 31076 12068 D ---     : send:3083	flag:0
08-03 10:58:01.288 31076 12068 D wetestService: got buffer, info: size=3558, presentationTimeUs=12720000, offset=0
08-03 10:58:01.295   619   619 E HWComposer: getLayerReleaseFence failed for display -1: Invalid display
08-03 10:58:01.327   619   619 I chatty  : uid=1000(system) /system/bin/surfaceflinger identical 6 lines
08-03 10:58:01.327   619   619 E HWComposer: getLayerReleaseFence failed for display -1: Invalid display
08-03 10:58:01.329 31076 12068 D ---     : send:3558	flag:0
08-03 10:58:01.334 31076 12068 D wetestService: got buffer, info: size=1604, presentationTimeUs=12760000, offset=0
08-03 10:58:01.376 31076 12068 D ---     : send:1604	flag:0
08-03 10:58:01.379   619   619 E HWComposer: getLayerReleaseFence failed for display -1: Invalid display
08-03 10:58:01.379   619   619 I chatty  : uid=1000(system) /system/bin/surfaceflinger identical 2 lines
08-03 10:58:01.379   619   619 E HWComposer: getLayerReleaseFence failed for display -1: Invalid display
08-03 10:58:01.380 31076 12068 D wetestService: got buffer, info: size=3171, presentationTimeUs=12800000, offset=0
08-03 10:58:01.411   619   619 E HWComposer: getLayerReleaseFence failed for display -1: Invalid display
08-03 10:58:01.411   619   619 I chatty  : uid=1000(system) /system/bin/surfaceflinger identical 2 lines
08-03 10:58:01.411   619   619 E HWComposer: getLayerReleaseFence failed for display -1: Invalid display
08-03 10:58:01.422 31076 12068 D ---     : send:3171	flag:0
08-03 10:58:01.426 31076 12068 D wetestService: got buffer, info: size=103431, presentationTimeUs=12840000, offset=0
08-03 10:58:01.462   619   619 E HWComposer: getLayerReleaseFence failed for display -1: Invalid display
08-03 10:58:01.462   619   619 I chatty  : uid=1000(system) /system/bin/surfaceflinger identical 2 lines
08-03 10:58:01.462   619   619 E HWComposer: getLayerReleaseFence failed for display -1: Invalid display
08-03 10:58:01.468 31076 12068 D ---     : send:103431	flag:1
08-03 10:58:01.470 31076 12068 D wetestService: got buffer, info: size=4701, presentationTimeUs=12880000, offset=0
08-03 10:58:01.494   619   619 E HWComposer: getLayerReleaseFence failed for display -1: Invalid display
08-03 10:58:01.495   619   619 I chatty  : uid=1000(system) /system/bin/surfaceflinger identical 2 lines
08-03 10:58:01.495   619   619 E HWComposer: getLayerReleaseFence failed for display -1: Invalid display
08-03 10:58:01.512 31076 12068 D ---     : send:4701	flag:0
08-03 10:58:01.518 31076 12068 D wetestService: got buffer, info: size=3930, presentationTimeUs=12920000, offset=0
08-03 10:58:01.546   619   619 E HWComposer: getLayerReleaseFence failed for display -1: Invalid display
08-03 10:58:01.546   619   619 I chatty  : uid=1000(system) /system/bin/surfaceflinger identical 2 lines
08-03 10:58:01.546   619   619 E HWComposer: getLayerReleaseFence failed for display -1: Invalid display
08-03 10:58:01.562 31076 12068 D ---     : send:3930	flag:0
08-03 10:58:01.567 31076 12068 D wetestService: got buffer, info: size=1352, presentationTimeUs=12960000, offset=0
08-03 10:58:01.580   619   619 E HWComposer: getLayerReleaseFence failed for display -1: Invalid display
08-03 10:58:01.581   619   619 I chatty  : uid=1000(system) /system/bin/surfaceflinger identical 2 lines
08-03 10:58:01.581   619   619 E HWComposer: getLayerReleaseFence failed for display -1: Invalid display
08-03 10:58:01.608 31076 12068 D ---     : send:1352	flag:0
08-03 10:58:01.613 31076 12068 D wetestService: got buffer, info: size=3413, presentationTimeUs=13000000, offset=0
08-03 10:58:01.630   619   619 E HWComposer: getLayerReleaseFence failed for display -1: Invalid display
08-03 10:58:01.630   619   619 I chatty  : uid=1000(system) /system/bin/surfaceflinger identical 2 lines
08-03 10:58:01.630   619   619 E HWComposer: getLayerReleaseFence failed for display -1: Invalid display
08-03 10:58:01.654 31076 12068 D ---     : send:3413	flag:0
08-03 10:58:01.659 31076 12068 D wetestService: got buffer, info: size=3153, presentationTimeUs=13040000, offset=0
08-03 10:58:01.664   619   619 E HWComposer: getLayerReleaseFence failed for display -1: Invalid display
08-03 10:58:01.664   619   619 I chatty  : uid=1000(system) /system/bin/surfaceflinger identical 2 lines
08-03 10:58:01.664   619   619 E HWComposer: getLayerReleaseFence failed for display -1: Invalid display
08-03 10:58:01.700 31076 12068 D ---     : send:3153	flag:0
08-03 10:58:01.705 31076 12068 D wetestService: got buffer, info: size=2962, presentationTimeUs=13080000, offset=0
08-03 10:58:01.715   619   619 E HWComposer: getLayerReleaseFence failed for display -1: Invalid display
08-03 10:58:01.715   619   619 I chatty  : uid=1000(system) /system/bin/surfaceflinger identical 2 lines
08-03 10:58:01.715   619   619 E HWComposer: getLayerReleaseFence failed for display -1: Invalid display
08-03 10:58:01.747 31076 12068 D ---     : send:2962	flag:0
08-03 10:58:01.748   619   619 E HWComposer: getLayerReleaseFence failed for display -1: Invalid display
08-03 10:58:01.748   619   619 I chatty  : uid=1000(system) /system/bin/surfaceflinger identical 2 lines
08-03 10:58:01.748   619   619 E HWComposer: getLayerReleaseFence failed for display -1: Invalid display
08-03 10:58:01.752 31076 12068 D wetestService: got buffer, info: size=3048, presentationTimeUs=13120000, offset=0
08-03 10:58:01.782   619   619 E HWComposer: getLayerReleaseFence failed for display -1: Invalid display
08-03 10:58:01.782   619   619 I chatty  : uid=1000(system) /system/bin/surfaceflinger identical 2 lines
08-03 10:58:01.782   619   619 E HWComposer: getLayerReleaseFence failed for display -1: Invalid display
08-03 10:58:01.793 31076 12068 D ---     : send:3048	flag:0
08-03 10:58:01.797 31076 12068 D wetestService: got buffer, info: size=3008, presentationTimeUs=13160000, offset=0
08-03 10:58:01.832   619   619 E HWComposer: getLayerReleaseFence failed for display -1: Invalid display
08-03 10:58:01.832   619   619 I chatty  : uid=1000(system) /system/bin/surfaceflinger identical 2 lines
08-03 10:58:01.832   619   619 E HWComposer: getLayerReleaseFence failed for display -1: Invalid display
08-03 10:58:01.839 31076 12068 D ---     : send:3008	flag:0
08-03 10:58:01.842 31076 12068 D wetestService: got buffer, info: size=1230, presentationTimeUs=13200000, offset=0
08-03 10:58:01.854   742   833 I ThermalEngine: vs_get_temperature: read[0] tsens_tz_sensor13 46000 mC, weight[0] 1
08-03 10:58:01.855   742   833 I ThermalEngine: vs_get_temperature: read[1] tsens_tz_sensor0 47000 mC, weight[1] -1
08-03 10:58:01.866   619   619 E HWComposer: getLayerReleaseFence failed for display -1: Invalid display
08-03 10:58:01.866   619   619 I chatty  : uid=1000(system) /system/bin/surfaceflinger identical 2 lines
08-03 10:58:01.866   619   619 E HWComposer: getLayerReleaseFence failed for display -1: Invalid display
08-03 10:58:01.883 31076 12068 D ---     : send:1230	flag:0
08-03 10:58:01.890 31076 12068 D wetestService: got buffer, info: size=3172, presentationTimeUs=13240000, offset=0
08-03 10:58:01.916   619   619 E HWComposer: getLayerReleaseFence failed for display -1: Invalid display
08-03 10:58:01.916   619   619 I chatty  : uid=1000(system) /system/bin/surfaceflinger identical 2 lines
08-03 10:58:01.916   619   619 E HWComposer: getLayerReleaseFence failed for display -1: Invalid display
08-03 10:58:01.932 31076 12068 D ---     : send:3172	flag:0
08-03 10:58:01.938 31076 12068 D wetestService: got buffer, info: size=3187, presentationTimeUs=13280000, offset=0
08-03 10:58:01.950   619   619 E HWComposer: getLayerReleaseFence failed for display -1: Invalid display
08-03 10:58:01.950   619   619 I chatty  : uid=1000(system) /system/bin/surfaceflinger identical 2 lines
08-03 10:58:01.950   619   619 E HWComposer: getLayerReleaseFence failed for display -1: Invalid display
08-03 10:58:01.980 31076 12068 D ---     : send:3187	flag:0
08-03 10:58:01.982 31076 12068 D wetestService: got buffer, info: size=2970, presentationTimeUs=13320000, offset=0
08-03 10:58:02.001   619   619 E HWComposer: getLayerReleaseFence failed for display -1: Invalid display
08-03 10:58:02.001   619   619 I chatty  : uid=1000(system) /system/bin/surfaceflinger identical 2 lines
08-03 10:58:02.001   619   619 E HWComposer: getLayerReleaseFence failed for display -1: Invalid display
08-03 10:58:02.024 31076 12068 D ---     : send:2970	flag:0
08-03 10:58:02.026 31076 12068 D wetestService: got buffer, info: size=2957, presentationTimeUs=13360000, offset=0
08-03 10:58:02.034   619   619 E HWComposer: getLayerReleaseFence failed for display -1: Invalid display
08-03 10:58:02.034   619   619 I chatty  : uid=1000(system) /system/bin/surfaceflinger identical 2 lines
08-03 10:58:02.034   619   619 E HWComposer: getLayerReleaseFence failed for display -1: Invalid display
08-03 10:58:02.067 31076 12068 D ---     : send:2957	flag:0
08-03 10:58:02.070 31076 12068 D wetestService: got buffer, info: size=1220, presentationTimeUs=13400000, offset=0
08-03 10:58:02.085   619   619 E HWComposer: getLayerReleaseFence failed for display -1: Invalid display
08-03 10:58:02.085   619   619 I chatty  : uid=1000(system) /system/bin/surfaceflinger identical 2 lines
08-03 10:58:02.085   619   619 E HWComposer: getLayerReleaseFence failed for display -1: Invalid display
08-03 10:58:02.111 31076 12068 D ---     : send:1220	flag:0
08-03 10:58:02.113 31076 12068 D wetestService: got buffer, info: size=3298, presentationTimeUs=13440000, offset=0
08-03 10:58:02.118   619   619 E HWComposer: getLayerReleaseFence failed for display -1: Invalid display
08-03 10:58:02.118   619   619 I chatty  : uid=1000(system) /system/bin/surfaceflinger identical 2 lines
08-03 10:58:02.118   619   619 E HWComposer: getLayerReleaseFence failed for display -1: Invalid display
08-03 10:58:02.150  5519  5519 E adbd    : failed to connect to socket 'tcp:9008': Connection refused
08-03 10:58:02.151   619   619 E HWComposer: getLayerReleaseFence failed for display -1: Invalid display
08-03 10:58:02.151   619   619 I chatty  : uid=1000(system) /system/bin/surfaceflinger identical 2 lines
08-03 10:58:02.151   619   619 E HWComposer: getLayerReleaseFence failed for display -1: Invalid display
08-03 10:58:02.151  5519  5519 E adbd    : failed to connect to socket 'tcp:9008': Connection refused
08-03 10:58:02.155 31076 12068 D ---     : send:3298	flag:0
08-03 10:58:02.159 31076 12068 D wetestService: got buffer, info: size=2530, presentationTimeUs=13480000, offset=0
08-03 10:58:02.201 31076 12068 D ---     : send:2530	flag:0
08-03 10:58:02.204   619   619 E HWComposer: getLayerReleaseFence failed for display -1: Invalid display
08-03 10:58:02.204   619   619 I chatty  : uid=1000(system) /system/bin/surfaceflinger identical 2 lines
08-03 10:58:02.204   619   619 E HWComposer: getLayerReleaseFence failed for display -1: Invalid display
08-03 10:58:02.205 31076 12068 D wetestService: got buffer, info: size=3516, presentationTimeUs=13520000, offset=0
08-03 10:58:02.235   619   619 E HWComposer: getLayerReleaseFence failed for display -1: Invalid display
08-03 10:58:02.235   619   619 I chatty  : uid=1000(system) /system/bin/surfaceflinger identical 2 lines
08-03 10:58:02.235   619   619 E HWComposer: getLayerReleaseFence failed for display -1: Invalid display
08-03 10:58:02.246 31076 12068 D ---     : send:3516	flag:0
08-03 10:58:02.250 31076 12068 D wetestService: got buffer, info: size=3021, presentationTimeUs=13560000, offset=0
08-03 10:58:02.286   619   619 E HWComposer: getLayerReleaseFence failed for display -1: Invalid display
08-03 10:58:02.286   619   619 I chatty  : uid=1000(system) /system/bin/surfaceflinger identical 2 lines
08-03 10:58:02.286   619   619 E HWComposer: getLayerReleaseFence failed for display -1: Invalid display
08-03 10:58:02.291 31076 12068 D ---     : send:3021	flag:0
08-03 10:58:02.293 31076 12068 D wetestService: got buffer, info: size=1265, presentationTimeUs=13600000, offset=0
08-03 10:58:02.320   619   619 E HWComposer: getLayerReleaseFence failed for display -1: Invalid display
08-03 10:58:02.320   619   619 I chatty  : uid=1000(system) /system/bin/surfaceflinger identical 2 lines
08-03 10:58:02.320   619   619 E HWComposer: getLayerReleaseFence failed for display -1: Invalid display
08-03 10:58:02.334 31076 12068 D ---     : send:1265	flag:0
08-03 10:58:02.337 31076 12068 D wetestService: got buffer, info: size=103417, presentationTimeUs=13640000, offset=0
08-03 10:58:02.371   619   619 E HWComposer: getLayerReleaseFence failed for display -1: Invalid display
08-03 10:58:02.371   619   619 I chatty  : uid=1000(system) /system/bin/surfaceflinger identical 2 lines
08-03 10:58:02.371   619   619 E HWComposer: getLayerReleaseFence failed for display -1: Invalid display
08-03 10:58:02.378 31076 12068 D ---     : send:103417	flag:1
08-03 10:58:02.386 31076 12068 D wetestService: got buffer, info: size=2887, presentationTimeUs=13680000, offset=0
08-03 10:58:02.403   619   619 E HWComposer: getLayerReleaseFence failed for display -1: Invalid display
08-03 10:58:02.403   619   619 I chatty  : uid=1000(system) /system/bin/surfaceflinger identical 2 lines
08-03 10:58:02.403   619   619 E HWComposer: getLayerReleaseFence failed for display -1: Invalid display
08-03 10:58:02.428 31076 12068 D ---     : send:2887	flag:0
08-03 10:58:02.431 31076 12068 D wetestService: got buffer, info: size=3990, presentationTimeUs=13720000, offset=0
08-03 10:58:02.455   619   619 E HWComposer: getLayerReleaseFence failed for display -1: Invalid display
08-03 10:58:02.455   619   619 I chatty  : uid=1000(system) /system/bin/surfaceflinger identical 2 lines
08-03 10:58:02.455   619   619 E HWComposer: getLayerReleaseFence failed for display -1: Invalid display
08-03 10:58:02.473 31076 12068 D ---     : send:3990	flag:0
08-03 10:58:02.475 31076 12068 D wetestService: got buffer, info: size=3401, presentationTimeUs=13760000, offset=0
08-03 10:58:02.488   619   619 E HWComposer: getLayerReleaseFence failed for display -1: Invalid display
08-03 10:58:02.488   619   619 I chatty  : uid=1000(system) /system/bin/surfaceflinger identical 2 lines
08-03 10:58:02.488   619   619 E HWComposer: getLayerReleaseFence failed for display -1: Invalid display
08-03 10:58:02.517 31076 12068 D ---     : send:3401	flag:0
08-03 10:58:02.521 31076 12068 D wetestService: got buffer, info: size=1439, presentationTimeUs=13800000, offset=0
08-03 10:58:02.522   619   619 E HWComposer: getLayerReleaseFence failed for display -1: Invalid display
08-03 10:58:02.523   619   619 I chatty  : uid=1000(system) /system/bin/surfaceflinger identical 2 lines
08-03 10:58:02.523   619   619 E HWComposer: getLayerReleaseFence failed for display -1: Invalid display
08-03 10:58:02.563 31076 12068 D ---     : send:1439	flag:0
08-03 10:58:02.568 31076 12068 D wetestService: got buffer, info: size=3666, presentationTimeUs=13840000, offset=0
08-03 10:58:02.573   619   619 E HWComposer: getLayerReleaseFence failed for display -1: Invalid display
08-03 10:58:02.606   619   619 I chatty  : uid=1000(system) /system/bin/surfaceflinger identical 6 lines
08-03 10:58:02.606   619   619 E HWComposer: getLayerReleaseFence failed for display -1: Invalid display
08-03 10:58:02.609 31076 12068 D ---     : send:3666	flag:0
08-03 10:58:02.614 31076 12068 D wetestService: got buffer, info: size=2615, presentationTimeUs=13880000, offset=0
08-03 10:58:02.655 31076 12068 D ---     : send:2615	flag:0
08-03 10:58:02.657   619   619 E HWComposer: getLayerReleaseFence failed for display -1: Invalid display
08-03 10:58:02.657   619   619 I chatty  : uid=1000(system) /system/bin/surfaceflinger identical 2 lines
08-03 10:58:02.657   619   619 E HWComposer: getLayerReleaseFence failed for display -1: Invalid display
08-03 10:58:02.660 31076 12068 D wetestService: got buffer, info: size=3081, presentationTimeUs=13920000, offset=0
08-03 10:58:02.690   619   619 E HWComposer: getLayerReleaseFence failed for display -1: Invalid display
08-03 10:58:02.690   619   619 I chatty  : uid=1000(system) /system/bin/surfaceflinger identical 2 lines
08-03 10:58:02.690   619   619 E HWComposer: getLayerReleaseFence failed for display -1: Invalid display
08-03 10:58:02.702 31076 12068 D ---     : send:3081	flag:0
08-03 10:58:02.707 31076 12068 D wetestService: got buffer, info: size=3539, presentationTimeUs=13960000, offset=0
08-03 10:58:02.740   619   619 E HWComposer: getLayerReleaseFence failed for display -1: Invalid display
08-03 10:58:02.740   619   619 I chatty  : uid=1000(system) /system/bin/surfaceflinger identical 2 lines
08-03 10:58:02.740   619   619 E HWComposer: getLayerReleaseFence failed for display -1: Invalid display
08-03 10:58:02.748 31076 12068 D ---     : send:3539	flag:0
08-03 10:58:02.755 31076 12068 D wetestService: got buffer, info: size=3217, presentationTimeUs=14000000, offset=0
08-03 10:58:02.775   619   619 E HWComposer: getLayerReleaseFence failed for display -1: Invalid display
08-03 10:58:02.775   619   619 I chatty  : uid=1000(system) /system/bin/surfaceflinger identical 2 lines
08-03 10:58:02.775   619   619 E HWComposer: getLayerReleaseFence failed for display -1: Invalid display
08-03 10:58:02.797 31076 12068 D ---     : send:3217	flag:0
08-03 10:58:02.802 31076 12068 D wetestService: got buffer, info: size=3142, presentationTimeUs=14040000, offset=0
08-03 10:58:02.824   619   619 E HWComposer: getLayerReleaseFence failed for display -1: Invalid display
08-03 10:58:02.824   619   619 I chatty  : uid=1000(system) /system/bin/surfaceflinger identical 2 lines
08-03 10:58:02.824   619   619 E HWComposer: getLayerReleaseFence failed for display -1: Invalid display
08-03 10:58:02.844 31076 12068 D ---     : send:3142	flag:0
08-03 10:58:02.846 31076 12068 D wetestService: got buffer, info: size=3100, presentationTimeUs=14080000, offset=0
08-03 10:58:02.858   742   833 I ThermalEngine: vs_get_temperature: read[0] tsens_tz_sensor13 45000 mC, weight[0] 1
08-03 10:58:02.858   742   833 I ThermalEngine: vs_get_temperature: read[1] tsens_tz_sensor0 47000 mC, weight[1] -1
08-03 10:58:02.858   619   619 E HWComposer: getLayerReleaseFence failed for display -1: Invalid display
08-03 10:58:02.858   619   619 I chatty  : uid=1000(system) /system/bin/surfaceflinger identical 2 lines
08-03 10:58:02.858   619   619 E HWComposer: getLayerReleaseFence failed for display -1: Invalid display
08-03 10:58:02.888 31076 12068 D ---     : send:3100	flag:0
08-03 10:58:02.890 31076 12068 D wetestService: got buffer, info: size=3750, presentationTimeUs=14120000, offset=0
08-03 10:58:02.908   619   619 E HWComposer: getLayerReleaseFence failed for display -1: Invalid display
08-03 10:58:02.908   619   619 I chatty  : uid=1000(system) /system/bin/surfaceflinger identical 2 lines
08-03 10:58:02.908   619   619 E HWComposer: getLayerReleaseFence failed for display -1: Invalid display
08-03 10:58:02.932 31076 12068 D ---     : send:3750	flag:0
08-03 10:58:02.937 31076 12068 D wetestService: got buffer, info: size=3394, presentationTimeUs=14160000, offset=0
08-03 10:58:02.943   619   619 E HWComposer: getLayerReleaseFence failed for display -1: Invalid display
08-03 10:58:02.975   619   619 I chatty  : uid=1000(system) /system/bin/surfaceflinger identical 6 lines
08-03 10:58:02.975   619   619 E HWComposer: getLayerReleaseFence failed for display -1: Invalid display
08-03 10:58:02.978 31076 12068 D ---     : send:3394	flag:0
08-03 10:58:02.983 31076 12068 D wetestService: got buffer, info: size=1520, presentationTimeUs=14200000, offset=0
08-03 10:58:03.024 31076 12068 D ---     : send:1520	flag:0
08-03 10:58:03.026 31076 12068 D wetestService: got buffer, info: size=3143, presentationTimeUs=14240000, offset=0
08-03 10:58:03.028   619   619 E HWComposer: getLayerReleaseFence failed for display -1: Invalid display
08-03 10:58:03.061   619   619 I chatty  : uid=1000(system) /system/bin/surfaceflinger identical 6 lines
08-03 10:58:03.061   619   619 E HWComposer: getLayerReleaseFence failed for display -1: Invalid display
08-03 10:58:03.068 31076 12068 D ---     : send:3143	flag:0
08-03 10:58:03.073 31076 12068 D wetestService: got buffer, info: size=3101, presentationTimeUs=14280000, offset=0
08-03 10:58:03.111   619   619 E HWComposer: getLayerReleaseFence failed for display -1: Invalid display
08-03 10:58:03.111   619   619 I chatty  : uid=1000(system) /system/bin/surfaceflinger identical 2 lines
08-03 10:58:03.111   619   619 E HWComposer: getLayerReleaseFence failed for display -1: Invalid display
08-03 10:58:03.114 31076 12068 D ---     : send:3101	flag:0
08-03 10:58:03.119 31076 12068 D wetestService: got buffer, info: size=3270, presentationTimeUs=14320000, offset=0
08-03 10:58:03.144   619   619 E HWComposer: getLayerReleaseFence failed for display -1: Invalid display
08-03 10:58:03.144   619   619 I chatty  : uid=1000(system) /system/bin/surfaceflinger identical 2 lines
08-03 10:58:03.144   619   619 E HWComposer: getLayerReleaseFence failed for display -1: Invalid display
08-03 10:58:03.160 31076 12068 D ---     : send:3270	flag:0
08-03 10:58:03.165 31076 12068 D wetestService: got buffer, info: size=3696, presentationTimeUs=14360000, offset=0
08-03 10:58:03.194   619   619 E HWComposer: getLayerReleaseFence failed for display -1: Invalid display
08-03 10:58:03.194   619   619 I chatty  : uid=1000(system) /system/bin/surfaceflinger identical 2 lines
08-03 10:58:03.194   619   619 E HWComposer: getLayerReleaseFence failed for display -1: Invalid display
08-03 10:58:03.203  5519  5519 E adbd    : failed to connect to socket 'tcp:9008': Connection refused
08-03 10:58:03.204  5519  5519 E adbd    : failed to connect to socket 'tcp:9008': Connection refused
08-03 10:58:03.206 31076 12068 D ---     : send:3696	flag:0
08-03 10:58:03.209 31076 12068 D wetestService: got buffer, info: size=1463, presentationTimeUs=14400000, offset=0
08-03 10:58:03.228   619   619 E HWComposer: getLayerReleaseFence failed for display -1: Invalid display
08-03 10:58:03.228   619   619 I chatty  : uid=1000(system) /system/bin/surfaceflinger identical 2 lines
08-03 10:58:03.228   619   619 E HWComposer: getLayerReleaseFence failed for display -1: Invalid display
08-03 10:58:03.251 31076 12068 D ---     : send:1463	flag:0
08-03 10:58:03.254 31076 12068 D wetestService: got buffer, info: size=103187, presentationTimeUs=14440000, offset=0
08-03 10:58:03.278   619   619 E HWComposer: getLayerReleaseFence failed for display -1: Invalid display
08-03 10:58:03.278   619   619 I chatty  : uid=1000(system) /system/bin/surfaceflinger identical 2 lines
08-03 10:58:03.279   619   619 E HWComposer: getLayerReleaseFence failed for display -1: Invalid display
08-03 10:58:03.297 31076 12068 D ---     : send:103187	flag:1
08-03 10:58:03.302 31076 12068 D wetestService: got buffer, info: size=4499, presentationTimeUs=14480000, offset=0
08-03 10:58:03.313   619   619 E HWComposer: getLayerReleaseFence failed for display -1: Invalid display
08-03 10:58:03.313   619   619 I chatty  : uid=1000(system) /system/bin/surfaceflinger identical 2 lines
08-03 10:58:03.313   619   619 E HWComposer: getLayerReleaseFence failed for display -1: Invalid display
08-03 10:58:03.344 31076 12068 D ---     : send:4499	flag:0
08-03 10:58:03.348 31076 12068 D wetestService: got buffer, info: size=3264, presentationTimeUs=14520000, offset=0
08-03 10:58:03.363   619   619 E HWComposer: getLayerReleaseFence failed for display -1: Invalid display
08-03 10:58:03.363   619   619 I chatty  : uid=1000(system) /system/bin/surfaceflinger identical 2 lines
08-03 10:58:03.363   619   619 E HWComposer: getLayerReleaseFence failed for display -1: Invalid display
08-03 10:58:03.390 31076 12068 D ---     : send:3264	flag:0
08-03 10:58:03.395 31076 12068 D wetestService: got buffer, info: size=3402, presentationTimeUs=14560000, offset=0
08-03 10:58:03.397   619   619 E HWComposer: getLayerReleaseFence failed for display -1: Invalid display
08-03 10:58:03.397   619   619 I chatty  : uid=1000(system) /system/bin/surfaceflinger identical 2 lines
08-03 10:58:03.397   619   619 E HWComposer: getLayerReleaseFence failed for display -1: Invalid display
08-03 10:58:03.427  1813  1813 E QtiImsExtUtils: getConfigForPhoneId phoneId is invalid
08-03 10:58:03.427  1813  1813 E QtiImsExtUtils: isCarrierConfigEnabled bundle is null
08-03 10:58:03.437 31076 12068 D ---     : send:3402	flag:0
08-03 10:58:03.440 31076 12068 D wetestService: got buffer, info: size=2912, presentationTimeUs=14600000, offset=0
08-03 10:58:03.446   619   619 E HWComposer: getLayerReleaseFence failed for display -1: Invalid display
08-03 10:58:03.478   619   619 I chatty  : uid=1000(system) /system/bin/surfaceflinger identical 10 lines
08-03 10:58:03.478   619   619 E HWComposer: getLayerReleaseFence failed for display -1: Invalid display
08-03 10:58:03.482 31076 12068 D ---     : send:2912	flag:0
08-03 10:58:03.487 31076 12068 D wetestService: got buffer, info: size=1186, presentationTimeUs=14640000, offset=0
08-03 10:58:03.528   619   619 E HWComposer: getLayerReleaseFence failed for display -1: Invalid display
08-03 10:58:03.528   619   619 I chatty  : uid=1000(system) /system/bin/surfaceflinger identical 2 lines
08-03 10:58:03.528   619   619 E HWComposer: getLayerReleaseFence failed for display -1: Invalid display
08-03 10:58:03.530 31076 12068 D ---     : send:1186	flag:0
08-03 10:58:03.535 31076 12068 D wetestService: got buffer, info: size=3287, presentationTimeUs=14680000, offset=0
08-03 10:58:03.565   619   619 E HWComposer: getLayerReleaseFence failed for display -1: Invalid display
08-03 10:58:03.565   619   619 I chatty  : uid=1000(system) /system/bin/surfaceflinger identical 2 lines
08-03 10:58:03.565   619   619 E HWComposer: getLayerReleaseFence failed for display -1: Invalid display
08-03 10:58:03.577 31076 12068 D ---     : send:3287	flag:0
08-03 10:58:03.583 31076 12068 D wetestService: got buffer, info: size=2638, presentationTimeUs=14720000, offset=0
08-03 10:58:03.617   619   619 E HWComposer: getLayerReleaseFence failed for display -1: Invalid display
08-03 10:58:03.617   619   619 I chatty  : uid=1000(system) /system/bin/surfaceflinger identical 2 lines
08-03 10:58:03.618   619   619 E HWComposer: getLayerReleaseFence failed for display -1: Invalid display
08-03 10:58:03.627 31076 12068 D ---     : send:2638	flag:0
08-03 10:58:03.634 31076 12068 D wetestService: got buffer, info: size=3170, presentationTimeUs=14760000, offset=0
08-03 10:58:03.648   619   619 E HWComposer: getLayerReleaseFence failed for display -1: Invalid display
08-03 10:58:03.648   619   619 I chatty  : uid=1000(system) /system/bin/surfaceflinger identical 2 lines
08-03 10:58:03.648   619   619 E HWComposer: getLayerReleaseFence failed for display -1: Invalid display
08-03 10:58:03.677 31076 12068 D ---     : send:3170	flag:0
08-03 10:58:03.682 31076 12068 D wetestService: got buffer, info: size=3675, presentationTimeUs=14800000, offset=0
08-03 10:58:03.698   619   619 E HWComposer: getLayerReleaseFence failed for display -1: Invalid display
08-03 10:58:03.698   619   619 I chatty  : uid=1000(system) /system/bin/surfaceflinger identical 2 lines
08-03 10:58:03.698   619   619 E HWComposer: getLayerReleaseFence failed for display -1: Invalid display
08-03 10:58:03.723 31076 12068 D ---     : send:3675	flag:0
08-03 10:58:03.728 31076 12068 D wetestService: got buffer, info: size=1318, presentationTimeUs=14840000, offset=0
08-03 10:58:03.733   619   619 E HWComposer: getLayerReleaseFence failed for display -1: Invalid display
08-03 10:58:03.766   619   619 I chatty  : uid=1000(system) /system/bin/surfaceflinger identical 6 lines
08-03 10:58:03.766   619   619 E HWComposer: getLayerReleaseFence failed for display -1: Invalid display
08-03 10:58:03.770 31076 12068 D ---     : send:1318	flag:0
08-03 10:58:03.775 31076 12068 D wetestService: got buffer, info: size=3015, presentationTimeUs=14880000, offset=0
08-03 10:58:03.816 31076 12068 D ---     : send:3015	flag:0
08-03 10:58:03.817   619   619 E HWComposer: getLayerReleaseFence failed for display -1: Invalid display
08-03 10:58:03.817   619   619 I chatty  : uid=1000(system) /system/bin/surfaceflinger identical 2 lines
08-03 10:58:03.817   619   619 E HWComposer: getLayerReleaseFence failed for display -1: Invalid display
08-03 10:58:03.822 31076 12068 D wetestService: got buffer, info: size=3139, presentationTimeUs=14920000, offset=0
08-03 10:58:03.850   619   619 E HWComposer: getLayerReleaseFence failed for display -1: Invalid display
08-03 10:58:03.850   619   619 I chatty  : uid=1000(system) /system/bin/surfaceflinger identical 2 lines
08-03 10:58:03.850   619   619 E HWComposer: getLayerReleaseFence failed for display -1: Invalid display
08-03 10:58:03.859   742   833 I ThermalEngine: vs_get_temperature: read[0] tsens_tz_sensor13 45000 mC, weight[0] 1
08-03 10:58:03.859   742   833 I ThermalEngine: vs_get_temperature: read[1] tsens_tz_sensor0 47000 mC, weight[1] -1
08-03 10:58:03.863 31076 12068 D ---     : send:3139	flag:0
08-03 10:58:03.868 31076 12068 D wetestService: got buffer, info: size=3247, presentationTimeUs=14960000, offset=0
08-03 10:58:03.891   742   838 D ThermalEngine: handle_timer_sig: SS Id SKIN-MID-FLOOR2 Read bd_therm2 39000mC, Err -1000mC, SampleCnt 1
08-03 10:58:03.901   619   619 E HWComposer: getLayerReleaseFence failed for display -1: Invalid display
08-03 10:58:03.901   619   619 I chatty  : uid=1000(system) /system/bin/surfaceflinger identical 2 lines
08-03 10:58:03.901   619   619 E HWComposer: getLayerReleaseFence failed for display -1: Invalid display
08-03 10:58:03.910 31076 12068 D ---     : send:3247	flag:0
08-03 10:58:03.915 31076 12068 D wetestService: got buffer, info: size=3293, presentationTimeUs=15000000, offset=0
08-03 10:58:03.935   619   619 E HWComposer: getLayerReleaseFence failed for display -1: Invalid display
