08-03 11:06:47.189 18815 27891 D ---     : send:1313	flag:0
08-03 11:06:47.202 18815 27891 D wetestService: got buffer, info: size=1303, presentationTimeUs=11000000, offset=0
08-03 11:06:47.260 18815 27891 D ---     : send:1303	flag:0
08-03 11:06:47.272 18815 27891 D wetestService: got buffer, info: size=1313, presentationTimeUs=11040000, offset=0
08-03 11:06:47.336 18815 27891 D ---     : send:1313	flag:0
08-03 11:06:47.342  2243  2243 E adbd    : failed to connect to socket 'tcp:9008': Connection refused
08-03 11:06:47.344  2243  2243 E adbd    : failed to connect to socket 'tcp:9008': Connection refused
08-03 11:06:47.355 18815 27891 D wetestService: got buffer, info: size=1303, presentationTimeUs=11080000, offset=0
08-03 11:06:47.413 18815 27891 D ---     : send:1303	flag:0
08-03 11:06:47.426 18815 27891 D wetestService: got buffer, info: size=1313, presentationTimeUs=11120000, offset=0
08-03 11:06:47.494 18815 27891 D ---     : send:1313	flag:0
08-03 11:06:47.507 18815 27891 D wetestService: got buffer, info: size=1303, presentationTimeUs=11160000, offset=0
08-03 11:06:47.564 18815 27891 D ---     : send:1303	flag:0
08-03 11:06:47.566   764   863 I ThermalEngine: vs_get_temperature: read[0] tsens_tz_sensor13 40000 mC, weight[0] 1
08-03 11:06:47.566   764   863 I ThermalEngine: vs_get_temperature: read[1] tsens_tz_sensor0 41000 mC, weight[1] -1
08-03 11:06:47.575 18815 27891 D wetestService: got buffer, info: size=1313, presentationTimeUs=11200000, offset=0
08-03 11:06:47.638 18815 27891 D ---     : send:1313	flag:0
08-03 11:06:47.647 18815 27891 D wetestService: got buffer, info: size=51931, presentationTimeUs=11240000, offset=0
08-03 11:06:47.706 18815 27891 D ---     : send:51931	flag:1
08-03 11:06:47.730 18815 27891 D wetestService: got buffer, info: size=3573, presentationTimeUs=11280000, offset=0
08-03 11:06:47.804 18815 27891 D ---     : send:3573	flag:0
08-03 11:06:47.828 18815 27891 D wetestService: got buffer, info: size=1725, presentationTimeUs=11320000, offset=0
08-03 11:06:47.884 18815 27891 D ---     : send:1725	flag:0
08-03 11:06:47.897 18815 27891 D wetestService: got buffer, info: size=1556, presentationTimeUs=11360000, offset=0
08-03 11:06:47.954 18815 27891 D ---     : send:1556	flag:0
08-03 11:06:47.967 18815 27891 D wetestService: got buffer, info: size=1318, presentationTimeUs=11400000, offset=0
08-03 11:06:48.024 18815 27891 D ---     : send:1318	flag:0
08-03 11:06:48.041 18815 27891 D wetestService: got buffer, info: size=1325, presentationTimeUs=11440000, offset=0
08-03 11:06:48.103 18815 27891 D ---     : send:1325	flag:0
08-03 11:06:48.118 18815 27891 D wetestService: got buffer, info: size=1303, presentationTimeUs=11480000, offset=0
08-03 11:06:48.178 18815 27891 D ---     : send:1303	flag:0
08-03 11:06:48.193 18815 27891 D wetestService: got buffer, info: size=1313, presentationTimeUs=11520000, offset=0
08-03 11:06:48.254 18815 27891 D ---     : send:1313	flag:0
08-03 11:06:48.270 18815 27891 D wetestService: got buffer, info: size=1303, presentationTimeUs=11560000, offset=0
08-03 11:06:48.328 18815 27891 D ---     : send:1303	flag:0
08-03 11:06:48.345 18815 27891 D wetestService: got buffer, info: size=1313, presentationTimeUs=11600000, offset=0
08-03 11:06:48.388  2243  2243 E adbd    : failed to connect to socket 'tcp:9008': Connection refused
08-03 11:06:48.390  2243  2243 E adbd    : failed to connect to socket 'tcp:9008': Connection refused
08-03 11:06:48.403 18815 27891 D ---     : send:1313	flag:0
08-03 11:06:48.411 18815 27891 D wetestService: got buffer, info: size=1303, presentationTimeUs=11640000, offset=0
08-03 11:06:48.465 18815 27891 D ---     : send:1303	flag:0
08-03 11:06:48.475 18815 27891 D wetestService: got buffer, info: size=1313, presentationTimeUs=11680000, offset=0
08-03 11:06:48.534 18815 27891 D ---     : send:1313	flag:0
08-03 11:06:48.550 18815 27891 D wetestService: got buffer, info: size=1303, presentationTimeUs=11720000, offset=0
08-03 11:06:48.568   764   863 I ThermalEngine: vs_get_temperature: read[0] tsens_tz_sensor13 40000 mC, weight[0] 1
08-03 11:06:48.568   764   863 I ThermalEngine: vs_get_temperature: read[1] tsens_tz_sensor0 41000 mC, weight[1] -1
08-03 11:06:48.609 18815 27891 D ---     : send:1303	flag:0
08-03 11:06:48.624 18815 27891 D wetestService: got buffer, info: size=1313, presentationTimeUs=11760000, offset=0
08-03 11:06:48.683 18815 27891 D ---     : send:1313	flag:0
08-03 11:06:48.699 18815 27891 D wetestService: got buffer, info: size=1303, presentationTimeUs=11800000, offset=0
08-03 11:06:48.768 18815 27891 D ---     : send:1303	flag:0
08-03 11:06:48.784 18815 27891 D wetestService: got buffer, info: size=1313, presentationTimeUs=11840000, offset=0
08-03 11:06:48.850 18815 27891 D ---     : send:1313	flag:0
08-03 11:06:48.867 18815 27891 D wetestService: got buffer, info: size=1303, presentationTimeUs=11880000, offset=0
08-03 11:06:48.934 18815 27891 D ---     : send:1303	flag:0
08-03 11:06:48.950 18815 27891 D wetestService: got buffer, info: size=1313, presentationTimeUs=11920000, offset=0
08-03 11:06:49.009 18815 27891 D ---     : send:1313	flag:0
08-03 11:06:49.025 18815 27891 D wetestService: got buffer, info: size=1303, presentationTimeUs=11960000, offset=0
08-03 11:06:49.093 18815 27891 D ---     : send:1303	flag:0
08-03 11:06:49.103 18815 27891 D wetestService: got buffer, info: size=1313, presentationTimeUs=12000000, offset=0
08-03 11:06:49.159 18815 27891 D ---     : send:1313	flag:0
08-03 11:06:49.171 18815 27891 D wetestService: got buffer, info: size=51931, presentationTimeUs=12040000, offset=0
08-03 11:06:49.239 18815 27891 D ---     : send:51931	flag:1
08-03 11:06:49.270 18815 27891 D wetestService: got buffer, info: size=3573, presentationTimeUs=12080000, offset=0
08-03 11:06:49.335 18815 27891 D ---     : send:3573	flag:0
08-03 11:06:49.346 18815 27891 D wetestService: got buffer, info: size=1725, presentationTimeUs=12120000, offset=0
08-03 11:06:49.411 18815 27891 D ---     : send:1725	flag:0
08-03 11:06:49.424 18815 27891 D wetestService: got buffer, info: size=1556, presentationTimeUs=12160000, offset=0
08-03 11:06:49.455  2243  2243 E adbd    : failed to connect to socket 'tcp:9008': Connection refused
08-03 11:06:49.456  2243  2243 E adbd    : failed to connect to socket 'tcp:9008': Connection refused
08-03 11:06:49.478 18815 27891 D ---     : send:1556	flag:0
08-03 11:06:49.491 18815 27891 D wetestService: got buffer, info: size=1318, presentationTimeUs=12200000, offset=0
08-03 11:06:49.551 18815 27891 D ---     : send:1318	flag:0
08-03 11:06:49.561 18815 27891 D wetestService: got buffer, info: size=1325, presentationTimeUs=12240000, offset=0
08-03 11:06:49.569   764   863 I ThermalEngine: vs_get_temperature: read[0] tsens_tz_sensor13 40000 mC, weight[0] 1
08-03 11:06:49.570   764   863 I ThermalEngine: vs_get_temperature: read[1] tsens_tz_sensor0 41000 mC, weight[1] -1
08-03 11:06:49.600 25142  5347 W Conscrypt: Could not set socket write timeout: java.lang.reflect.InvocationTargetException
08-03 11:06:49.601 25142  5347 W Conscrypt: 	at java.lang.reflect.Method.invoke(Native Method)
08-03 11:06:49.601 25142  5347 W Conscrypt: 	at com.google.android.gms.org.conscrypt.Platform.setSocketWriteTimeout(:com.google.android.gms@12848063@12.8.48 (100408-196123505):13)
08-03 11:06:49.601 25142  5347 W Conscrypt: Caused by: android.system.ErrnoException: setsockopt failed: EBADF (Bad file descriptor)
08-03 11:06:49.601 25142  5347 W Conscrypt: 	at libcore.io.Linux.setsockoptTimeval(Native Method)
08-03 11:06:49.601 25142  5347 W Conscrypt: 	at libcore.io.ForwardingOs.setsockoptTimeval(ForwardingOs.java:174)
08-03 11:06:49.610 18815 27891 D ---     : send:1325	flag:0
08-03 11:06:49.612  1191  1204 I am_pss  : [27936,12268,com.tencent.wetest.softkeyboard,4630528,3280896,123904,39903232,0,6,47]
08-03 11:06:49.613 25142  5347 V NativeCrypto: SSL handshake aborted: ssl=0x7075e963c8: I/O error during system call, Connection reset by peer
08-03 11:06:49.616 18815 27891 D wetestService: got buffer, info: size=1303, presentationTimeUs=12280000, offset=0
08-03 11:06:49.624 25142  5347 W Conscrypt: Could not set socket write timeout: java.lang.reflect.InvocationTargetException
08-03 11:06:49.624 25142  5347 W Conscrypt: 	at java.lang.reflect.Method.invoke(Native Method)
08-03 11:06:49.624 25142  5347 W Conscrypt: 	at com.google.android.gms.org.conscrypt.Platform.setSocketWriteTimeout(:com.google.android.gms@12848063@12.8.48 (100408-196123505):13)
08-03 11:06:49.624 25142  5347 W Conscrypt: Caused by: android.system.ErrnoException: setsockopt failed: EBADF (Bad file descriptor)
08-03 11:06:49.624 25142  5347 W Conscrypt: 	at libcore.io.Linux.setsockoptTimeval(Native Method)
08-03 11:06:49.624 25142  5347 W Conscrypt: 	at libcore.io.ForwardingOs.setsockoptTimeval(ForwardingOs.java:174)
08-03 11:06:49.629 25142  5347 V NativeCrypto: SSL handshake aborted: ssl=0x7075e963c8: I/O error during system call, Connection reset by peer
08-03 11:06:49.637 25142  5347 W Conscrypt: Could not set socket write timeout: java.lang.reflect.InvocationTargetException
08-03 11:06:49.637 25142  5347 W Conscrypt: 	at java.lang.reflect.Method.invoke(Native Method)
08-03 11:06:49.637 25142  5347 W Conscrypt: 	at com.google.android.gms.org.conscrypt.Platform.setSocketWriteTimeout(:com.google.android.gms@12848063@12.8.48 (100408-196123505):13)
08-03 11:06:49.637 25142  5347 W Conscrypt: Caused by: android.system.ErrnoException: setsockopt failed: EBADF (Bad file descriptor)
08-03 11:06:49.638 25142  5347 W Conscrypt: 	at libcore.io.Linux.setsockoptTimeval(Native Method)
08-03 11:06:49.638 25142  5347 W Conscrypt: 	at libcore.io.ForwardingOs.setsockoptTimeval(ForwardingOs.java:174)
08-03 11:06:49.644 25142  5347 V NativeCrypto: SSL handshake aborted: ssl=0x7075e963c8: I/O error during system call, Connection reset by peer
08-03 11:06:49.659  1191  1204 I am_pss  : [26886,10076,com.google.android.inputmethod.latin,39356416,36024320,76800,89296896,0,18,40]
08-03 11:06:49.664 18815 27891 D ---     : send:1303	flag:0
08-03 11:06:49.664 25142  5347 W Conscrypt: Could not set socket write timeout: java.lang.reflect.InvocationTargetException
08-03 11:06:49.665 25142  5347 W Conscrypt: 	at java.lang.reflect.Method.invoke(Native Method)
08-03 11:06:49.665 25142  5347 W Conscrypt: 	at com.google.android.gms.org.conscrypt.Platform.setSocketWriteTimeout(:com.google.android.gms@12848063@12.8.48 (100408-196123505):13)
08-03 11:06:49.665 25142  5347 W Conscrypt: Caused by: android.system.ErrnoException: setsockopt failed: EBADF (Bad file descriptor)
08-03 11:06:49.665 25142  5347 W Conscrypt: 	at libcore.io.Linux.setsockoptTimeval(Native Method)
08-03 11:06:49.665 25142  5347 W Conscrypt: 	at libcore.io.ForwardingOs.setsockoptTimeval(ForwardingOs.java:174)
08-03 11:06:49.669 18815 27891 D wetestService: got buffer, info: size=1313, presentationTimeUs=12320000, offset=0
08-03 11:06:49.670 25142  5347 V NativeCrypto: SSL handshake aborted: ssl=0x7075e963c8: I/O error during system call, Connection reset by peer
08-03 11:06:49.678 25142  5347 W Conscrypt: Could not set socket write timeout: java.lang.reflect.InvocationTargetException
08-03 11:06:49.678 25142  5347 W Conscrypt: 	at java.lang.reflect.Method.invoke(Native Method)
08-03 11:06:49.678 25142  5347 W Conscrypt: 	at com.google.android.gms.org.conscrypt.Platform.setSocketWriteTimeout(:com.google.android.gms@12848063@12.8.48 (100408-196123505):13)
08-03 11:06:49.678 25142  5347 W Conscrypt: Caused by: android.system.ErrnoException: setsockopt failed: EBADF (Bad file descriptor)
08-03 11:06:49.679 25142  5347 W Conscrypt: 	at libcore.io.Linux.setsockoptTimeval(Native Method)
08-03 11:06:49.679 25142  5347 W Conscrypt: 	at libcore.io.ForwardingOs.setsockoptTimeval(ForwardingOs.java:174)
08-03 11:06:49.683 25142  5347 V NativeCrypto: SSL handshake aborted: ssl=0x7075e963c8: I/O error during system call, Connection reset by peer
08-03 11:06:49.716 18815 27891 D ---     : send:1313	flag:0
08-03 11:06:49.726 18815 27891 D wetestService: got buffer, info: size=1303, presentationTimeUs=12360000, offset=0
08-03 11:06:49.789 18815 27891 D ---     : send:1303	flag:0
08-03 11:06:49.799 18815 27891 D wetestService: got buffer, info: size=1313, presentationTimeUs=12400000, offset=0
08-03 11:06:49.848 18815 27891 D ---     : send:1313	flag:0
08-03 11:06:49.857 18815 27891 D wetestService: got buffer, info: size=1303, presentationTimeUs=12440000, offset=0
08-03 11:06:49.907 18815 27891 D ---     : send:1303	flag:0
08-03 11:06:49.920 18815 27891 D wetestService: got buffer, info: size=1313, presentationTimeUs=12480000, offset=0
08-03 11:06:49.961 18326 18347 D wetestinput: handleInputCommand, str = heart_beat 0
08-03 11:06:49.961 18326 18347 D wetestinput: heart beat from client.
08-03 11:06:49.973 18815 27891 D ---     : send:1313	flag:0
08-03 11:06:49.988 18815 27891 D wetestService: got buffer, info: size=1303, presentationTimeUs=12520000, offset=0
08-03 11:06:50.055 18815 27891 D ---     : send:1303	flag:0
08-03 11:06:50.066 18815 27891 D wetestService: got buffer, info: size=1313, presentationTimeUs=12560000, offset=0
08-03 11:06:50.126 18815 27891 D ---     : send:1313	flag:0
08-03 11:06:50.138 18815 27891 D wetestService: got buffer, info: size=1303, presentationTimeUs=12600000, offset=0
08-03 11:06:50.195 18815 27891 D ---     : send:1303	flag:0
08-03 11:06:50.205 18815 27891 D wetestService: got buffer, info: size=1313, presentationTimeUs=12640000, offset=0
08-03 11:06:50.259 18815 27891 D ---     : send:1313	flag:0
08-03 11:06:50.273 18815 27891 D wetestService: got buffer, info: size=1303, presentationTimeUs=12680000, offset=0
08-03 11:06:50.340 18815 27891 D ---     : send:1303	flag:0
08-03 11:06:50.353 18815 27891 D wetestService: got buffer, info: size=1313, presentationTimeUs=12720000, offset=0
08-03 11:06:50.407 18815 27891 D ---     : send:1313	flag:0
08-03 11:06:50.415 18815 27891 D wetestService: got buffer, info: size=1303, presentationTimeUs=12760000, offset=0
08-03 11:06:50.478 18815 27891 D ---     : send:1303	flag:0
08-03 11:06:50.486 18815 27891 D wetestService: got buffer, info: size=1313, presentationTimeUs=12800000, offset=0
08-03 11:06:50.529  2243  2243 E adbd    : failed to connect to socket 'tcp:9008': Connection refused
08-03 11:06:50.531  2243  2243 E adbd    : failed to connect to socket 'tcp:9008': Connection refused
08-03 11:06:50.545 18815 27891 D ---     : send:1313	flag:0
08-03 11:06:50.556 18815 27891 D wetestService: got buffer, info: size=51931, presentationTimeUs=12840000, offset=0
08-03 11:06:50.571   764   863 I ThermalEngine: vs_get_temperature: read[0] tsens_tz_sensor13 40000 mC, weight[0] 1
08-03 11:06:50.571   764   863 I ThermalEngine: vs_get_temperature: read[1] tsens_tz_sensor0 41000 mC, weight[1] -1
08-03 11:06:50.628  1191  4325 W BestClock: java.time.DateTimeException: Missing NTP fix
08-03 11:06:50.628 18815 27891 D ---     : send:51931	flag:1
08-03 11:06:50.640 18815 27891 D wetestService: got buffer, info: size=3573, presentationTimeUs=12880000, offset=0
08-03 11:06:50.669  1191  4325 W BestClock: java.time.DateTimeException: Missing NTP fix
08-03 11:06:50.670  1191  4325 I netstats_mobile_sample: [0,0,0,0,0,0,0,0,0,0,0,0,1533265610669]
08-03 11:06:50.675  1191  4325 I netstats_wifi_sample: [21475779654,19309491,1454304378,15219869,21426921887,18600376,1244552983,15192156,21426923907,18600383,1244379217,15190035,1533265610669]
08-03 11:06:50.678  1191  4326 W BestClock: java.time.DateTimeException: Missing NTP fix
08-03 11:06:50.689 18815 27891 D ---     : send:3573	flag:0
08-03 11:06:50.693 18815 27891 D wetestService: got buffer, info: size=1725, presentationTimeUs=12920000, offset=0
08-03 11:06:50.744 18815 27891 D ---     : send:1725	flag:0
08-03 11:06:50.752 18815 27891 D wetestService: got buffer, info: size=1556, presentationTimeUs=12960000, offset=0
08-03 11:06:50.807 18815 27891 D ---     : send:1556	flag:0
08-03 11:06:50.819 18815 27891 D wetestService: got buffer, info: size=1318, presentationTimeUs=13000000, offset=0
08-03 11:06:50.876 18815 27891 D ---     : send:1318	flag:0
08-03 11:06:50.888 18815 27891 D wetestService: got buffer, info: size=1325, presentationTimeUs=13040000, offset=0
08-03 11:06:50.950 18815 27891 D ---     : send:1325	flag:0
08-03 11:06:50.966 18815 27891 D wetestService: got buffer, info: size=1303, presentationTimeUs=13080000, offset=0
08-03 11:06:51.028 18815 27891 D ---     : send:1303	flag:0
08-03 11:06:51.041 18815 27891 D wetestService: got buffer, info: size=1313, presentationTimeUs=13120000, offset=0
08-03 11:06:51.095 18815 27891 D ---     : send:1313	flag:0
08-03 11:06:51.108 18815 27891 D wetestService: got buffer, info: size=1303, presentationTimeUs=13160000, offset=0
08-03 11:06:51.166 18815 27891 D ---     : send:1303	flag:0
08-03 11:06:51.179 18815 27891 D wetestService: got buffer, info: size=1313, presentationTimeUs=13200000, offset=0
08-03 11:06:51.236 18815 27891 D ---     : send:1313	flag:0
08-03 11:06:51.249 18815 27891 D wetestService: got buffer, info: size=1303, presentationTimeUs=13240000, offset=0
08-03 11:06:51.306 18815 27891 D ---     : send:1303	flag:0
08-03 11:06:51.321 18815 27891 D wetestService: got buffer, info: size=1313, presentationTimeUs=13280000, offset=0
08-03 11:06:51.387 18815 27891 D ---     : send:1313	flag:0
08-03 11:06:51.402 18815 27891 D wetestService: got buffer, info: size=1303, presentationTimeUs=13320000, offset=0
08-03 11:06:51.464 18815 27891 D ---     : send:1303	flag:0
08-03 11:06:51.481 18815 27891 D wetestService: got buffer, info: size=1313, presentationTimeUs=13360000, offset=0
08-03 11:06:51.539 18815 27891 D ---     : send:1313	flag:0
08-03 11:06:51.551 18815 27891 D wetestService: got buffer, info: size=1303, presentationTimeUs=13400000, offset=0
08-03 11:06:51.572  2243  2243 E adbd    : failed to connect to socket 'tcp:9008': Connection refused
08-03 11:06:51.573   764   863 I ThermalEngine: vs_get_temperature: read[0] tsens_tz_sensor13 40000 mC, weight[0] 1
08-03 11:06:51.573   764   863 I ThermalEngine: vs_get_temperature: read[1] tsens_tz_sensor0 41000 mC, weight[1] -1
08-03 11:06:51.577  2243  2243 E adbd    : failed to connect to socket 'tcp:9008': Connection refused
08-03 11:06:51.608 18815 27891 D ---     : send:1303	flag:0
08-03 11:06:51.621 18815 27891 D wetestService: got buffer, info: size=1313, presentationTimeUs=13440000, offset=0
08-03 11:06:51.667 18815 27891 D ---     : send:1313	flag:0
08-03 11:06:51.676 18815 27891 D wetestService: got buffer, info: size=1303, presentationTimeUs=13480000, offset=0
08-03 11:06:51.726 18815 27891 D ---     : send:1303	flag:0
08-03 11:06:51.735 18815 27891 D wetestService: got buffer, info: size=1313, presentationTimeUs=13520000, offset=0
08-03 11:06:51.803 18815 27891 D ---     : send:1313	flag:0
08-03 11:06:51.817 18815 27891 D wetestService: got buffer, info: size=1303, presentationTimeUs=13560000, offset=0
08-03 11:06:51.874 18815 27891 D ---     : send:1303	flag:0
08-03 11:06:51.886 18815 27891 D wetestService: got buffer, info: size=1313, presentationTimeUs=13600000, offset=0
08-03 11:06:51.941 18815 27891 D ---     : send:1313	flag:0
08-03 11:06:51.952 18815 27891 D wetestService: got buffer, info: size=51931, presentationTimeUs=13640000, offset=0
08-03 11:06:52.010 18815 27891 D ---     : send:51931	flag:1
08-03 11:06:52.028 18815 27891 D wetestService: got buffer, info: size=3573, presentationTimeUs=13680000, offset=0
08-03 11:06:52.084 18815 27891 D ---     : send:3573	flag:0
08-03 11:06:52.093 18815 27891 D wetestService: got buffer, info: size=1725, presentationTimeUs=13720000, offset=0
08-03 11:06:52.166 18815 27891 D ---     : send:1725	flag:0
08-03 11:06:52.179 18815 27891 D wetestService: got buffer, info: size=1556, presentationTimeUs=13760000, offset=0
08-03 11:06:52.229 18815 27891 D ---     : send:1556	flag:0
08-03 11:06:52.235 18815 27891 D wetestService: got buffer, info: size=1318, presentationTimeUs=13800000, offset=0
08-03 11:06:52.291 18815 27891 D ---     : send:1318	flag:0
08-03 11:06:52.305 18815 27891 D wetestService: got buffer, info: size=1325, presentationTimeUs=13840000, offset=0
08-03 11:06:52.364 18815 27891 D ---     : send:1325	flag:0
08-03 11:06:52.377 18815 27891 D wetestService: got buffer, info: size=1303, presentationTimeUs=13880000, offset=0
08-03 11:06:52.424 18815 27891 D ---     : send:1303	flag:0
08-03 11:06:52.430 18815 27891 D wetestService: got buffer, info: size=1313, presentationTimeUs=13920000, offset=0
08-03 11:06:52.482 18815 27891 D ---     : send:1313	flag:0
08-03 11:06:52.491 18815 27891 D wetestService: got buffer, info: size=1303, presentationTimeUs=13960000, offset=0
08-03 11:06:52.549 18815 27891 D ---     : send:1303	flag:0
08-03 11:06:52.560 18815 27891 D wetestService: got buffer, info: size=1313, presentationTimeUs=14000000, offset=0
08-03 11:06:52.574   764   863 I ThermalEngine: vs_get_temperature: read[0] tsens_tz_sensor13 40000 mC, weight[0] 1
08-03 11:06:52.575   764   863 I ThermalEngine: vs_get_temperature: read[1] tsens_tz_sensor0 41000 mC, weight[1] -1
08-03 11:06:52.613 18815 27891 D ---     : send:1313	flag:0
08-03 11:06:52.626 18815 27891 D wetestService: got buffer, info: size=1303, presentationTimeUs=14040000, offset=0
08-03 11:06:52.653  2243  2243 E adbd    : failed to connect to socket 'tcp:9008': Connection refused
08-03 11:06:52.656  2243  2243 E adbd    : failed to connect to socket 'tcp:9008': Connection refused
08-03 11:06:52.680 18815 27891 D ---     : send:1303	flag:0
08-03 11:06:52.693 18815 27891 D wetestService: got buffer, info: size=1313, presentationTimeUs=14080000, offset=0
08-03 11:06:52.744 18815 27891 D ---     : send:1313	flag:0
08-03 11:06:52.750 18815 27891 D wetestService: got buffer, info: size=1303, presentationTimeUs=14120000, offset=0
08-03 11:06:52.819 18815 27891 D ---     : send:1303	flag:0
08-03 11:06:52.836 18815 27891 D wetestService: got buffer, info: size=1313, presentationTimeUs=14160000, offset=0
08-03 11:06:52.882 14985 21043 E GCM     : Missing checkin config file
08-03 11:06:52.882 14985 21043 W GCM     : GCM FAILED TO INITIALIZE - missing checkin
08-03 11:06:52.891 21422 21445 E FirebaseInstanceId: Token retrieval failed: AUTHENTICATION_FAILED
08-03 11:06:52.901 18815 27891 D ---     : send:1313	flag:0
08-03 11:06:52.913 18815 27891 D wetestService: got buffer, info: size=1303, presentationTimeUs=14200000, offset=0
08-03 11:06:52.968 18815 27891 D ---     : send:1303	flag:0
08-03 11:06:52.981 18815 27891 D wetestService: got buffer, info: size=1313, presentationTimeUs=14240000, offset=0
08-03 11:06:53.043 18815 27891 D ---     : send:1313	flag:0
08-03 11:06:53.056 18815 27891 D wetestService: got buffer, info: size=1303, presentationTimeUs=14280000, offset=0
08-03 11:06:53.122 18815 27891 D ---     : send:1303	flag:0
08-03 11:06:53.137 18815 27891 D wetestService: got buffer, info: size=1313, presentationTimeUs=14320000, offset=0
08-03 11:06:53.205 18815 27891 D ---     : send:1313	flag:0
08-03 11:06:53.217 18815 27891 D wetestService: got buffer, info: size=1303, presentationTimeUs=14360000, offset=0
08-03 11:06:53.275 18815 27891 D ---     : send:1303	flag:0
08-03 11:06:53.289 18815 27891 D wetestService: got buffer, info: size=1313, presentationTimeUs=14400000, offset=0
08-03 11:06:53.345 18815 27891 D ---     : send:1313	flag:0
08-03 11:06:53.361 18815 27891 D wetestService: got buffer, info: size=51931, presentationTimeUs=14440000, offset=0
08-03 11:06:53.422 18815 27891 D ---     : send:51931	flag:1
08-03 11:06:53.448 18815 27891 D wetestService: got buffer, info: size=3573, presentationTimeUs=14480000, offset=0
08-03 11:06:53.507 18815 27891 D ---     : send:3573	flag:0
08-03 11:06:53.523 18815 27891 D wetestService: got buffer, info: size=1725, presentationTimeUs=14520000, offset=0
08-03 11:06:53.576   764   863 I ThermalEngine: vs_get_temperature: read[0] tsens_tz_sensor13 40000 mC, weight[0] 1
08-03 11:06:53.576   764   863 I ThermalEngine: vs_get_temperature: read[1] tsens_tz_sensor0 41000 mC, weight[1] -1
08-03 11:06:53.581 18815 27891 D ---     : send:1725	flag:0
08-03 11:06:53.595 18815 27891 D wetestService: got buffer, info: size=1556, presentationTimeUs=14560000, offset=0
08-03 11:06:53.649 18815 27891 D ---     : send:1556	flag:0
08-03 11:06:53.659 18815 27891 D wetestService: got buffer, info: size=1318, presentationTimeUs=14600000, offset=0
08-03 11:06:53.713 18815 27891 D ---     : send:1318	flag:0
08-03 11:06:53.721 18815 27891 D wetestService: got buffer, info: size=1325, presentationTimeUs=14640000, offset=0
08-03 11:06:53.731  2243  2243 E adbd    : failed to connect to socket 'tcp:9008': Connection refused
08-03 11:06:53.733  2243  2243 E adbd    : failed to connect to socket 'tcp:9008': Connection refused
08-03 11:06:53.773 18815 27891 D ---     : send:1325	flag:0
08-03 11:06:53.780 18815 27891 D wetestService: got buffer, info: size=1303, presentationTimeUs=14680000, offset=0
08-03 11:06:53.826 18815 27891 D ---     : send:1303	flag:0
08-03 11:06:53.831 18815 27891 D wetestService: got buffer, info: size=1313, presentationTimeUs=14720000, offset=0
08-03 11:06:53.882 18815 27891 D ---     : send:1313	flag:0
08-03 11:06:53.892 18815 27891 D wetestService: got buffer, info: size=1303, presentationTimeUs=14760000, offset=0
08-03 11:06:53.945 18815 27891 D ---     : send:1303	flag:0
08-03 11:06:53.956 18815 27891 D wetestService: got buffer, info: size=1313, presentationTimeUs=14800000, offset=0
08-03 11:06:54.024 18815 27891 D ---     : send:1313	flag:0
08-03 11:06:54.039 18815 27891 D wetestService: got buffer, info: size=1303, presentationTimeUs=14840000, offset=0
08-03 11:06:54.109 18815 27891 D ---     : send:1303	flag:0
08-03 11:06:54.124 18815 27891 D wetestService: got buffer, info: size=1313, presentationTimeUs=14880000, offset=0
08-03 11:06:54.188 18815 27891 D ---     : send:1313	flag:0
08-03 11:06:54.201 18815 27891 D wetestService: got buffer, info: size=1303, presentationTimeUs=14920000, offset=0
08-03 11:06:54.257 18815 27891 D ---     : send:1303	flag:0
08-03 11:06:54.267 18815 27891 D wetestService: got buffer, info: size=1313, presentationTimeUs=14960000, offset=0
08-03 11:06:54.322 18815 27891 D ---     : send:1313	flag:0
08-03 11:06:54.334 18815 27891 D wetestService: got buffer, info: size=1303, presentationTimeUs=15000000, offset=0
08-03 11:06:54.393 18815 27891 D ---     : send:1303	flag:0
08-03 11:06:54.406 18815 27891 D wetestService: got buffer, info: size=1313, presentationTimeUs=15040000, offset=0
08-03 11:06:54.452 18815 27891 D ---     : send:1313	flag:0
08-03 11:06:54.463 18815 27891 D wetestService: got buffer, info: size=1303, presentationTimeUs=15080000, offset=0
08-03 11:06:54.512 18815 27891 D ---     : send:1303	flag:0
08-03 11:06:54.520 18815 27891 D wetestService: got buffer, info: size=1313, presentationTimeUs=15120000, offset=0
08-03 11:06:54.577 18815 27891 D ---     : send:1313	flag:0
08-03 11:06:54.579   764   863 I ThermalEngine: vs_get_temperature: read[0] tsens_tz_sensor13 40000 mC, weight[0] 1
08-03 11:06:54.579   764   863 I ThermalEngine: vs_get_temperature: read[1] tsens_tz_sensor0 41000 mC, weight[1] -1
08-03 11:06:54.594 18815 27891 D wetestService: got buffer, info: size=1303, presentationTimeUs=15160000, offset=0
08-03 11:06:54.600  4605  4605 E QtiImsExtUtils: getConfigForPhoneId phoneId is invalid
08-03 11:06:54.600  4605  4605 E QtiImsExtUtils: isCarrierConfigEnabled bundle is null
08-03 11:06:54.632   617   617 E HWComposer: getLayerReleaseFence failed for display -1: Invalid display
08-03 11:06:54.632   617   617 I chatty  : uid=1000(system) /system/bin/surfaceflinger identical 2 lines
08-03 11:06:54.632   617   617 E HWComposer: getLayerReleaseFence failed for display -1: Invalid display
08-03 11:06:54.638 18815 27891 D ---     : send:1303	flag:0
08-03 11:06:54.641 18815 27891 D wetestService: got buffer, info: size=1313, presentationTimeUs=15200000, offset=0
08-03 11:06:54.646   617   617 E HWComposer: getLayerReleaseFence failed for display -1: Invalid display
08-03 11:06:54.646   617   617 I chatty  : uid=1000(system) /system/bin/surfaceflinger identical 2 lines
08-03 11:06:54.646   617   617 E HWComposer: getLayerReleaseFence failed for display -1: Invalid display
08-03 11:06:54.688 18815 27891 D ---     : send:1313	flag:0
08-03 11:06:54.695 18815 27891 D wetestService: got buffer, info: size=51931, presentationTimeUs=15240000, offset=0
08-03 11:06:54.758 18815 27891 D ---     : send:51931	flag:1
08-03 11:06:54.769 18815 27891 D wetestService: got buffer, info: size=3573, presentationTimeUs=15280000, offset=0
08-03 11:06:54.801  2243  2243 E adbd    : failed to connect to socket 'tcp:9008': Connection refused
08-03 11:06:54.804  2243  2243 E adbd    : failed to connect to socket 'tcp:9008': Connection refused
08-03 11:06:54.821 18815 27891 D ---     : send:3573	flag:0
08-03 11:06:54.833 18815 27891 D wetestService: got buffer, info: size=1725, presentationTimeUs=15320000, offset=0
08-03 11:06:54.886 18815 27891 D ---     : send:1725	flag:0
08-03 11:06:54.899 18815 27891 D wetestService: got buffer, info: size=1556, presentationTimeUs=15360000, offset=0
08-03 11:06:54.956 18815 27891 D ---     : send:1556	flag:0
08-03 11:06:54.960 18326 18347 D wetestinput: handleInputCommand, str = heart_beat 0
08-03 11:06:54.961 18326 18347 D wetestinput: heart beat from client.
08-03 11:06:54.974 18815 27891 D wetestService: got buffer, info: size=1318, presentationTimeUs=15400000, offset=0
08-03 11:06:55.038 18815 27891 D ---     : send:1318	flag:0
08-03 11:06:55.053 18815 27891 D wetestService: got buffer, info: size=1325, presentationTimeUs=15440000, offset=0
08-03 11:06:55.112 18815 27891 D ---     : send:1325	flag:0
08-03 11:06:55.127 18815 27891 D wetestService: got buffer, info: size=1303, presentationTimeUs=15480000, offset=0
08-03 11:06:55.193 18815 27891 D ---     : send:1303	flag:0
08-03 11:06:55.209 18815 27891 D wetestService: got buffer, info: size=1313, presentationTimeUs=15520000, offset=0
08-03 11:06:55.273 18815 27891 D ---     : send:1313	flag:0
08-03 11:06:55.288 18815 27891 D wetestService: got buffer, info: size=1303, presentationTimeUs=15560000, offset=0
08-03 11:06:55.355 18815 27891 D ---     : send:1303	flag:0
08-03 11:06:55.370 18815 27891 D wetestService: got buffer, info: size=1313, presentationTimeUs=15600000, offset=0
08-03 11:06:55.434 18815 27891 D ---     : send:1313	flag:0
08-03 11:06:55.446 18815 27891 D wetestService: got buffer, info: size=1303, presentationTimeUs=15640000, offset=0
08-03 11:06:55.504 18815 27891 D ---     : send:1303	flag:0
08-03 11:06:55.516 18815 27891 D wetestService: got buffer, info: size=1313, presentationTimeUs=15680000, offset=0
08-03 11:06:55.577 18815 27891 D ---     : send:1313	flag:0
08-03 11:06:55.581   764   863 I ThermalEngine: vs_get_temperature: read[0] tsens_tz_sensor13 40000 mC, weight[0] 1
08-03 11:06:55.581   764   863 I ThermalEngine: vs_get_temperature: read[1] tsens_tz_sensor0 41000 mC, weight[1] -1
08-03 11:06:55.589 18815 27891 D wetestService: got buffer, info: size=1303, presentationTimeUs=15720000, offset=0
08-03 11:06:55.647 18815 27891 D ---     : send:1303	flag:0
08-03 11:06:55.659 18815 27891 D wetestService: got buffer, info: size=1313, presentationTimeUs=15760000, offset=0
08-03 11:06:55.718 18815 27891 D ---     : send:1313	flag:0
08-03 11:06:55.726 18815 27891 D wetestService: got buffer, info: size=1303, presentationTimeUs=15800000, offset=0
08-03 11:06:55.790 18815 27891 D ---     : send:1303	flag:0
08-03 11:06:55.800 18815 27891 D wetestService: got buffer, info: size=1313, presentationTimeUs=15840000, offset=0
08-03 11:06:55.860 18815 27891 D ---     : send:1313	flag:0
08-03 11:06:55.874 18815 27891 D wetestService: got buffer, info: size=1303, presentationTimeUs=15880000, offset=0
08-03 11:06:55.882  2243  2243 E adbd    : failed to connect to socket 'tcp:9008': Connection refused
08-03 11:06:55.884  2243  2243 E adbd    : failed to connect to socket 'tcp:9008': Connection refused
08-03 11:06:55.930 18815 27891 D ---     : send:1303	flag:0
08-03 11:06:55.943 18815 27891 D wetestService: got buffer, info: size=1313, presentationTimeUs=15920000, offset=0
08-03 11:06:55.995 18815 27891 D ---     : send:1313	flag:0
08-03 11:06:56.008 18815 27891 D wetestService: got buffer, info: size=1303, presentationTimeUs=15960000, offset=0
08-03 11:06:56.066 18815 27891 D ---     : send:1303	flag:0
08-03 11:06:56.079 18815 27891 D wetestService: got buffer, info: size=1313, presentationTimeUs=16000000, offset=0
08-03 11:06:56.137 18815 27891 D ---     : send:1313	flag:0
08-03 11:06:56.148 18815 27891 D wetestService: got buffer, info: size=51931, presentationTimeUs=16040000, offset=0
08-03 11:06:56.207 18815 27891 D ---     : send:51931	flag:1
08-03 11:06:56.224 18815 27891 D wetestService: got buffer, info: size=3573, presentationTimeUs=16080000, offset=0
08-03 11:06:56.297 18815 27891 D ---     : send:3573	flag:0
08-03 11:06:56.316 18815 27891 D wetestService: got buffer, info: size=1725, presentationTimeUs=16120000, offset=0
08-03 11:06:56.381 18815 27891 D ---     : send:1725	flag:0
08-03 11:06:56.394 18815 27891 D wetestService: got buffer, info: size=1556, presentationTimeUs=16160000, offset=0
08-03 11:06:56.453 18815 27891 D ---     : send:1556	flag:0
08-03 11:06:56.465 18815 27891 D wetestService: got buffer, info: size=1318, presentationTimeUs=16200000, offset=0
08-03 11:06:56.518 18815 27891 D ---     : send:1318	flag:0
08-03 11:06:56.526 18815 27891 D wetestService: got buffer, info: size=1325, presentationTimeUs=16240000, offset=0
08-03 11:06:56.582 18815 27891 D ---     : send:1325	flag:0
08-03 11:06:56.583   764   863 I ThermalEngine: vs_get_temperature: read[0] tsens_tz_sensor13 40000 mC, weight[0] 1
08-03 11:06:56.583   764   863 I ThermalEngine: vs_get_temperature: read[1] tsens_tz_sensor0 41000 mC, weight[1] -1
08-03 11:06:56.596 18815 27891 D wetestService: got buffer, info: size=1303, presentationTimeUs=16280000, offset=0
08-03 11:06:56.659 18815 27891 D ---     : send:1303	flag:0
08-03 11:06:56.673   764   869 D ThermalEngine: handle_timer_sig: SS Id SKIN-MID-FLOOR2 Read bd_therm2 38000mC, Err 0mC, SampleCnt 1
08-03 11:06:56.674 18815 27891 D wetestService: got buffer, info: size=1313, presentationTimeUs=16320000, offset=0
08-03 11:06:56.734 18815 27891 D ---     : send:1313	flag:0
08-03 11:06:56.743 18815 27891 D wetestService: got buffer, info: size=1303, presentationTimeUs=16360000, offset=0
08-03 11:06:56.797 18815 27891 D ---     : send:1303	flag:0
08-03 11:06:56.810 18815 27891 D wetestService: got buffer, info: size=1313, presentationTimeUs=16400000, offset=0
08-03 11:06:56.876 18815 27891 D ---     : send:1313	flag:0
08-03 11:06:56.887 18815 27891 D wetestService: got buffer, info: size=1303, presentationTimeUs=16440000, offset=0
08-03 11:06:56.942 18815 27891 D ---     : send:1303	flag:0
08-03 11:06:56.951 18815 27891 D wetestService: got buffer, info: size=1313, presentationTimeUs=16480000, offset=0
08-03 11:06:56.962  2243  2243 E adbd    : failed to connect to socket 'tcp:9008': Connection refused
08-03 11:06:56.964  2243  2243 E adbd    : failed to connect to socket 'tcp:9008': Connection refused
08-03 11:06:57.007 18815 27891 D ---     : send:1313	flag:0
08-03 11:06:57.017 18815 27891 D wetestService: got buffer, info: size=1303, presentationTimeUs=16520000, offset=0
08-03 11:06:57.075 18815 27891 D ---     : send:1303	flag:0
08-03 11:06:57.088 18815 27891 D wetestService: got buffer, info: size=1313, presentationTimeUs=16560000, offset=0
08-03 11:06:57.146 18815 27891 D ---     : send:1313	flag:0
08-03 11:06:57.159 18815 27891 D wetestService: got buffer, info: size=1303, presentationTimeUs=16600000, offset=0
08-03 11:06:57.229 18815 27891 D ---     : send:1303	flag:0
08-03 11:06:57.241 18815 27891 D wetestService: got buffer, info: size=1313, presentationTimeUs=16640000, offset=0
08-03 11:06:57.307 18815 27891 D ---     : send:1313	flag:0
08-03 11:06:57.317 18815 27891 D wetestService: got buffer, info: size=1303, presentationTimeUs=16680000, offset=0
08-03 11:06:57.374 18815 27891 D ---     : send:1303	flag:0
08-03 11:06:57.381 18815 27891 D wetestService: got buffer, info: size=1313, presentationTimeUs=16720000, offset=0
08-03 11:06:57.447 18815 27891 D ---     : send:1313	flag:0
08-03 11:06:57.455 18815 27891 D wetestService: got buffer, info: size=1303, presentationTimeUs=16760000, offset=0
08-03 11:06:57.520 18815 27891 D ---     : send:1303	flag:0
08-03 11:06:57.533 18815 27891 D wetestService: got buffer, info: size=1313, presentationTimeUs=16800000, offset=0
08-03 11:06:57.584   764   863 I ThermalEngine: vs_get_temperature: read[0] tsens_tz_sensor13 40000 mC, weight[0] 1
08-03 11:06:57.585   764   863 I ThermalEngine: vs_get_temperature: read[1] tsens_tz_sensor0 41000 mC, weight[1] -1
08-03 11:06:57.594 18815 27891 D ---     : send:1313	flag:0
08-03 11:06:57.606 18815 27891 D wetestService: got buffer, info: size=51931, presentationTimeUs=16840000, offset=0
08-03 11:06:57.666 18815 27891 D ---     : send:51931	flag:1
08-03 11:06:57.689 18815 27891 D wetestService: got buffer, info: size=3573, presentationTimeUs=16880000, offset=0
08-03 11:06:57.744 18815 27891 D ---     : send:3573	flag:0
08-03 11:06:57.754 18815 27891 D wetestService: got buffer, info: size=1725, presentationTimeUs=16920000, offset=0
08-03 11:06:57.814 18815 27891 D ---     : send:1725	flag:0
08-03 11:06:57.826 18815 27891 D wetestService: got buffer, info: size=1556, presentationTimeUs=16960000, offset=0
08-03 11:06:57.894 18815 27891 D ---     : send:1556	flag:0
08-03 11:06:57.905 18815 27891 D wetestService: got buffer, info: size=1318, presentationTimeUs=17000000, offset=0
08-03 11:06:57.961 18815 27891 D ---     : send:1318	flag:0
08-03 11:06:57.971 18815 27891 D wetestService: got buffer, info: size=1325, presentationTimeUs=17040000, offset=0
08-03 11:06:58.027  2243  2243 E adbd    : failed to connect to socket 'tcp:9008': Connection refused
08-03 11:06:58.032  2243  2243 E adbd    : failed to connect to socket 'tcp:9008': Connection refused
08-03 11:06:58.037 18815 27891 D ---     : send:1325	flag:0
08-03 11:06:58.046 18815 27891 D wetestService: got buffer, info: size=1303, presentationTimeUs=17080000, offset=0
08-03 11:06:58.113 18815 27891 D ---     : send:1303	flag:0
08-03 11:06:58.126 18815 27891 D wetestService: got buffer, info: size=1313, presentationTimeUs=17120000, offset=0
08-03 11:06:58.180 18815 27891 D ---     : send:1313	flag:0
08-03 11:06:58.192 18815 27891 D wetestService: got buffer, info: size=1303, presentationTimeUs=17160000, offset=0
08-03 11:06:58.250 18815 27891 D ---     : send:1303	flag:0
08-03 11:06:58.261 18815 27891 D wetestService: got buffer, info: size=1313, presentationTimeUs=17200000, offset=0
08-03 11:06:58.316 18815 27891 D ---     : send:1313	flag:0
08-03 11:06:58.324 18815 27891 D wetestService: got buffer, info: size=1303, presentationTimeUs=17240000, offset=0
08-03 11:06:58.394 18815 27891 D ---     : send:1303	flag:0
08-03 11:06:58.404 18815 27891 D wetestService: got buffer, info: size=1313, presentationTimeUs=17280000, offset=0
08-03 11:06:58.460 18815 27891 D ---     : send:1313	flag:0
08-03 11:06:58.470 18815 27891 D wetestService: got buffer, info: size=1303, presentationTimeUs=17320000, offset=0
08-03 11:06:58.533 18815 27891 D ---     : send:1303	flag:0
08-03 11:06:58.541 18815 27891 D wetestService: got buffer, info: size=1313, presentationTimeUs=17360000, offset=0
08-03 11:06:58.586   764   863 I ThermalEngine: vs_get_temperature: read[0] tsens_tz_sensor13 40000 mC, weight[0] 1
08-03 11:06:58.586   764   863 I ThermalEngine: vs_get_temperature: read[1] tsens_tz_sensor0 41000 mC, weight[1] -1
08-03 11:06:58.599 18815 27891 D ---     : send:1313	flag:0
08-03 11:06:58.612 18815 27891 D wetestService: got buffer, info: size=1303, presentationTimeUs=17400000, offset=0
08-03 11:06:58.670 18815 27891 D ---     : send:1303	flag:0
08-03 11:06:58.684 18815 27891 D wetestService: got buffer, info: size=1313, presentationTimeUs=17440000, offset=0
08-03 11:06:58.742 18815 27891 D ---     : send:1313	flag:0
08-03 11:06:58.755 18815 27891 D wetestService: got buffer, info: size=1303, presentationTimeUs=17480000, offset=0
08-03 11:06:58.814 18815 27891 D ---     : send:1303	flag:0
08-03 11:06:58.824 18815 27891 D wetestService: got buffer, info: size=1313, presentationTimeUs=17520000, offset=0
08-03 11:06:58.882 18815 27891 D ---     : send:1313	flag:0
08-03 11:06:58.895 18815 27891 D wetestService: got buffer, info: size=1303, presentationTimeUs=17560000, offset=0
08-03 11:06:58.952 18815 27891 D ---     : send:1303	flag:0
08-03 11:06:58.963 18815 27891 D wetestService: got buffer, info: size=1313, presentationTimeUs=17600000, offset=0
08-03 11:06:59.019 18815 27891 D ---     : send:1313	flag:0
08-03 11:06:59.031 18815 27891 D wetestService: got buffer, info: size=51931, presentationTimeUs=17640000, offset=0
08-03 11:06:59.090 18815 27891 D ---     : send:51931	flag:1
08-03 11:06:59.106 18815 27891 D wetestService: got buffer, info: size=3573, presentationTimeUs=17680000, offset=0
08-03 11:06:59.111  2243  2243 E adbd    : failed to connect to socket 'tcp:9008': Connection refused
08-03 11:06:59.114  2243  2243 E adbd    : failed to connect to socket 'tcp:9008': Connection refused
08-03 11:06:59.169 18815 27891 D ---     : send:3573	flag:0
08-03 11:06:59.183 18815 27891 D wetestService: got buffer, info: size=1725, presentationTimeUs=17720000, offset=0
08-03 11:06:59.240 18815 27891 D ---     : send:1725	flag:0
08-03 11:06:59.253 18815 27891 D wetestService: got buffer, info: size=1556, presentationTimeUs=17760000, offset=0
08-03 11:06:59.316 18815 27891 D ---     : send:1556	flag:0
08-03 11:06:59.326 18815 27891 D wetestService: got buffer, info: size=1318, presentationTimeUs=17800000, offset=0
08-03 11:06:59.386 18815 27891 D ---     : send:1318	flag:0
08-03 11:06:59.396 18815 27891 D wetestService: got buffer, info: size=1325, presentationTimeUs=17840000, offset=0
08-03 11:06:59.454 18815 27891 D ---     : send:1325	flag:0
08-03 11:06:59.466 18815 27891 D wetestService: got buffer, info: size=1303, presentationTimeUs=17880000, offset=0
08-03 11:06:59.524 18815 27891 D ---     : send:1303	flag:0
08-03 11:06:59.535 18815 27891 D wetestService: got buffer, info: size=1313, presentationTimeUs=17920000, offset=0
08-03 11:06:59.588   764   863 I ThermalEngine: vs_get_temperature: read[0] tsens_tz_sensor13 40000 mC, weight[0] 1
08-03 11:06:59.589   764   863 I ThermalEngine: vs_get_temperature: read[1] tsens_tz_sensor0 41000 mC, weight[1] -1
08-03 11:06:59.602 18815 27891 D ---     : send:1313	flag:0
08-03 11:06:59.616 18815 27891 D wetestService: got buffer, info: size=1303, presentationTimeUs=17960000, offset=0
08-03 11:06:59.671 18815 27891 D ---     : send:1303	flag:0
08-03 11:06:59.686 18815 27891 D wetestService: got buffer, info: size=1313, presentationTimeUs=18000000, offset=0
08-03 11:06:59.754 18815 27891 D ---     : send:1313	flag:0
08-03 11:06:59.766 18815 27891 D wetestService: got buffer, info: size=1303, presentationTimeUs=18040000, offset=0
08-03 11:06:59.820 18815 27891 D ---     : send:1303	flag:0
08-03 11:06:59.830 18815 27891 D wetestService: got buffer, info: size=1313, presentationTimeUs=18080000, offset=0
08-03 11:06:59.894 18815 27891 D ---     : send:1313	flag:0
08-03 11:06:59.910 18815 27891 D wetestService: got buffer, info: size=1303, presentationTimeUs=18120000, offset=0
08-03 11:06:59.962 18326 18347 D wetestinput: handleInputCommand, str = heart_beat 0
08-03 11:06:59.963 18326 18347 D wetestinput: heart beat from client.
08-03 11:06:59.981 18815 27891 D ---     : send:1303	flag:0
08-03 11:07:00.005 18815 27891 D wetestService: got buffer, info: size=1313, presentationTimeUs=18160000, offset=0
08-03 11:07:00.058 18815 27891 D ---     : send:1313	flag:0
08-03 11:07:00.061   617   617 E HWComposer: getLayerReleaseFence failed for display -1: Invalid display
08-03 11:07:00.061   617   617 I chatty  : uid=1000(system) /system/bin/surfaceflinger identical 2 lines
08-03 11:07:00.061   617   617 E HWComposer: getLayerReleaseFence failed for display -1: Invalid display
08-03 11:07:00.067 18815 27891 D wetestService: got buffer, info: size=1303, presentationTimeUs=18200000, offset=0
08-03 11:07:00.076   617   617 E HWComposer: getLayerReleaseFence failed for display -1: Invalid display
08-03 11:07:00.076   617   617 I chatty  : uid=1000(system) /system/bin/surfaceflinger identical 2 lines
08-03 11:07:00.076   617   617 E HWComposer: getLayerReleaseFence failed for display -1: Invalid display
08-03 11:07:00.119 18815 27891 D ---     : send:1303	flag:0
08-03 11:07:00.131 18815 27891 D wetestService: got buffer, info: size=1313, presentationTimeUs=18240000, offset=0
08-03 11:07:00.186  2243  2243 E adbd    : failed to connect to socket 'tcp:9008': Connection refused
08-03 11:07:00.189  2243  2243 E adbd    : failed to connect to socket 'tcp:9008': Connection refused
08-03 11:07:00.196 18815 27891 D ---     : send:1313	flag:0
08-03 11:07:00.208 18815 27891 D wetestService: got buffer, info: size=1303, presentationTimeUs=18280000, offset=0
08-03 11:07:00.263 18815 27891 D ---     : send:1303	flag:0
08-03 11:07:00.277 18815 27891 D wetestService: got buffer, info: size=1445, presentationTimeUs=18320000, offset=0
08-03 11:07:00.336 18815 27891 D ---     : send:1445	flag:0
08-03 11:07:00.349 18815 27891 D wetestService: got buffer, info: size=1320, presentationTimeUs=18360000, offset=0
08-03 11:07:00.414 18815 27891 D ---     : send:1320	flag:0
08-03 11:07:00.429 18815 27891 D wetestService: got buffer, info: size=1319, presentationTimeUs=18400000, offset=0
08-03 11:07:00.494 18815 27891 D ---     : send:1319	flag:0
08-03 11:07:00.507 18815 27891 D wetestService: got buffer, info: size=51891, presentationTimeUs=18440000, offset=0
08-03 11:07:00.562 18815 27891 D ---     : send:51891	flag:1
08-03 11:07:00.580 18815 27891 D wetestService: got buffer, info: size=3580, presentationTimeUs=18480000, offset=0
08-03 11:07:00.590   764   863 I ThermalEngine: vs_get_temperature: read[0] tsens_tz_sensor13 40000 mC, weight[0] 1
08-03 11:07:00.590   764   863 I ThermalEngine: vs_get_temperature: read[1] tsens_tz_sensor0 41000 mC, weight[1] -1
08-03 11:07:00.647 18815 27891 D ---     : send:3580	flag:0
08-03 11:07:00.661 18815 27891 D wetestService: got buffer, info: size=1725, presentationTimeUs=18520000, offset=0
08-03 11:07:00.720 18815 27891 D ---     : send:1725	flag:0
08-03 11:07:00.731 18815 27891 D wetestService: got buffer, info: size=1555, presentationTimeUs=18560000, offset=0
08-03 11:07:00.790 18815 27891 D ---     : send:1555	flag:0
08-03 11:07:00.802 18815 27891 D wetestService: got buffer, info: size=1315, presentationTimeUs=18600000, offset=0
08-03 11:07:00.857 18815 27891 D ---     : send:1315	flag:0
08-03 11:07:00.870 18815 27891 D wetestService: got buffer, info: size=1323, presentationTimeUs=18640000, offset=0
08-03 11:07:00.929 18815 27891 D ---     : send:1323	flag:0
08-03 11:07:00.943 18815 27891 D wetestService: got buffer, info: size=1301, presentationTimeUs=18680000, offset=0
08-03 11:07:00.998 18815 27891 D ---     : send:1301	flag:0
08-03 11:07:01.013 18815 27891 D wetestService: got buffer, info: size=1311, presentationTimeUs=18720000, offset=0
08-03 11:07:01.079 18815 27891 D ---     : send:1311	flag:0
08-03 11:07:01.092 18815 27891 D wetestService: got buffer, info: size=1301, presentationTimeUs=18760000, offset=0
08-03 11:07:01.160 18815 27891 D ---     : send:1301	flag:0
08-03 11:07:01.174 18815 27891 D wetestService: got buffer, info: size=1311, presentationTimeUs=18800000, offset=0
08-03 11:07:01.240 18815 27891 D ---     : send:1311	flag:0
08-03 11:07:01.251 18815 27891 D wetestService: got buffer, info: size=1301, presentationTimeUs=18840000, offset=0
08-03 11:07:01.270  2243  2243 E adbd    : failed to connect to socket 'tcp:9008': Connection refused
08-03 11:07:01.273  2243  2243 E adbd    : failed to connect to socket 'tcp:9008': Connection refused
08-03 11:07:01.307 18815 27891 D ---     : send:1301	flag:0
08-03 11:07:01.318 18815 27891 D wetestService: got buffer, info: size=1311, presentationTimeUs=18880000, offset=0
08-03 11:07:01.376 18815 27891 D ---     : send:1311	flag:0
08-03 11:07:01.386 18815 27891 D wetestService: got buffer, info: size=1301, presentationTimeUs=18920000, offset=0
08-03 11:07:01.450 18815 27891 D ---     : send:1301	flag:0
08-03 11:07:01.464 18815 27891 D wetestService: got buffer, info: size=1311, presentationTimeUs=18960000, offset=0
08-03 11:07:01.520 18815 27891 D ---     : send:1311	flag:0
08-03 11:07:01.532 18815 27891 D wetestService: got buffer, info: size=1301, presentationTimeUs=19000000, offset=0
08-03 11:07:01.588 18815 27891 D ---     : send:1301	flag:0
08-03 11:07:01.592   764   863 I ThermalEngine: vs_get_temperature: read[0] tsens_tz_sensor13 40000 mC, weight[0] 1
08-03 11:07:01.592   764   863 I ThermalEngine: vs_get_temperature: read[1] tsens_tz_sensor0 40000 mC, weight[1] -1
08-03 11:07:01.605 18815 27891 D wetestService: got buffer, info: size=1311, presentationTimeUs=19040000, offset=0
08-03 11:07:01.663 18815 27891 D ---     : send:1311	flag:0
08-03 11:07:01.675 18815 27891 D wetestService: got buffer, info: size=1301, presentationTimeUs=19080000, offset=0
08-03 11:07:01.743 18815 27891 D ---     : send:1301	flag:0
08-03 11:07:01.757 18815 27891 D wetestService: got buffer, info: size=1311, presentationTimeUs=19120000, offset=0
08-03 11:07:01.816 18815 27891 D ---     : send:1311	flag:0
08-03 11:07:01.826 18815 27891 D wetestService: got buffer, info: size=1301, presentationTimeUs=19160000, offset=0
08-03 11:07:01.878 18815 27891 D ---     : send:1301	flag:0
08-03 11:07:01.886 18815 27891 D wetestService: got buffer, info: size=1311, presentationTimeUs=19200000, offset=0
