08-03 11:07:12.831 28035 28040 W dex2oat : Accessing hidden method Landroid/content/pm/PackageParser;->parsePackage(Ljava/io/File;I)Landroid/content/pm/PackageParser$Package; (light greylist, linking)
08-03 11:07:12.831 28035 28038 W dex2oat : Accessing hidden field Landroid/content/pm/PackageParser$Package;->services:Ljava/util/ArrayList; (light greylist, linking)
08-03 11:07:12.831 28035 28038 W dex2oat : Accessing hidden field Landroid/content/pm/PackageParser$Service;->info:Landroid/content/pm/ServiceInfo; (light greylist, linking)
08-03 11:07:12.832 28035 28038 W dex2oat : Accessing hidden field Landroid/content/pm/PackageParser$Package;->providers:Ljava/util/ArrayList; (light greylist, linking)
08-03 11:07:12.832 28035 28041 W dex2oat : Accessing hidden method Landroid/content/pm/PackageParser;-><init>()V (light greylist, linking)
08-03 11:07:12.832 28035 28038 W dex2oat : Accessing hidden field Landroid/content/pm/PackageParser$Provider;->info:Landroid/content/pm/ProviderInfo; (light greylist, linking)
08-03 11:07:12.832 28035 28038 W dex2oat : Accessing hidden field Landroid/content/pm/PackageParser$Package;->receivers:Ljava/util/ArrayList; (light greylist, linking)
08-03 11:07:12.833 18815 27891 D ---     : send:1311	flag:0
08-03 11:07:12.833 28035 28038 W dex2oat : Accessing hidden field Landroid/content/pm/PackageParser$Component;->intents:Ljava/util/ArrayList; (light greylist, linking)
08-03 11:07:12.836 18815 27891 D wetestService: got buffer, info: size=1301, presentationTimeUs=26200000, offset=0
08-03 11:07:12.880 18815 27891 D ---     : send:1301	flag:0
08-03 11:07:12.886 18815 27891 D wetestService: got buffer, info: size=1311, presentationTimeUs=26240000, offset=0
08-03 11:07:12.929 18815 27891 D ---     : send:1311	flag:0
08-03 11:07:12.933 18815 27891 D wetestService: got buffer, info: size=1301, presentationTimeUs=26280000, offset=0
08-03 11:07:12.976 18815 27891 D ---     : send:1301	flag:0
08-03 11:07:12.980 18815 27891 D wetestService: got buffer, info: size=1311, presentationTimeUs=26320000, offset=0
08-03 11:07:13.022 18815 27891 D ---     : send:1311	flag:0
08-03 11:07:13.026 18815 27891 D wetestService: got buffer, info: size=1301, presentationTimeUs=26360000, offset=0
08-03 11:07:13.042  2243  2243 E adbd    : failed to connect to socket 'tcp:9008': Connection refused
08-03 11:07:13.043  2243  2243 E adbd    : failed to connect to socket 'tcp:9008': Connection refused
08-03 11:07:13.068 18815 27891 D ---     : send:1301	flag:0
08-03 11:07:13.071 18815 27891 D wetestService: got buffer, info: size=1311, presentationTimeUs=26400000, offset=0
08-03 11:07:13.114 18815 27891 D ---     : send:1311	flag:0
08-03 11:07:13.119 18815 27891 D wetestService: got buffer, info: size=51891, presentationTimeUs=26440000, offset=0
08-03 11:07:13.161 18815 27891 D ---     : send:51891	flag:1
08-03 11:07:13.166 18815 27891 D wetestService: got buffer, info: size=3580, presentationTimeUs=26480000, offset=0
08-03 11:07:13.209 18815 27891 D ---     : send:3580	flag:0
08-03 11:07:13.213 18815 27891 D wetestService: got buffer, info: size=1725, presentationTimeUs=26520000, offset=0
08-03 11:07:13.256 18815 27891 D ---     : send:1725	flag:0
08-03 11:07:13.260 18815 27891 D wetestService: got buffer, info: size=1555, presentationTimeUs=26560000, offset=0
08-03 11:07:13.305 18815 27891 D ---     : send:1555	flag:0
08-03 11:07:13.310 18815 27891 D wetestService: got buffer, info: size=1315, presentationTimeUs=26600000, offset=0
08-03 11:07:13.353 18815 27891 D ---     : send:1315	flag:0
08-03 11:07:13.356 18815 27891 D wetestService: got buffer, info: size=1323, presentationTimeUs=26640000, offset=0
08-03 11:07:13.399 18815 27891 D ---     : send:1323	flag:0
08-03 11:07:13.402 18815 27891 D wetestService: got buffer, info: size=1301, presentationTimeUs=26680000, offset=0
08-03 11:07:13.445 18815 27891 D ---     : send:1301	flag:0
08-03 11:07:13.447 18815 27891 D wetestService: got buffer, info: size=1311, presentationTimeUs=26720000, offset=0
08-03 11:07:13.491 18815 27891 D ---     : send:1311	flag:0
08-03 11:07:13.495 18815 27891 D wetestService: got buffer, info: size=1301, presentationTimeUs=26760000, offset=0
08-03 11:07:13.550 18815 27891 D ---     : send:1301	flag:0
08-03 11:07:13.556 18815 27891 D wetestService: got buffer, info: size=1311, presentationTimeUs=26800000, offset=0
08-03 11:07:13.605 18815 27891 D ---     : send:1311	flag:0
08-03 11:07:13.610   764   863 I ThermalEngine: vs_get_temperature: read[0] tsens_tz_sensor13 43000 mC, weight[0] 1
08-03 11:07:13.610   764   863 I ThermalEngine: vs_get_temperature: read[1] tsens_tz_sensor0 47000 mC, weight[1] -1
08-03 11:07:13.613 18815 27891 D wetestService: got buffer, info: size=1301, presentationTimeUs=26840000, offset=0
08-03 11:07:13.666 18815 27891 D ---     : send:1301	flag:0
08-03 11:07:13.674 18815 27891 D wetestService: got buffer, info: size=1311, presentationTimeUs=26880000, offset=0
08-03 11:07:13.718 18815 27891 D ---     : send:1311	flag:0
08-03 11:07:13.723 18815 27891 D wetestService: got buffer, info: size=1301, presentationTimeUs=26920000, offset=0
08-03 11:07:13.752 28035 28035 I dex2oat : Explicit concurrent copying GC freed 47167(8MB) AllocSpace objects, 0(0B) LOS objects, 99% free, 1536B/1537KB, paused 29us total 4.122ms
08-03 11:07:13.766 18815 27891 D ---     : send:1301	flag:0
08-03 11:07:13.770 18815 27891 D wetestService: got buffer, info: size=1311, presentationTimeUs=26960000, offset=0
08-03 11:07:13.814 18815 27891 D ---     : send:1311	flag:0
08-03 11:07:13.817 18815 27891 D wetestService: got buffer, info: size=1301, presentationTimeUs=27000000, offset=0
08-03 11:07:13.859 18815 27891 D ---     : send:1301	flag:0
08-03 11:07:13.862 18815 27891 D wetestService: got buffer, info: size=1311, presentationTimeUs=27040000, offset=0
08-03 11:07:13.905 18815 27891 D ---     : send:1311	flag:0
08-03 11:07:13.911 18815 27891 D wetestService: got buffer, info: size=1301, presentationTimeUs=27080000, offset=0
08-03 11:07:13.963 18815 27891 D ---     : send:1301	flag:0
08-03 11:07:13.970 18815 27891 D wetestService: got buffer, info: size=1311, presentationTimeUs=27120000, offset=0
08-03 11:07:14.019 18815 27891 D ---     : send:1311	flag:0
08-03 11:07:14.024 18815 27891 D wetestService: got buffer, info: size=1301, presentationTimeUs=27160000, offset=0
08-03 11:07:14.068 18815 27891 D ---     : send:1301	flag:0
08-03 11:07:14.071 18815 27891 D wetestService: got buffer, info: size=1311, presentationTimeUs=27200000, offset=0
08-03 11:07:14.108 28035 28035 I dex2oat : dex2oat took 2.476s (4.957s cpu) (threads: 8) arena alloc=23KB (23600B) java alloc=17KB (17920B) native alloc=13MB (14597192B) free=3MB (3752888B)
08-03 11:07:14.112  2243  2243 E adbd    : failed to connect to socket 'tcp:9008': Connection refused
08-03 11:07:14.113  2243  2243 E adbd    : failed to connect to socket 'tcp:9008': Connection refused
08-03 11:07:14.120 18815 27891 D ---     : send:1311	flag:0
08-03 11:07:14.123   911  4072 V installed: DexInv: --- END '/data/app/hide.package.name-dvnDlb-7kw34QW-wO-BRtA==/base.apk' (success) ---
08-03 11:07:14.125  1191  1218 I service_manager_stats: [100,71,294865]
08-03 11:07:14.125  1191  1218 V BackupManagerService: restoreAtInstall pkg=hide.package.name token=a9a restoreSet=0
08-03 11:07:14.127  1191  1218 V BackupManagerService: Finishing install immediately
08-03 11:07:14.128 18815 27891 D wetestService: got buffer, info: size=51891, presentationTimeUs=27240000, offset=0
08-03 11:07:14.129  1191  1218 I unknown_sources_enabled: 1
08-03 11:07:14.130   911  4072 E         : Couldn't opendir /data/app/vmdl192166445.tmp: No such file or directory
08-03 11:07:14.130   911  4072 E installd: Failed to delete /data/app/vmdl192166445.tmp: No such file or directory
08-03 11:07:14.143  1191  4026 I commit_sys_config_file: [package-session,8]
08-03 11:07:14.147  5240  5240 D Avrcp   : isBrowsableListUpdated: false
08-03 11:07:14.147  5240  5240 D BluetoothMapAppObserver: onReceive
08-03 11:07:14.147  5240  5240 D BluetoothMapAppObserver: The installed package is: hide.package.name
08-03 11:07:14.147  1191  1212 I commit_sys_config_file: [overlays,6]
08-03 11:07:14.154  8423  8423 I CarrierServices: [2] RcsAutoStartReceiver.b: carrierServicesJibeServiceEnabled changed from true to true
08-03 11:07:14.154  5240  5240 D BluetoothMapAppObserver: Found 0 application(s) with intent android.bluetooth.action.BLUETOOTH_MAP_PROVIDER
08-03 11:07:14.155  1191  9568 W BroadcastQueue: Background execution not allowed: receiving Intent { act=android.intent.action.PACKAGE_ADDED dat=package:hide.package.name flg=0x4000010 (has extras) } to com.android.musicfx/.Compatibility$Receiver
08-03 11:07:14.155  8423  8423 I CarrierServices: [2] RcsAutoStartReceiver.b: enableRcs changed from true to true
08-03 11:07:14.156  5240  5240 D BluetoothMapAppObserver: Found 0 application(s) with intent android.bluetooth.action.BLUETOOTH_MAP_IM_PROVIDER
08-03 11:07:14.156  5240  5240 V NewAvrcpMediaPlayerList: mPackageChangedBroadcastReceiver: action: android.intent.action.PACKAGE_ADDED
08-03 11:07:14.156  5240  5240 D NewAvrcpMediaPlayerList: Name of package changed: hide.package.name
08-03 11:07:14.158  8423  8423 I CarrierServices: [2] RcsAutoStartReceiver.b: RcsAutoStartReceiver triggered. Fetching RCS State. Action: android.intent.action.PACKAGE_ADDED
08-03 11:07:14.161  5162  5162 D RegisteredNfcFServicesCache: Service unchanged, not updating
08-03 11:07:14.161  8423  8423 I CarrierServices: [2] aws.a: Migration binding to RcsMigrationService
08-03 11:07:14.166 19521 19521 I Bugle   : returning RCS state provider.
08-03 11:07:14.170 19521 24156 I CarrierServices: [44618] e.a: Sim state is not ready. Returning last known operation mode.
08-03 11:07:14.171  1191  4051 I InputReader: Reconfiguring input devices.  changes=0x00000010
08-03 11:07:14.175 18815 27891 D ---     : send:51891	flag:1
08-03 11:07:14.177 18815 27891 D wetestService: got buffer, info: size=3580, presentationTimeUs=27280000, offset=0
08-03 11:07:14.177  4605  4605 E PhoneInterfaceManager: [PhoneIntfMgr] getCarrierPackageNamesForIntent: No UICC
08-03 11:07:14.177  4605  4605 D CarrierSvcBindHelper: No carrier app for: 0
08-03 11:07:14.180  8423 28053 I CarrierServices: [44532] awt.doInBackground: Saving RCS State
08-03 11:07:14.180  8423 28053 I CarrierServices: [44532] awt.doInBackground: Old operation mode: 0
08-03 11:07:14.184 19280 19280 I Finsky  : [2] com.google.android.finsky.wear.WearSupportService.onStartCommand(16): Starting WearSupportService for auto_install
08-03 11:07:14.185  4605  4605 E VvmPkgInstalledRcvr: cannot create TelephonyManager from ComponentInfo{com.android.phone/com.android.services.telephony.TelephonyConnectionService}, ***, UserHandle{0}
08-03 11:07:14.185  4605  4605 D ImsResolver: maybeAddedImsService, packageName: hide.package.name
08-03 11:07:14.184  8423 28053 I CarrierServices: [44532] awt.doInBackground: New operation mode: 0
08-03 11:07:14.186  8423  8423 I CarrierServices: [2] aww.a: Unbinding RcsMigrationService
08-03 11:07:14.188  4605  4605 D CarrierConfigLoader: mHandler: 9 phoneId: 0
08-03 11:07:14.188 19280 19280 I Finsky  : [2] com.google.android.finsky.wear.s.a(16): Connecting to wearable
08-03 11:07:14.189 19280 19280 I Finsky  : [2] com.google.android.finsky.externalreferrer.c.run(11): Package state data is missing for hide.package.name
08-03 11:07:14.191 19280 19280 I Finsky  : [2] com.google.android.finsky.wear.WearSupportService.onStartCommand(16): Starting WearSupportService for send_installed_apps
08-03 11:07:14.193  1191  7648 W BroadcastQueue: Background execution not allowed: receiving Intent { act=android.intent.action.PACKAGE_ADDED dat=package:hide.package.name flg=0x4000010 (has extras) } to com.google.android.googlequicksearchbox/com.google.android.apps.gsa.googlequicksearchbox.GelStubAppWatcher
08-03 11:07:14.194  1191  1205 W BroadcastQueue: Background execution not allowed: receiving Intent { act=android.intent.action.PACKAGE_ADDED dat=package:hide.package.name flg=0x4000010 (has extras) } to com.google.android.ims/.receivers.RcsAutoStartReceiver
08-03 11:07:14.203 14985 14985 I Wear_Controller: Wear requires a companion app to be installed.
08-03 11:07:14.203 14985 14985 I WearableService: onCreate: Wearable Services not starting. Wear is not available on this device.
08-03 11:07:14.210 14985 14996 W WearableService: onGetService: Wear is not available on this device.
08-03 11:07:14.211 26267 26267 D garena  : onReceive(APKInstallReceiver.java:44): [thread_id:2 name=main]  [APKInstallReceiver] Receiver on receiver intent action: android.intent.action.PACKAGE_ADDED, package: hide.package.name
08-03 11:07:14.212 19280 19280 E Finsky  : [2] com.google.android.finsky.wear.t.a(3): onConnectionFailed: ConnectionResult{statusCode=API_UNAVAILABLE, resolution=null, message=null}
08-03 11:07:14.212 19280 19280 W Finsky  : [2] com.google.android.finsky.wear.s.a(5): GoogleApiClient instance is not connected when requested
08-03 11:07:14.212 19280 19280 W Finsky  : [2] com.google.android.finsky.wear.cx.run(10): Dropping command=auto_install due to Gms not connected
08-03 11:07:14.213 19280 19280 I Finsky  : [2] com.google.android.finsky.wear.WearSupportService.b(59): Stopping WearSupportService
08-03 11:07:14.214 19280 19280 W Finsky  : [2] com.google.android.finsky.wear.s.a(5): GoogleApiClient instance is not connected when requested
08-03 11:07:14.215 19280 19280 W Finsky  : [2] com.google.android.finsky.wear.cx.run(10): Dropping command=send_installed_apps due to Gms not connected
08-03 11:07:14.215 26267 26267 D garena  : push(Bus.java:54): [thread_id:2 name=main]  BUS Push Event into streaming with new event:  Event [4] 
08-03 11:07:14.215 19280 19280 I Finsky  : [2] com.google.android.finsky.wear.WearSupportService.b(59): Stopping WearSupportService
08-03 11:07:14.218  1191  9285 I am_uid_running: 11928
08-03 11:07:14.221 26267 26419 D garena  : call(TaskManager$3$1.java:73): [thread_id:44672 name=RxComputationScheduler-4] [RecordStatsTask] starts execution (auto-trigger)
08-03 11:07:14.221 18815 27891 D ---     : send:3580	flag:0
08-03 11:07:14.221 26267 26418 D garena  : call(TaskManager$3$1.java:73): [thread_id:44671 name=RxComputationScheduler-3] [DeleteAPKInstallFileTask] starts execution (auto-trigger)
08-03 11:07:14.225 26267 26420 D garena  : call(APKInstallReceiver$DeleteAPKInstallFileTask$1.java:99): [thread_id:44673 name=RxComputationScheduler-5]  [APKInstallReceiver] begin to find and delete APK file with pkg: hide.package.name
08-03 11:07:14.230 18815 27891 D wetestService: got buffer, info: size=1725, presentationTimeUs=27320000, offset=0
08-03 11:07:14.230  1191  1207 I am_proc_start: [0,28066,11928,com.tencent.mobileqq:tool,broadcast,com.tencent.mobileqq/com.tencent.open.business.base.appreport.AppReportReceiver]
08-03 11:07:14.230  1191  1207 I ActivityManager: Start proc 28066:com.tencent.mobileqq:tool/u0a1928 for broadcast com.tencent.mobileqq/com.tencent.open.business.base.appreport.AppReportReceiver
08-03 11:07:14.234 28066 28066 E t.mobileqq:too: Not starting debugger since process cannot load the jdwp agent.
08-03 11:07:14.239 26218 28071 V MVS_VZWAVSService: android.intent.action.PACKAGE_ADDED
08-03 11:07:14.240  1191  9285 I am_proc_bound: [0,28066,com.tencent.mobileqq:tool]
08-03 11:07:14.250 26317 26458 I rena.gas:remot: Waiting for a blocking GC ProfileSaver
08-03 11:07:14.264   927   961 I statsd  : Bytes used 51264 is above limit 51200, need to delete something
08-03 11:07:14.265  1191  1191 I Telecom : DefaultDialerCache: Refreshing default dialer for user 0: now com.google.android.dialer: DDC.oR@Q9U
08-03 11:07:14.271  1191  1191 V BackupManagerConstants: getFullBackupIntervalMilliseconds(...) returns 86400000
08-03 11:07:14.273 18815 27891 D ---     : send:1725	flag:0
08-03 11:07:14.276 18815 27891 D wetestService: got buffer, info: size=1555, presentationTimeUs=27360000, offset=0
08-03 11:07:14.283 28066 28066 I t.mobileqq:too: The ClassLoaderContext is a special shared library.
08-03 11:07:14.290  1191  1191 I notification_cancel_all: [1000,1191,hide.package.name,0,0,0,5,NULL]
08-03 11:07:14.284 28066 28066 I t.mobileqq:too: The ClassLoaderContext is a special shared library.
08-03 11:07:14.295 26317 26458 I rena.gas:remot: WaitForGcToComplete blocked ProfileSaver on HeapTrim for 44.292ms
08-03 11:07:14.299  1191  1191 I commit_sys_config_file: [notification-policy,10]
08-03 11:07:14.314  4605  4605 E QtiImsExtUtils: getConfigForPhoneId phoneId is invalid
08-03 11:07:14.314  4605  4605 E QtiImsExtUtils: isCarrierConfigEnabled bundle is null
08-03 11:07:14.319 18815 27891 D ---     : send:1555	flag:0
08-03 11:07:14.324  1191  1200 I system_server: Background concurrent copying GC freed 56164(3MB) AllocSpace objects, 24(992KB) LOS objects, 42% free, 33MB/57MB, paused 319us total 194.257ms
08-03 11:07:14.325 18815 27891 D wetestService: got buffer, info: size=1315, presentationTimeUs=27400000, offset=0
08-03 11:07:14.343   617   617 E HWComposer: getLayerReleaseFence failed for display -1: Invalid display
08-03 11:07:14.343   617   617 I chatty  : uid=1000(system) /system/bin/surfaceflinger identical 2 lines
08-03 11:07:14.343   617   617 E HWComposer: getLayerReleaseFence failed for display -1: Invalid display
08-03 11:07:14.346 28066 28066 D QFixApplicationImpl: false
08-03 11:07:14.346 28066 28066 D QFixApplicationImpl: isAndroidNPatchEnable = false androidNTryCount
08-03 11:07:14.348 26697 28047 I ProvidersCache: Provider returned no roots. Possibly naughty: com.google.android.apps.docs.storage
08-03 11:07:14.358   617   617 E HWComposer: getLayerReleaseFence failed for display -1: Invalid display
08-03 11:07:14.358   617   617 I chatty  : uid=1000(system) /system/bin/surfaceflinger identical 2 lines
08-03 11:07:14.358   617   617 E HWComposer: getLayerReleaseFence failed for display -1: Invalid display
08-03 11:07:14.366 18815 27891 D ---     : send:1315	flag:0
08-03 11:07:14.369 18815 27891 D wetestService: got buffer, info: size=1323, presentationTimeUs=27440000, offset=0
08-03 11:07:14.375 28066 28085 D MSF.D.QLog: QLog init
08-03 11:07:14.389 28066 28066 D MSF.D.MonitorSocket: monitor_config not found, disable monitor socket
08-03 11:07:14.390 28066 28085 W t.mobileqq:too: Accessing hidden field Ljava/lang/AbstractStringBuilder;->value:[C (light greylist, reflection)
08-03 11:07:14.391 28066 28085 W System.err: java.lang.ClassNotFoundException: java.nio.CharArrayBuffer
08-03 11:07:14.391 28066 28085 W System.err: 	at java.lang.Class.classForName(Native Method)
08-03 11:07:14.391 28066 28085 W System.err: 	at java.lang.Class.forName(Class.java:453)
08-03 11:07:14.391 28066 28085 W System.err: 	at java.lang.Class.forName(Class.java:378)
08-03 11:07:14.391 28066 28085 W System.err: 	at com.tencent.qphone.base.util.h.a(QLogWriter.java:281)
08-03 11:07:14.391 28066 28085 W System.err: 	at com.tencent.qphone.base.util.h.write(QLogWriter.java:252)
08-03 11:07:14.391 28066 28085 W System.err: 	at java.io.BufferedWriter.flushBuffer(BufferedWriter.java:129)
08-03 11:07:14.391 28066 28085 W System.err: 	at java.io.BufferedWriter.flush(BufferedWriter.java:253)
08-03 11:07:14.391 28066 28085 W System.err: 	at com.tencent.qphone.base.util.QLog.writeLogToFile(QLog.java:958)
08-03 11:07:14.391 28066 28085 W System.err: 	at com.tencent.qphone.base.util.QLog.access$500(QLog.java:49)
08-03 11:07:14.391 28066 28085 W System.err: 	at com.tencent.qphone.base.util.QLog$c.handleMessage(QLog.java:124)
08-03 11:07:14.391 28066 28085 W System.err: 	at android.os.Handler.dispatchMessage(Handler.java:106)
08-03 11:07:14.391 28066 28085 W System.err: 	at android.os.Looper.loop(Looper.java:193)
08-03 11:07:14.391 28066 28085 W System.err: 	at android.os.HandlerThread.run(HandlerThread.java:65)
08-03 11:07:14.391 28066 28085 W System.err: Caused by: java.lang.ClassNotFoundException: Didn't find class "java.nio.CharArrayBuffer" on path: DexPathList[[zip file "/system/framework/org.apache.http.legacy.boot.jar", zip file "/system/framework/com.google.android.media.effects.jar", zip file "/data/app/com.tencent.mobileqq-lkH8q89gkd1qz_Ar7ywzig==/base.apk"],nativeLibraryDirectories=[/data/app/com.tencent.mobileqq-lkH8q89gkd1qz_Ar7ywzig==/lib/arm, /system/fake-libs, /data/app/com.tencent.mobileqq-lkH8q89gkd1qz_Ar7ywzig==/base.apk!/lib/armeabi, /system/lib]]
08-03 11:07:14.391 28066 28085 W System.err: 	at dalvik.system.BaseDexClassLoader.findClass(BaseDexClassLoader.java:126)
08-03 11:07:14.391 28066 28085 W System.err: 	at java.lang.ClassLoader.loadClass(ClassLoader.java:379)
08-03 11:07:14.391 28066 28085 W System.err: 	at java.lang.ClassLoader.loadClass(ClassLoader.java:312)
08-03 11:07:14.391 28066 28085 W System.err: 	... 13 more
08-03 11:07:14.395 28066 28066 E DexLoadOat: Success
08-03 11:07:14.407  1191  1207 I am_proc_start: [0,28091,11928,com.tencent.mobileqq,content provider,com.tencent.mobileqq/com.tencent.mqq.shared_file_accessor.ContentProviderImpl]
08-03 11:07:14.407  1191  1207 I ActivityManager: Start proc 28091:com.tencent.mobileqq/u0a1928 for content provider com.tencent.mobileqq/com.tencent.mqq.shared_file_accessor.ContentProviderImpl
08-03 11:07:14.408 28091 28091 E encent.mobileq: Not starting debugger since process cannot load the jdwp agent.
08-03 11:07:14.411 18815 27891 D ---     : send:1323	flag:0
08-03 11:07:14.413 18815 27891 D wetestService: got buffer, info: size=1301, presentationTimeUs=27480000, offset=0
08-03 11:07:14.418  1191  7648 I am_proc_bound: [0,28091,com.tencent.mobileqq]
08-03 11:07:14.434 28091 28091 I encent.mobileq: The ClassLoaderContext is a special shared library.
08-03 11:07:14.435 28091 28091 I encent.mobileq: The ClassLoaderContext is a special shared library.
08-03 11:07:14.458 28091 28091 D QFixApplicationImpl: false
08-03 11:07:14.458 28091 28091 D QFixApplicationImpl: isAndroidNPatchEnable = false androidNTryCount
08-03 11:07:14.459 18815 27891 D ---     : send:1301	flag:0
08-03 11:07:14.465 18815 27891 D wetestService: got buffer, info: size=1311, presentationTimeUs=27520000, offset=0
08-03 11:07:14.484 28091 28091 E DexLoadOat: Success
08-03 11:07:14.487 28091 28091 D HotPatchTool: injectPatchDex enable=false, isStartup=true
08-03 11:07:14.505 28091 28091 D MSF.D.MonitorSocket: monitor_config not found, disable monitor socket
08-03 11:07:14.514 18815 27891 D ---     : send:1311	flag:0
08-03 11:07:14.522 18815 27891 D wetestService: got buffer, info: size=1301, presentationTimeUs=27560000, offset=0
08-03 11:07:14.529 28066 28066 D HotPatchTool: injectPatchDex enable=false, isStartup=true
08-03 11:07:14.539 28091 28091 I AutoMonitor: onActivityCreatecom.tencent.mobileqq.qipc.QIPCServiceEx@e754eed
08-03 11:07:14.540 28091 28091 I AutoMonitor: onActivityCreate1, 2
08-03 11:07:14.545 28091 28091 E QQAppInterface: laResult: 15, verifyResult: 15
08-03 11:07:14.546 28091 28091 I QQAppInterface: enableManagerSmallLock true
08-03 11:07:14.547 28091 28091 D mqq     : doInit begin withcom.tencent.mobileqq
08-03 11:07:14.547 28091 28091 W System.err: java.io.FileNotFoundException: /data/user/0/com.tencent.mobileqq/files/Properties (No such file or directory)
08-03 11:07:14.547 28091 28091 W System.err: 	at java.io.FileInputStream.open0(Native Method)
08-03 11:07:14.548 28091 28091 W System.err: 	at java.io.FileInputStream.open(FileInputStream.java:231)
08-03 11:07:14.548 28091 28091 W System.err: 	at java.io.FileInputStream.<init>(FileInputStream.java:165)
08-03 11:07:14.548 28091 28091 W System.err: 	at android.app.ContextImpl.openFileInput(ContextImpl.java:560)
08-03 11:07:14.548 28091 28091 W System.err: 	at android.content.ContextWrapper.openFileInput(ContextWrapper.java:202)
08-03 11:07:14.548 28091 28091 W System.err: 	at com.tencent.mobileqq.qfix.ApplicationDelegate.openFileInput(ApplicationDelegate.java:213)
08-03 11:07:14.548 28091 28091 W System.err: 	at mqq.app.MobileQQ.loadProperites(MobileQQ.java:226)
08-03 11:07:14.548 28091 28091 W System.err: 	at mqq.app.MobileQQ.doInit(MobileQQ.java:167)
08-03 11:07:14.548 28091 28091 W System.err: 	at com.tencent.mobileqq.startup.step.NewRuntime.a(ProGuard:33)
08-03 11:07:14.548 28091 28091 W System.err: 	at com.tencent.mobileqq.startup.step.Step.c(ProGuard:104)
08-03 11:07:14.548 28091 28091 W System.err: 	at com.tencent.mobileqq.startup.step.Step.a(ProGuard:136)
08-03 11:07:14.548 28091 28091 W System.err: 	at com.tencent.mobileqq.startup.step.Step.c(ProGuard:104)
08-03 11:07:14.548 28091 28091 W System.err: 	at com.tencent.mobileqq.startup.director.StartupDirector.a(ProGuard:387)
08-03 11:07:14.548 28091 28091 W System.err: 	at com.tencent.common.app.BaseApplicationImpl.onActivityCreate(ProGuard:258)
08-03 11:07:14.548 28091 28091 W System.err: 	at mqq.app.AppService.onCreate(AppService.java:23)
08-03 11:07:14.548 28091 28091 W System.err: 	at eipc.EIPCService.onCreate(EIPCService.java:19)
08-03 11:07:14.548 28091 28091 W System.err: 	at android.app.ActivityThread.handleCreateService(ActivityThread.java:3521)
08-03 11:07:14.548 28091 28091 W System.err: 	at android.app.ActivityThread.access$1200(ActivityThread.java:197)
08-03 11:07:14.548 28091 28091 W System.err: 	at android.app.ActivityThread$H.handleMessage(ActivityThread.java:1650)
08-03 11:07:14.548 28091 28091 W System.err: 	at android.os.Handler.dispatchMessage(Handler.java:106)
08-03 11:07:14.548 28091 28091 W System.err: 	at android.os.Looper.loop(Looper.java:193)
08-03 11:07:14.548 28091 28091 W System.err: 	at android.app.ActivityThread.main(ActivityThread.java:6642)
08-03 11:07:14.548 28091 28091 W System.err: 	at java.lang.reflect.Method.invoke(Native Method)
08-03 11:07:14.548 28091 28091 W System.err: 	at com.android.internal.os.RuntimeInit$MethodAndArgsCaller.run(RuntimeInit.java:493)
08-03 11:07:14.548 28091 28091 W System.err: 	at com.android.internal.os.ZygoteInit.main(ZygoteInit.java:858)
08-03 11:07:14.555 28091 28091 I MsfServiceSdk: google_pixel 2 xl create isUseNewProxy=false randomInt=39
08-03 11:07:14.562 28091 28091 I MSF.D.NetworkProvider: refresh currentAPN:. received networkInfo: CONNECTED :[type: WIFI[], state: CONNECTED/CONNECTED, reason: (unspecified), extra: (none), failover: false, available: true, roaming: false]. ExtraNetInfo: null
08-03 11:07:14.563 28091 28091 D MSF.D.NetworkProvider: netchange NONE to WiFi
08-03 11:07:14.568 28091 28091 D MsfServiceSdk: MsfServiceSdk init proxyNew=false processName=com.tencent.mobileqq
08-03 11:07:14.569 18815 27891 D ---     : send:1301	flag:0
08-03 11:07:14.571 28091 28091 D MSF.D.Proxy: start service finish
08-03 11:07:14.575 28091 28091 D MSF.D.Proxy: threadID:2, threadName: main bind service finished true
08-03 11:07:14.576 28091 28091 D mqq     : doinit last == null goto to sharedPreferences....
08-03 11:07:14.581 28091 28091 D MobileQQ: createNewRuntime, truefalse5null
08-03 11:07:14.583 18815 27891 D wetestService: got buffer, info: size=1311, presentationTimeUs=27600000, offset=0
08-03 11:07:14.591  1191  1207 I am_proc_start: [0,28123,11928,com.tencent.mobileqq:MSF,service,com.tencent.mobileqq/.msf.service.MsfService]
08-03 11:07:14.591  1191  1207 I ActivityManager: Start proc 28123:com.tencent.mobileqq:MSF/u0a1928 for service com.tencent.mobileqq/.msf.service.MsfService
08-03 11:07:14.591 28066 28129 W t.mobileqq:too: Accessing hidden method Landroid/app/ActivityThread;->currentActivityThread()Landroid/app/ActivityThread; (light greylist, reflection)
08-03 11:07:14.591 28066 28129 W t.mobileqq:too: Accessing hidden field Landroid/app/ActivityThread;->mNumVisibleActivities:I (light greylist, reflection)
08-03 11:07:14.592 28091 28091 D MSF.D.Proxy: start service finish
08-03 11:07:14.593 28091 28091 D MSF.D.Proxy: threadID:2, threadName: main bind service finished true
08-03 11:07:14.594 28091 28091 D MobileQQ: CNR account == null
08-03 11:07:14.594 28091 28091 I mqq     : [AppRuntime]QQAppInterface (null) onCreate,savedInstanceState=null
08-03 11:07:14.596 28091 28091 E mqq     : can not send intent ,false|true|false
08-03 11:07:14.599 28123 28123 E nt.mobileqq:MS: Not starting debugger since process cannot load the jdwp agent.
08-03 11:07:14.602 28091 28091 I UniformDownloadMgr<FileAssistant>: [UniformDL] UniformDownloadMgr.getInstance.create
08-03 11:07:14.603 28091 28091 I UniformDownloadMgr<FileAssistant>: [UniformDL] UniformDownloadMgr onAppInit...
08-03 11:07:14.606 28066 28066 W beacon  : get app channel fail!
08-03 11:07:14.609  1191  9562 I am_proc_bound: [0,28123,com.tencent.mobileqq:MSF]
08-03 11:07:14.611   764   863 I ThermalEngine: vs_get_temperature: read[0] tsens_tz_sensor13 43000 mC, weight[0] 1
08-03 11:07:14.611   764   863 I ThermalEngine: vs_get_temperature: read[1] tsens_tz_sensor0 46000 mC, weight[1] -1
08-03 11:07:14.613 28091 28091 D mqq     : doInit finished
08-03 11:07:14.627 18815 27891 D ---     : send:1311	flag:0
08-03 11:07:14.628 28091 28091 D Rdm     : doStep...process=com.tencent.mobileqq, sRdmState=0
08-03 11:07:14.634 18815 27891 D wetestService: got buffer, info: size=1301, presentationTimeUs=27640000, offset=0
08-03 11:07:14.640 28091 28146 W encent.mobileq: Accessing hidden method Landroid/app/ActivityThread;->currentActivityThread()Landroid/app/ActivityThread; (light greylist, reflection)
08-03 11:07:14.641 28091 28146 W encent.mobileq: Accessing hidden field Landroid/app/ActivityThread;->mNumVisibleActivities:I (light greylist, reflection)
08-03 11:07:14.644 28123 28123 I nt.mobileqq:MS: The ClassLoaderContext is a special shared library.
08-03 11:07:14.646 28123 28123 I nt.mobileqq:MS: The ClassLoaderContext is a special shared library.
08-03 11:07:14.651 28091 28091 W beacon  : get app channel fail!
08-03 11:07:14.648 28066 28066 I auditd  : type=1400 audit(0.0:2543768): avc: denied { search } for comm="pool-1-thread-3" name="net" dev="sysfs" ino=30538 scontext=u:r:untrusted_app_25:s0:c512,c768 tcontext=u:object_r:sysfs_net:s0 tclass=dir permissive=0
08-03 11:07:14.648 28066 28066 W pool-1-thread-3: type=1400 audit(0.0:2543768): avc: denied { search } for name="net" dev="sysfs" ino=30538 scontext=u:r:untrusted_app_25:s0:c512,c768 tcontext=u:object_r:sysfs_net:s0 tclass=dir permissive=0
08-03 11:07:14.648 28066 28066 I auditd  : type=1400 audit(0.0:2543769): avc: denied { search } for comm="pool-1-thread-3" name="net" dev="sysfs" ino=30539 scontext=u:r:untrusted_app_25:s0:c512,c768 tcontext=u:object_r:sysfs_net:s0 tclass=dir permissive=0
08-03 11:07:14.648 28066 28066 W pool-1-thread-3: type=1400 audit(0.0:2543769): avc: denied { search } for name="net" dev="sysfs" ino=30539 scontext=u:r:untrusted_app_25:s0:c512,c768 tcontext=u:object_r:sysfs_net:s0 tclass=dir permissive=0
08-03 11:07:14.653 28066 28143 E beacon  : Read file /sys/class/net/wlan0/address failed.
08-03 11:07:14.653 28066 28143 E beacon  : Read file /sys/devices/virtual/net/wlan0/address failed.
08-03 11:07:14.658 28066 28143 E System  :  ******** DEPRECATED FUNCTIONALITY ********
08-03 11:07:14.658 28066 28143 E System  :  * The implementation of the KeyFactory.RSA algorithm from
08-03 11:07:14.658 28066 28143 E System  :  * the BC provider is deprecated in this version of Android.
08-03 11:07:14.658 28066 28143 E System  :  * It will be removed in a future version of Android and your
08-03 11:07:14.658 28066 28143 E System  :  * application will no longer be able to request it.  Please see
08-03 11:07:14.658 28066 28143 E System  :  * https://android-developers.googleblog.com/2018/03/cryptography-changes-in-android-p.html
08-03 11:07:14.658 28066 28143 E System  :  * for more details.
08-03 11:07:14.669 28091 28091 D StatisticCollector: initCrashReport ... process:com.tencent.mobileqq pid=28091
08-03 11:07:14.677 18815 27891 D ---     : send:1301	flag:0
08-03 11:07:14.682 28066 28141 E beacon  : Read file /sys/class/net/wlan0/address failed.
08-03 11:07:14.678 28066 28066 I auditd  : type=1400 audit(0.0:2543770): avc: denied { search } for comm="pool-1-thread-2" name="net" dev="sysfs" ino=30538 scontext=u:r:untrusted_app_25:s0:c512,c768 tcontext=u:object_r:sysfs_net:s0 tclass=dir permissive=0
08-03 11:07:14.678 28066 28066 W pool-1-thread-2: type=1400 audit(0.0:2543770): avc: denied { search } for name="net" dev="sysfs" ino=30538 scontext=u:r:untrusted_app_25:s0:c512,c768 tcontext=u:object_r:sysfs_net:s0 tclass=dir permissive=0
08-03 11:07:14.678 28066 28066 I auditd  : type=1400 audit(0.0:2543771): avc: denied { search } for comm="pool-1-thread-2" name="net" dev="sysfs" ino=30539 scontext=u:r:untrusted_app_25:s0:c512,c768 tcontext=u:object_r:sysfs_net:s0 tclass=dir permissive=0
08-03 11:07:14.682 28066 28141 E beacon  : Read file /sys/devices/virtual/net/wlan0/address failed.
08-03 11:07:14.678 28066 28066 W pool-1-thread-2: type=1400 audit(0.0:2543771): avc: denied { search } for name="net" dev="sysfs" ino=30539 scontext=u:r:untrusted_app_25:s0:c512,c768 tcontext=u:object_r:sysfs_net:s0 tclass=dir permissive=0
08-03 11:07:14.683 18815 27891 D wetestService: got buffer, info: size=1311, presentationTimeUs=27680000, offset=0
08-03 11:07:14.685 28066 28066 I MsfServiceSdk: google_pixel 2 xl create isUseNewProxy=false randomInt=39
08-03 11:07:14.688 28091 28091 I auditd  : type=1400 audit(0.0:2543772): avc: denied { search } for comm="pool-2-thread-2" name="net" dev="sysfs" ino=30538 scontext=u:r:untrusted_app_25:s0:c512,c768 tcontext=u:object_r:sysfs_net:s0 tclass=dir permissive=0
08-03 11:07:14.688 28091 28091 W pool-2-thread-2: type=1400 audit(0.0:2543772): avc: denied { search } for name="net" dev="sysfs" ino=30538 scontext=u:r:untrusted_app_25:s0:c512,c768 tcontext=u:object_r:sysfs_net:s0 tclass=dir permissive=0
08-03 11:07:14.693 28091 28149 E beacon  : Read file /sys/class/net/wlan0/address failed.
08-03 11:07:14.688 28091 28091 I auditd  : type=1400 audit(0.0:2543773): avc: denied { search } for comm="pool-2-thread-2" name="net" dev="sysfs" ino=30539 scontext=u:r:untrusted_app_25:s0:c512,c768 tcontext=u:object_r:sysfs_net:s0 tclass=dir permissive=0
08-03 11:07:14.688 28091 28091 W pool-2-thread-2: type=1400 audit(0.0:2543773): avc: denied { search } for name="net" dev="sysfs" ino=30539 scontext=u:r:untrusted_app_25:s0:c512,c768 tcontext=u:object_r:sysfs_net:s0 tclass=dir permissive=0
08-03 11:07:14.693 28091 28149 E beacon  : Read file /sys/devices/virtual/net/wlan0/address failed.
08-03 11:07:14.692 28066 28066 I auditd  : type=1400 audit(0.0:2543774): avc: denied { search } for comm="pool-1-thread-2" name="net" dev="sysfs" ino=30538 scontext=u:r:untrusted_app_25:s0:c512,c768 tcontext=u:object_r:sysfs_net:s0 tclass=dir permissive=0
08-03 11:07:14.692 28066 28066 W pool-1-thread-2: type=1400 audit(0.0:2543774): avc: denied { search } for name="net" dev="sysfs" ino=30538 scontext=u:r:untrusted_app_25:s0:c512,c768 tcontext=u:object_r:sysfs_net:s0 tclass=dir permissive=0
08-03 11:07:14.696 28066 28141 E beacon  : Read file /sys/class/net/eth0/address failed.
08-03 11:07:14.692 28091 28091 I auditd  : type=1400 audit(0.0:2543775): avc: denied { read } for comm="encent.mobileqq" name="anr" dev="sda13" ino=2097153 scontext=u:r:untrusted_app_25:s0:c512,c768 tcontext=u:object_r:anr_data_file:s0 tclass=dir permissive=0
08-03 11:07:14.692 28091 28091 W encent.mobileqq: type=1400 audit(0.0:2543775): avc: denied { read } for name="anr" dev="sda13" ino=2097153 scontext=u:r:untrusted_app_25:s0:c512,c768 tcontext=u:object_r:anr_data_file:s0 tclass=dir permissive=0
08-03 11:07:14.699 28091 28149 E System  :  ******** DEPRECATED FUNCTIONALITY ********
08-03 11:07:14.699 28091 28149 E System  :  * The implementation of the KeyFactory.RSA algorithm from
08-03 11:07:14.699 28091 28149 E System  :  * the BC provider is deprecated in this version of Android.
08-03 11:07:14.699 28091 28149 E System  :  * It will be removed in a future version of Android and your
08-03 11:07:14.699 28091 28149 E System  :  * application will no longer be able to request it.  Please see
08-03 11:07:14.699 28091 28149 E System  :  * https://android-developers.googleblog.com/2018/03/cryptography-changes-in-android-p.html
08-03 11:07:14.699 28091 28149 E System  :  * for more details.
08-03 11:07:14.700 28066 28066 I MSF.D.NetworkProvider: refresh currentAPN:. received networkInfo: CONNECTED :[type: WIFI[], state: CONNECTED/CONNECTED, reason: (unspecified), extra: (none), failover: false, available: true, roaming: false]. ExtraNetInfo: null
08-03 11:07:14.700 28066 28066 D MSF.D.NetworkProvider: netchange NONE to WiFi
08-03 11:07:14.706 28123 28123 D QFixApplicationImpl: false
08-03 11:07:14.706 28123 28123 D QFixApplicationImpl: isAndroidNPatchEnable = false androidNTryCount
08-03 11:07:14.715 28091 28091 D StatisticCollector: initNativeCrashReport ... process:com.tencent.mobileqq pid=28091
08-03 11:07:14.728 18815 27891 D ---     : send:1311	flag:0
08-03 11:07:14.731 28091 28091 I native_eup: Java_com_tencent_feedback_eup_jni_NativeExceptionUpload_registNativeExceptionHandler2 start
08-03 11:07:14.731 28091 28091 I native_eup: JARJNIVERSION:1
08-03 11:07:14.731 28091 28091 I native_eup: found native exception upload!
08-03 11:07:14.731 28091 28091 I native_eup: found native exception handler!
08-03 11:07:14.731 28091 28091 I native_eup: regist handler start procType 1 , level 5 , tombDir:/data/user/0/com.tencent.mobileqq/app_tombs
08-03 11:07:14.731 28091 28091 I native_eup: registSignal start
08-03 11:07:14.731 28091 28091 I native_eup: registSignal end
08-03 11:07:14.731 28091 28091 I native_eup: regist handler end
08-03 11:07:14.731 28091 28091 I native_eup: Java_com_tencent_feedback_eup_jni_NativeExceptionUpload_registNativeExceptionHandler end
08-03 11:07:14.732 28091 28091 I native_eup: NativeRQDVersion:testbuildnum
08-03 11:07:14.732 28091 28091 I native_eup: Java_com_tencent_feedback_eup_jni_NativeExceptionUpload_registNativeExceptionHandler2 start
08-03 11:07:14.732 28091 28091 I native_eup: JARJNIVERSION:0
08-03 11:07:14.732 28091 28091 I native_eup: found native exception upload!
08-03 11:07:14.732 28091 28091 I native_eup: found native exception handler!
08-03 11:07:14.732 28091 28091 I native_eup: regist handler start procType 1 , level 28 , tombDir:/data/user/0/com.tencent.mobileqq/app_tombs
08-03 11:07:14.732 28091 28091 I native_eup: registSignal start
08-03 11:07:14.732 28091 28091 I native_eup: registSignal end
08-03 11:07:14.732 28091 28091 I native_eup: regist handler end
08-03 11:07:14.732 28091 28091 I native_eup: Java_com_tencent_feedback_eup_jni_NativeExceptionUpload_registNativeExceptionHandler end
08-03 11:07:14.732 28091 28091 I native_eup: NativeRQDVersion:testbuildnum
08-03 11:07:14.735 18815 27891 D wetestService: got buffer, info: size=1301, presentationTimeUs=27720000, offset=0
08-03 11:07:14.746 28066 28141 D NetworkSecurityConfig: No Network Security Config specified, using platform default
08-03 11:07:14.753 28066 28066 E 7z      : JNI UnCompress7zSo decode start
08-03 11:07:14.753 28066 28066 W t.mobileqq:too: Accessing hidden field Landroid/content/res/AssetManager;->mObject:J (light greylist, JNI)
08-03 11:07:14.753 28066 28066 E 7z      : get library name: libVideoCtrl.so 15
08-03 11:07:14.753 28066 28066 E 7z      : filter library name: libVideoCtrl.so 0
08-03 11:07:14.753 28066 28066 E 7z      : extracting lib(utf8): libVideoCtrl.so
08-03 11:07:14.753 28066 28066 E 7z      : filter library start step 1
08-03 11:07:14.757 28091 28150 E beacon  : Read file /sys/class/net/wlan0/address failed.
08-03 11:07:14.757 28091 28150 E beacon  : Read file /sys/devices/virtual/net/wlan0/address failed.
08-03 11:07:14.759 28091 28091 D AutoMonitor: MTA, cost=9 results: true
08-03 11:07:14.764 28091 28150 E beacon  : Read file /sys/class/net/eth0/address failed.
08-03 11:07:14.772 28091 28155 W System.err: java.io.FileNotFoundException: /system/build.prop (Permission denied)
08-03 11:07:14.772 28091 28155 W System.err: 	at java.io.FileInputStream.open0(Native Method)
08-03 11:07:14.772 28091 28155 W System.err: 	at java.io.FileInputStream.open(FileInputStream.java:231)
08-03 11:07:14.772 28091 28155 W System.err: 	at java.io.FileInputStream.<init>(FileInputStream.java:165)
08-03 11:07:14.772 28091 28155 W System.err: 	at java.io.FileInputStream.<init>(FileInputStream.java:112)
08-03 11:07:14.772 28091 28155 W System.err: 	at java.io.FileReader.<init>(FileReader.java:58)
08-03 11:07:14.772 28091 28155 W System.err: 	at com.tencent.bugly.crashreport.common.info.b.p(BUGLY:229)
08-03 11:07:14.772 28091 28155 W System.err: 	at com.tencent.bugly.crashreport.common.info.b.a(BUGLY:288)
08-03 11:07:14.772 28091 28155 W System.err: 	at com.tencent.bugly.crashreport.common.info.a.q(BUGLY:502)
08-03 11:07:14.772 28091 28155 W System.err: 	at com.tencent.feedback.eup.a.run(BUGLY:179)
08-03 11:07:14.772 28091 28155 W System.err: 	at java.util.concurrent.Executors$RunnableAdapter.call(Executors.java:458)
08-03 11:07:14.772 28091 28155 W System.err: 	at java.util.concurrent.FutureTask.run(FutureTask.java:266)
08-03 11:07:14.772 28091 28155 W System.err: 	at java.util.concurrent.ScheduledThreadPoolExecutor$ScheduledFutureTask.run(ScheduledThreadPoolExecutor.java:301)
08-03 11:07:14.772 28091 28155 W System.err: 	at java.util.concurrent.ThreadPoolExecutor.runWorker(ThreadPoolExecutor.java:1167)
08-03 11:07:14.772 28091 28155 W System.err: 	at java.util.concurrent.ThreadPoolExecutor$Worker.run(ThreadPoolExecutor.java:641)
08-03 11:07:14.772 28091 28155 W System.err: 	at java.lang.Thread.run(Thread.java:764)
08-03 11:07:14.779 18815 27891 D ---     : send:1301	flag:0
08-03 11:07:14.788 18815 27891 D wetestService: got buffer, info: size=1311, presentationTimeUs=27760000, offset=0
08-03 11:07:14.801 28123 28170 D MSF.D.QLog: QLog init
08-03 11:07:14.804 28123 28123 E DexLoadOat: Success
08-03 11:07:14.822 28123 28170 W nt.mobileqq:MS: Accessing hidden field Ljava/lang/AbstractStringBuilder;->value:[C (light greylist, reflection)
08-03 11:07:14.822 28123 28170 W System.err: java.lang.ClassNotFoundException: java.nio.CharArrayBuffer
08-03 11:07:14.822 28123 28170 W System.err: 	at java.lang.Class.classForName(Native Method)
08-03 11:07:14.822 28123 28170 W System.err: 	at java.lang.Class.forName(Class.java:453)
08-03 11:07:14.822 28123 28170 W System.err: 	at java.lang.Class.forName(Class.java:378)
08-03 11:07:14.822 28123 28170 W System.err: 	at com.tencent.qphone.base.util.h.a(QLogWriter.java:281)
08-03 11:07:14.823 28123 28170 W System.err: 	at com.tencent.qphone.base.util.h.write(QLogWriter.java:252)
08-03 11:07:14.823 28123 28170 W System.err: 	at java.io.BufferedWriter.flushBuffer(BufferedWriter.java:129)
08-03 11:07:14.823 28123 28170 W System.err: 	at java.io.BufferedWriter.flush(BufferedWriter.java:253)
08-03 11:07:14.823 28123 28170 W System.err: 	at com.tencent.qphone.base.util.QLog.writeLogToFile(QLog.java:958)
08-03 11:07:14.823 28123 28170 W System.err: 	at com.tencent.qphone.base.util.QLog.access$500(QLog.java:49)
08-03 11:07:14.823 28123 28170 W System.err: 	at com.tencent.qphone.base.util.QLog$c.handleMessage(QLog.java:124)
08-03 11:07:14.823 28123 28170 W System.err: 	at android.os.Handler.dispatchMessage(Handler.java:106)
08-03 11:07:14.823 28123 28170 W System.err: 	at android.os.Looper.loop(Looper.java:193)
08-03 11:07:14.823 28123 28170 W System.err: 	at android.os.HandlerThread.run(HandlerThread.java:65)
08-03 11:07:14.823 28123 28170 W System.err: Caused by: java.lang.ClassNotFoundException: Didn't find class "java.nio.CharArrayBuffer" on path: DexPathList[[zip file "/system/framework/org.apache.http.legacy.boot.jar", zip file "/system/framework/com.google.android.media.effects.jar", zip file "/data/app/com.tencent.mobileqq-lkH8q89gkd1qz_Ar7ywzig==/base.apk"],nativeLibraryDirectories=[/data/app/com.tencent.mobileqq-lkH8q89gkd1qz_Ar7ywzig==/lib/arm, /system/fake-libs, /data/app/com.tencent.mobileqq-lkH8q89gkd1qz_Ar7ywzig==/base.apk!/lib/armeabi, /system/lib]]
08-03 11:07:14.823 28123 28170 W System.err: 	at dalvik.system.BaseDexClassLoader.findClass(BaseDexClassLoader.java:126)
08-03 11:07:14.823 28123 28170 W System.err: 	at java.lang.ClassLoader.loadClass(ClassLoader.java:379)
08-03 11:07:14.823 28123 28170 W System.err: 	at java.lang.ClassLoader.loadClass(ClassLoader.java:312)
08-03 11:07:14.823 28123 28170 W System.err: 	... 13 more
08-03 11:07:14.833 28123 28123 D HotPatchTool: injectPatchDex enable=false, isStartup=true
08-03 11:07:14.833 18815 27891 D ---     : send:1311	flag:0
08-03 11:07:14.838 18815 27891 D wetestService: got buffer, info: size=1301, presentationTimeUs=27800000, offset=0
08-03 11:07:14.879 28123 28123 D MSF.D.MonitorSocket: monitor_config not found, disable monitor socket
08-03 11:07:14.884 18815 27891 D ---     : send:1301	flag:0
08-03 11:07:14.888 28091 28150 D NetworkSecurityConfig: No Network Security Config specified, using platform default
08-03 11:07:14.890 18815 27891 D wetestService: got buffer, info: size=1311, presentationTimeUs=27840000, offset=0
08-03 11:07:14.892 28123 28123 D MSF.S.MsfService: serivce onCreate
08-03 11:07:14.892 28123 28123 D MSF.S.MsfService: serviceInit inited=false boot=false
08-03 11:07:14.892 28123 28123 D MSF.C.MsfCore: MsfCore init begin.
08-03 11:07:14.904 28091 28168 E libsigchain: Warning: Unexpected sigaction action found 0xd500d611
08-03 11:07:14.924 28066 28066 E 7z      : filter library start step 2 path: /data/user/0/com.tencent.mobileqq/txlib/libVideoCtrl.so
08-03 11:07:14.924 28066 28066 E 7z      : filter library start step 3
08-03 11:07:14.926 28066 28066 E 7z      : filter library start step 4
08-03 11:07:14.927 28066 28066 E 7z      : filter library start step 5
08-03 11:07:14.927 28066 28066 E 7z      : JNI UnCompress7zSo decode end
08-03 11:07:14.927 28066 28066 E 7z      : free data: libVideoCtrl.so
08-03 11:07:14.935 18815 27891 D ---     : send:1311	flag:0
08-03 11:07:14.940 28066 28066 E 7z      : JNI UnCompress7zSo decode start
08-03 11:07:14.940 28066 28066 E 7z      : get library name: libtraeimp-armeabi-v7a.so 25
08-03 11:07:14.940 28066 28066 E 7z      : filter library name: libtraeimp-armeabi-v7a.so 0
08-03 11:07:14.940 28066 28066 E 7z      : extracting lib(utf8): libtraeimp-armeabi-v7a.so
08-03 11:07:14.940 28066 28066 E 7z      : filter library start step 1
08-03 11:07:14.941 18815 27891 D wetestService: got buffer, info: size=1301, presentationTimeUs=27880000, offset=0
08-03 11:07:14.960 18326 18347 D wetestinput: handleInputCommand, str = heart_beat 0
08-03 11:07:14.960 18326 18347 D wetestinput: heart beat from client.
08-03 11:07:14.971 28123 28123 D MSF.C.Util: save imei:358035085457012,with order:3
08-03 11:07:14.974 28123 28123 I MSF.C.MsfCore: check copysolib platform=armeabi installAppVersionCode=692 isNewVersion=true
08-03 11:07:14.974 28123 28123 D MSF.C.CoreUtil: MsfCore init ->realCopySoLib begin.
08-03 11:07:14.976 28123 28123 I MSF.C.CoreUtil: realCopySoLib list assetsFileNames: libDecodeSo.so libcodecwrapperV2.so libmqpintchk.so libmsfbootV2.so 
08-03 11:07:14.976 28123 28123 I MSF.C.CoreUtil: realCopySoLib update versionCode and jniFile
08-03 11:07:14.977 28123 28123 D MSF.C.CoreUtil: MsfCore init ->realCopySoLib end. copyFailCount:0 copySuccCount=0
08-03 11:07:14.984 28123 28123 E libsigchain: Warning: Unexpected sigaction action found 0xf566d5e1
08-03 11:07:14.986 18815 27891 D ---     : send:1301	flag:0
08-03 11:07:14.988 28123 28123 E MSF.C.NativeConfigStore: loadso arm msfbootV2 resultCode=3280386
08-03 11:07:14.988 28123 28123 E MSF.C.NativeConfigStore: loadso msfbootV2 true resultCode=3280386
08-03 11:07:14.990 28091 28181 D MSF.D.Proxy: start MsfService through Broadcast, 1
08-03 11:07:14.994 18815 27891 D wetestService: got buffer, info: size=1311, presentationTimeUs=27920000, offset=0
08-03 11:07:14.995 28091 28181 D MSF.D.Proxy: threadID:44690, threadName: GlobalPool-H-1 bind service finished true
08-03 11:07:14.996 28091 28181 D MSF.D.Proxy: delay binding MSF Service
08-03 11:07:15.032 28123 28189 W nt.mobileqq:MS: Accessing hidden method Landroid/app/ActivityThread;->currentActivityThread()Landroid/app/ActivityThread; (light greylist, reflection)
08-03 11:07:15.033 28123 28189 W nt.mobileqq:MS: Accessing hidden field Landroid/app/ActivityThread;->mNumVisibleActivities:I (light greylist, reflection)
08-03 11:07:15.039 18815 27891 D ---     : send:1311	flag:0
08-03 11:07:15.045 18815 27891 D wetestService: got buffer, info: size=1301, presentationTimeUs=27960000, offset=0
08-03 11:07:15.060 28123 28185 W beacon  : get app channel fail!
08-03 11:07:15.090 18815 27891 D ---     : send:1301	flag:0
08-03 11:07:15.091 28066 28164 D MSF.D.Proxy: start service finish
08-03 11:07:15.098 18815 27891 D wetestService: got buffer, info: size=1311, presentationTimeUs=28000000, offset=0
08-03 11:07:15.102 28123 28185 I native_eup: Java_com_tencent_feedback_eup_jni_NativeExceptionUpload_registNativeExceptionHandler2 start
08-03 11:07:15.102 28123 28185 I native_eup: JARJNIVERSION:1
08-03 11:07:15.102 28123 28185 I native_eup: found native exception upload!
08-03 11:07:15.102 28123 28185 I native_eup: found native exception handler!
08-03 11:07:15.102 28123 28185 I native_eup: regist handler start procType 1 , level 5 , tombDir:/data/user/0/com.tencent.mobileqq/app_tombs
08-03 11:07:15.102 28123 28185 I native_eup: registSignal start
08-03 11:07:15.102 28123 28185 I native_eup: registSignal end
08-03 11:07:15.102 28123 28185 I native_eup: regist handler end
08-03 11:07:15.102 28123 28185 I native_eup: Java_com_tencent_feedback_eup_jni_NativeExceptionUpload_registNativeExceptionHandler end
08-03 11:07:15.102 28123 28185 I native_eup: NativeRQDVersion:testbuildnum
08-03 11:07:15.103 28123 28185 I native_eup: Java_com_tencent_feedback_eup_jni_NativeExceptionUpload_registNativeExceptionHandler2 start
08-03 11:07:15.103 28123 28185 I native_eup: JARJNIVERSION:0
08-03 11:07:15.103 28123 28185 I native_eup: found native exception upload!
08-03 11:07:15.103 28123 28185 I native_eup: found native exception handler!
