08-03 11:07:22.538 28339 28377 I MediaCodecVideoDecoder: [000:109] [28377] MediaCodecVideoDecoder: VP9 HW Decoder supported.
08-03 11:07:22.538 28339 28377 I MediaCodecVideoDecoder: [000:109] [28377] MediaCodecVideoDecoder: Trying to find HW decoder for mime video/avc
08-03 11:07:22.538 28339 28377 I MediaCodecVideoDecoder: [000:110] [28377] MediaCodecVideoDecoder: Found candidate decoder OMX.qcom.video.decoder.avc
08-03 11:07:22.538 28339 28377 I MediaCodecVideoDecoder: [000:110] [28377] MediaCodecVideoDecoder: Found target decoder OMX.qcom.video.decoder.avc. Color: 0x13
08-03 11:07:22.538 28339 28377 I MediaCodecVideoDecoder: [000:110] [28377] MediaCodecVideoDecoder: H264 HW Decoder supported.
08-03 11:07:22.538 28339 28377 I libjingle: [000:110] [28377] (webrtcvoiceengine.cc:210): WebRtcVoiceEngine::WebRtcVoiceEngine
08-03 11:07:22.538 28339 28377 I libjingle: [000:110] [28377] (webrtcvideoengine.cc:546): WebRtcVideoEngine::WebRtcVideoEngine()
08-03 11:07:22.539 28339 28381 I libjingle: [000:110] [28381] (webrtcvoiceengine.cc:233): WebRtcVoiceEngine::Init
08-03 11:07:22.540 28339 28381 I libjingle: [000:112] [28381] (webrtcvoiceengine.cc:240): Supported send codecs in order of preference:
08-03 11:07:22.541 28339 28381 I libjingle: [000:112] [28381] (webrtcvoiceengine.cc:243): opus/48000/2 { minptime=10 useinbandfec=1 } (111)
08-03 11:07:22.541 28339 28381 I libjingle: [000:112] [28381] (webrtcvoiceengine.cc:243): ISAC/16000/1 (103)
08-03 11:07:22.541 28339 28381 I libjingle: [000:112] [28381] (webrtcvoiceengine.cc:243): ISAC/32000/1 (104)
08-03 11:07:22.541 28339 28381 I libjingle: [000:112] [28381] (webrtcvoiceengine.cc:243): G722/8000/1 (9)
08-03 11:07:22.541 28339 28381 I libjingle: [000:112] [28381] (webrtcvoiceengine.cc:243): PCMU/8000/1 (0)
08-03 11:07:22.541 28339 28381 I libjingle: [000:113] [28381] (webrtcvoiceengine.cc:243): PCMA/8000/1 (8)
08-03 11:07:22.541 28339 28381 I libjingle: [000:113] [28381] (webrtcvoiceengine.cc:243): CN/32000/1 (106)
08-03 11:07:22.541 28339 28381 I libjingle: [000:113] [28381] (webrtcvoiceengine.cc:243): CN/16000/1 (105)
08-03 11:07:22.541 28339 28381 I libjingle: [000:113] [28381] (webrtcvoiceengine.cc:243): CN/8000/1 (13)
08-03 11:07:22.541 28339 28381 I libjingle: [000:113] [28381] (webrtcvoiceengine.cc:243): telephone-event/48000/1 (110)
08-03 11:07:22.541 28339 28381 I libjingle: [000:113] [28381] (webrtcvoiceengine.cc:243): telephone-event/32000/1 (112)
08-03 11:07:22.541 28339 28381 I libjingle: [000:113] [28381] (webrtcvoiceengine.cc:243): telephone-event/16000/1 (113)
08-03 11:07:22.541 28339 28381 I libjingle: [000:113] [28381] (webrtcvoiceengine.cc:243): telephone-event/8000/1 (126)
08-03 11:07:22.541 28339 28381 I libjingle: [000:113] [28381] (webrtcvoiceengine.cc:246): Supported recv codecs in order of preference:
08-03 11:07:22.541 28339 28381 I libjingle: [000:113] [28381] (webrtcvoiceengine.cc:249): opus/48000/2 { minptime=10 useinbandfec=1 } (111)
08-03 11:07:22.541 28339 28381 I libjingle: [000:113] [28381] (webrtcvoiceengine.cc:249): ISAC/16000/1 (103)
08-03 11:07:22.541 28339 28381 I libjingle: [000:113] [28381] (webrtcvoiceengine.cc:249): ISAC/32000/1 (104)
08-03 11:07:22.541 28339 28381 I libjingle: [000:113] [28381] (webrtcvoiceengine.cc:249): G722/8000/1 (9)
08-03 11:07:22.541 28339 28381 I libjingle: [000:113] [28381] (webrtcvoiceengine.cc:249): PCMU/8000/1 (0)
08-03 11:07:22.541 28339 28381 I libjingle: [000:113] [28381] (webrtcvoiceengine.cc:249): PCMA/8000/1 (8)
08-03 11:07:22.541 28339 28381 I libjingle: [000:113] [28381] (webrtcvoiceengine.cc:249): CN/32000/1 (106)
08-03 11:07:22.541 28339 28381 I libjingle: [000:113] [28381] (webrtcvoiceengine.cc:249): CN/16000/1 (105)
08-03 11:07:22.541 28339 28381 I libjingle: [000:113] [28381] (webrtcvoiceengine.cc:249): CN/8000/1 (13)
08-03 11:07:22.541 28339 28381 I libjingle: [000:113] [28381] (webrtcvoiceengine.cc:249): telephone-event/48000/1 (110)
08-03 11:07:22.541 28339 28381 I libjingle: [000:113] [28381] (webrtcvoiceengine.cc:249): telephone-event/32000/1 (112)
08-03 11:07:22.541 28339 28381 I libjingle: [000:113] [28381] (webrtcvoiceengine.cc:249): telephone-event/16000/1 (113)
08-03 11:07:22.541 28339 28381 I libjingle: [000:113] [28381] (webrtcvoiceengine.cc:249): telephone-event/8000/1 (126)
08-03 11:07:22.541 28339 28381 I libjingle: [000:113] [28381] (audio_device_impl.cc:74): Create
08-03 11:07:22.542 28339 28381 I libjingle: [000:113] [28381] (audio_device_buffer.cc:63): AudioDeviceBuffer::ctor
08-03 11:07:22.542 28339 28381 I libjingle: [000:113] [28381] (audio_device_impl.cc:108): AudioDeviceModuleImpl
08-03 11:07:22.542 28339 28381 I libjingle: [000:113] [28381] (audio_device_impl.cc:112): CheckPlatform
08-03 11:07:22.542 28339 28381 I libjingle: [000:113] [28381] (audio_device_impl.cc:120): current platform is Android
08-03 11:07:22.542 28339 28381 I libjingle: [000:113] [28381] (audio_device_impl.cc:142): CreatePlatformSpecificObjects
08-03 11:07:22.542 28339 28381 I libjingle: [000:113] [28381] (audio_device_impl.cc:906): PlatformAudioLayer
08-03 11:07:22.542 28339 28381 I libjingle: [000:113] [28381] (jvm_android.cc:73): AttachCurrentThreadIfNeeded::ctor
08-03 11:07:22.542 28339 28381 I libjingle: [000:113] [28381] (jvm_android.cc:78): Attaching thread to JVM
08-03 11:07:22.542 28339 28381 I libjingle: [000:114] [28381] (jvm_android.cc:262): JVM::environment
08-03 11:07:22.542 28339 28381 I libjingle: [000:114] [28381] (jvm_android.cc:186): JNIEnvironment::ctor
08-03 11:07:22.542 28339 28381 I libjingle: [000:114] [28381] (audio_manager.cc:71): ctor
08-03 11:07:22.542 28339 28381 I libjingle: [000:114] [28381] (jvm_android.cc:196): JNIEnvironment::RegisterNatives: org/webrtc/voiceengine/WebRtcAudioManager
08-03 11:07:22.542 28339 28381 I libjingle: [000:114] [28381] (jvm_android.cc:135): NativeRegistration::ctor
08-03 11:07:22.542 28339 28381 I libjingle: [000:114] [28381] (jvm_android.cc:146): NativeRegistration::NewObject
08-03 11:07:22.543 28339 28381 I WebRtcAudioManager: [000:114] [28381] WebRtcAudioManager: ctor@[name=Thread-3, id=44656]
08-03 11:07:22.547 28339 28381 I WebRtcAudioManager: [000:119] [28381] WebRtcAudioManager: Sample rate is set to 48000 Hz
08-03 11:07:22.560 18815 27891 D ---     : send:1311	flag:0
08-03 11:07:22.564 28339 28381 I WebRtcAudioEffects: [000:136] [28381] WebRtcAudioEffects: canUseAcousticEchoCanceler: true
08-03 11:07:22.564 18815 27891 D wetestService: got buffer, info: size=1301, presentationTimeUs=33480000, offset=0
08-03 11:07:22.564 28339 28381 I WebRtcAudioEffects: [000:136] [28381] WebRtcAudioEffects: canUseNoiseSuppressor: true
08-03 11:07:22.565 28339 28381 W WebRtcAudioManager: [000:137] [28381] WebRtcAudioManager: AAudio support is currently disabled on all devices!
08-03 11:07:22.566 28339 28381 I libjingle: [000:138] [28381] (audio_manager.cc:276): OnCacheAudioParameters: hardware_aec: 1, hardware_agc: 0, hardware_ns: 1, low_latency_output: 1, low_latency_input: 1, pro_audio: 1, a_audio: 0, sample_rate: 48000, output_channels: 1, input_channels: 1, output_buffer_size: 96, input_buffer_size: 96
08-03 11:07:22.566 28339 28381 I WebRtcAudioManager: [000:138] [28381] WebRtcAudioManager: Android SDK: 28, Release: 9, Brand: google, Device: taimen, Id: PPP3.180510.008, Hardware: taimen, Manufacturer: Google, Model: Pixel 2 XL, Product: taimen
08-03 11:07:22.570   772  4342 W DeviceHAL: Error from HAL Device in function get_mic_mute: Function not implemented
08-03 11:07:22.570   772  4342 W DeviceHAL: Error from HAL Device in function get_mic_mute: Function not implemented
08-03 11:07:22.572 28339 28381 I WebRtcAudioManager: [000:143] [28381] WebRtcAudioManager: Audio State: audio mode: MODE_NORMAL, has mic: true, mic muted: false, music active: false, speakerphone: true, BT SCO: false
08-03 11:07:22.572 28339 28381 I WebRtcAudioManager: [000:144] [28381] WebRtcAudioManager: Audio State: 
08-03 11:07:22.572 28339 28381 I WebRtcAudioManager: [000:144] [28381] WebRtcAudioManager:   fixed volume=false
08-03 11:07:22.573 28339 28381 I WebRtcAudioManager: [000:145] [28381] WebRtcAudioManager:   STREAM_VOICE_CALL: volume=7, max=7, muted=false
08-03 11:07:22.574 28339 28381 I WebRtcAudioManager: [000:146] [28381] WebRtcAudioManager:   STREAM_MUSIC: volume=0, max=25, muted=true
08-03 11:07:22.576 28339 28381 I WebRtcAudioManager: [000:148] [28381] WebRtcAudioManager:   STREAM_RING: volume=5, max=7, muted=false
08-03 11:07:22.577 28339 28381 I WebRtcAudioManager: [000:149] [28381] WebRtcAudioManager:   STREAM_ALARM: volume=6, max=7, muted=false
08-03 11:07:22.578 28339 28381 I WebRtcAudioManager: [000:150] [28381] WebRtcAudioManager:   STREAM_NOTIFICATION: volume=5, max=7, muted=false
08-03 11:07:22.579 28339 28381 I WebRtcAudioManager: [000:150] [28381] WebRtcAudioManager:   STREAM_SYSTEM: volume=5, max=7, muted=false
08-03 11:07:22.584 28339 28381 I WebRtcAudioManager: [000:155] [28381] WebRtcAudioManager: Audio Devices: 
08-03 11:07:22.584 28339 28381 I WebRtcAudioManager: [000:156] [28381] WebRtcAudioManager:   TYPE_BUILTIN_EARPIECE(out): id=2
08-03 11:07:22.584 28339 28381 I WebRtcAudioManager: [000:156] [28381] WebRtcAudioManager:   TYPE_BUILTIN_SPEAKER(out): id=3
08-03 11:07:22.584 28339 28381 I WebRtcAudioManager: [000:156] [28381] WebRtcAudioManager:   TYPE_TELEPHONY(out): id=11
08-03 11:07:22.584 28339 28381 I WebRtcAudioManager: [000:156] [28381] WebRtcAudioManager:   TYPE_BUILTIN_MIC(in): channels=[1, 2, 3], encodings=[4], sample rates=[8000, 11025, 12000, 16000, 22050, 24000, 32000, 44100, 48000], id=18
08-03 11:07:22.584 28339 28381 I WebRtcAudioManager: [000:156] [28381] WebRtcAudioManager:   TYPE_BUILTIN_MIC(in): channels=[1, 2, 3], encodings=[4], sample rates=[8000, 11025, 12000, 16000, 22050, 24000, 32000, 44100, 48000], id=19
08-03 11:07:22.585 28339 28381 I WebRtcAudioManager: [000:156] [28381] WebRtcAudioManager:   TYPE_TELEPHONY(in): channels=[1, 2], encodings=[2], sample rates=[8000, 16000, 48000], id=22
08-03 11:07:22.585 28339 28381 I libjingle: [000:156] [28381] (jvm_android.cc:98): GlobalRef::ctor
08-03 11:07:22.585 28339 28381 I libjingle: [000:156] [28381] (audio_manager.cc:36): JavaAudioManager::ctor
08-03 11:07:22.585 28339 28381 I WebRtcAudioManager: [000:156] [28381] WebRtcAudioManager: Pixel 2 XL is blacklisted for OpenSL ES usage!
08-03 11:07:22.585 28339 28381 I WebRtcAudioManager: [000:156] [28381] WebRtcAudioManager: Pixel 2 XL is blacklisted for OpenSL ES usage!
08-03 11:07:22.585 28339 28381 I libjingle: [000:157] [28381] (jvm_android.cc:73): AttachCurrentThreadIfNeeded::ctor
08-03 11:07:22.585 28339 28381 I libjingle: [000:157] [28381] (jvm_android.cc:262): JVM::environment
08-03 11:07:22.585 28339 28381 I libjingle: [000:157] [28381] (jvm_android.cc:186): JNIEnvironment::ctor
08-03 11:07:22.585 28339 28381 I libjingle: [000:157] [28381] (audio_track_jni.cc:73): ctor
08-03 11:07:22.585 28339 28381 I libjingle: [000:157] [28381] (jvm_android.cc:196): JNIEnvironment::RegisterNatives: org/webrtc/voiceengine/WebRtcAudioTrack
08-03 11:07:22.585 28339 28381 I libjingle: [000:157] [28381] (jvm_android.cc:135): NativeRegistration::ctor
08-03 11:07:22.585 28339 28381 I libjingle: [000:157] [28381] (jvm_android.cc:146): NativeRegistration::NewObject
08-03 11:07:22.585 28339 28381 I WebRtcAudioTrack: [000:157] [28381] WebRtcAudioTrack: ctor@[name=Thread-3, id=44656]
08-03 11:07:22.585 28339 28381 I libjingle: [000:157] [28381] (jvm_android.cc:98): GlobalRef::ctor
08-03 11:07:22.585 28339 28381 I libjingle: [000:157] [28381] (jvm_android.cc:73): AttachCurrentThreadIfNeeded::ctor
08-03 11:07:22.585 28339 28381 I libjingle: [000:157] [28381] (jvm_android.cc:262): JVM::environment
08-03 11:07:22.585 28339 28381 I libjingle: [000:157] [28381] (jvm_android.cc:186): JNIEnvironment::ctor
08-03 11:07:22.585 28339 28381 I libjingle: [000:157] [28381] (audio_record_jni.cc:96): ctor
08-03 11:07:22.585 28339 28381 I libjingle: [000:157] [28381] (jvm_android.cc:196): JNIEnvironment::RegisterNatives: org/webrtc/voiceengine/WebRtcAudioRecord
08-03 11:07:22.586 28339 28381 I libjingle: [000:157] [28381] (jvm_android.cc:135): NativeRegistration::ctor
08-03 11:07:22.586 28339 28381 I libjingle: [000:157] [28381] (jvm_android.cc:146): NativeRegistration::NewObject
08-03 11:07:22.586 28339 28381 I WebRtcAudioRecord: [000:157] [28381] WebRtcAudioRecord: ctor@[name=Thread-3, id=44656]
08-03 11:07:22.586 28339 28381 I WebRtcAudioEffects: [000:157] [28381] WebRtcAudioEffects: ctor@[name=Thread-3, id=44656]
08-03 11:07:22.586 28339 28381 I libjingle: [000:157] [28381] (jvm_android.cc:98): GlobalRef::ctor
08-03 11:07:22.586 28339 28381 I libjingle: [000:157] [28381] (audio_device_template.h:42): AudioDeviceTemplate
08-03 11:07:22.586 28339 28381 I libjingle: [000:157] [28381] (audio_manager.cc:93): SetActiveAudioLayer: 5
08-03 11:07:22.586 28339 28381 I libjingle: [000:157] [28381] (audio_manager.cc:106): delay_estimate_in_milliseconds: 150
08-03 11:07:22.586 28339 28381 I libjingle: [000:158] [28381] (audio_device_impl.cc:282): AttachAudioBuffer
08-03 11:07:22.586 28339 28381 I libjingle: [000:158] [28381] (audio_device_template.h:371): AttachAudioBuffer
08-03 11:07:22.586 28339 28381 I libjingle: [000:158] [28381] (audio_track_jni.cc:196): AttachAudioBuffer
08-03 11:07:22.586 28339 28381 I libjingle: [000:158] [28381] (audio_track_jni.cc:200): SetPlayoutSampleRate(48000)
08-03 11:07:22.586 28339 28381 I libjingle: [000:158] [28381] (audio_device_buffer.cc:192): SetPlayoutSampleRate(48000)
08-03 11:07:22.586 28339 28381 I libjingle: [000:158] [28381] (audio_track_jni.cc:203): SetPlayoutChannels(1)
08-03 11:07:22.586 28339 28381 I libjingle: [000:158] [28381] (audio_device_buffer.cc:216): SetPlayoutChannels(1)
08-03 11:07:22.586 28339 28381 I libjingle: [000:158] [28381] (audio_record_jni.cc:198): AttachAudioBuffer
08-03 11:07:22.586 28339 28381 I libjingle: [000:158] [28381] (audio_record_jni.cc:202): SetRecordingSampleRate(48000)
08-03 11:07:22.586 28339 28381 I libjingle: [000:158] [28381] (audio_device_buffer.cc:185): SetRecordingSampleRate(48000)
08-03 11:07:22.586 28339 28381 I libjingle: [000:158] [28381] (audio_record_jni.cc:205): SetRecordingChannels(1)
08-03 11:07:22.586 28339 28381 I libjingle: [000:158] [28381] (audio_device_buffer.cc:209): SetRecordingChannels(1)
08-03 11:07:22.586 28339 28381 I libjingle: [000:158] [28381] (audio_record_jni.cc:210): total_delay_in_milliseconds: 150
08-03 11:07:22.586 28339 28381 I libjingle: [000:158] [28381] (audio_device_impl.cc:302): Init
08-03 11:07:22.586 28339 28381 I libjingle: [000:158] [28381] (audio_device_template.h:57): Init
08-03 11:07:22.586 28339 28381 I libjingle: [000:158] [28381] (audio_manager.cc:152): Init
08-03 11:07:22.586 28339 28381 I WebRtcAudioManager: [000:158] [28381] WebRtcAudioManager: init@[name=Thread-3, id=44656]
08-03 11:07:22.587 28339 28381 I WebRtcAudioManager: [000:159] [28381] WebRtcAudioManager: audio mode is: MODE_NORMAL
08-03 11:07:22.588 28339 28381 I libjingle: [000:160] [28381] (audio_track_jni.cc:101): Init
08-03 11:07:22.588 28339 28381 I libjingle: [000:160] [28381] (audio_record_jni.cc:124): Init
08-03 11:07:22.588 28339 28381 I libjingle: [000:160] [28381] (audio_device_impl.cc:643): SetPlayoutDevice(0)
08-03 11:07:22.588 28339 28381 I libjingle: [000:160] [28381] (audio_device_template.h:120): SetPlayoutDevice
08-03 11:07:22.588 28339 28381 I libjingle: [000:160] [28381] (audio_device_impl.cc:335): InitSpeaker
08-03 11:07:22.588 28339 28381 I libjingle: [000:160] [28381] (audio_device_template.h:219): InitSpeaker
08-03 11:07:22.588 28339 28381 I libjingle: [000:160] [28381] (audio_device_impl.cc:547): StereoPlayoutIsAvailable
08-03 11:07:22.588 28339 28381 I libjingle: [000:160] [28381] (audio_device_template.h:321): StereoPlayoutIsAvailable
08-03 11:07:22.588 28339 28381 I libjingle: [000:160] [28381] (audio_device_impl.cc:554): output: 0
08-03 11:07:22.588 28339 28381 I libjingle: [000:160] [28381] (audio_device_impl.cc:559): SetStereoPlayout(0)
08-03 11:07:22.588 28339 28381 I libjingle: [000:160] [28381] (audio_device_template.h:155): PlayoutIsInitialized
08-03 11:07:22.588 28339 28381 I libjingle: [000:160] [28381] (audio_device_template.h:327): SetStereoPlayout
08-03 11:07:22.588 28339 28381 I libjingle: [000:160] [28381] (audio_device_buffer.cc:216): SetPlayoutChannels(1)
08-03 11:07:22.588 28339 28381 I libjingle: [000:160] [28381] (audio_device_impl.cc:705): SetRecordingDevice(0)
08-03 11:07:22.588 28339 28381 I libjingle: [000:160] [28381] (audio_device_template.h:133): SetRecordingDevice
08-03 11:07:22.588 28339 28381 I libjingle: [000:160] [28381] (audio_device_impl.cc:341): InitMicrophone
08-03 11:07:22.588 28339 28381 I libjingle: [000:160] [28381] (audio_device_template.h:229): InitMicrophone
08-03 11:07:22.588 28339 28381 I libjingle: [000:160] [28381] (audio_device_impl.cc:504): StereoRecordingIsAvailable
08-03 11:07:22.588 28339 28381 I libjingle: [000:160] [28381] (audio_device_template.h:342): StereoRecordingIsAvailable
08-03 11:07:22.588 28339 28381 I libjingle: [000:160] [28381] (audio_device_impl.cc:511): output: 0
08-03 11:07:22.588 28339 28381 I libjingle: [000:160] [28381] (audio_device_impl.cc:516): SetStereoRecording(0)
08-03 11:07:22.588 28339 28381 I libjingle: [000:160] [28381] (audio_device_template.h:171): RecordingIsInitialized
08-03 11:07:22.589 28339 28381 I libjingle: [000:160] [28381] (audio_device_template.h:348): SetStereoRecording
08-03 11:07:22.589 28339 28381 I libjingle: [000:160] [28381] (audio_device_buffer.cc:209): SetRecordingChannels(1)
08-03 11:07:22.589 28339 28381 I libjingle: [000:160] [28381] (audio_processing_impl.cc:441): Capture post processor activated: 0
08-03 11:07:22.589 28339 28381 I libjingle: Render pre processor activated: 0
08-03 11:07:22.589 28339 28381 I libjingle: [000:161] [28381] (audio_processing_impl.cc:704): Highpass filter activated: 0
08-03 11:07:22.589 28339 28381 I libjingle: [000:161] [28381] (audio_processing_impl.cc:717): Gain Controller 2 activated: 0
08-03 11:07:22.589 28339 28381 I libjingle: [000:161] [28381] (audio_device_impl.cc:818): RegisterAudioCallback
08-03 11:07:22.589 28339 28381 I libjingle: [000:161] [28381] (audio_device_buffer.cc:83): RegisterAudioCallback
08-03 11:07:22.589 28339 28381 I libjingle: [000:161] [28381] (webrtcvoiceengine.cc:323): WebRtcVoiceEngine::ApplyOptions: AudioOptions {aec: true, agc: true, ns: true, hf: true, swap: false, audio_jitter_buffer_max_packets: 50, audio_jitter_buffer_fast_accelerate: false, typing: true, experimental_agc: false, extended_filter_aec: false, delay_agnostic_aec: false, experimental_ns: false, intelligibility_enhancer: false, residual_echo_detector: true, }
08-03 11:07:22.589 28339 28381 I libjingle: [000:161] [28381] (webrtcvoiceengine.cc:401): Disable AGC according to field trial.
08-03 11:07:22.589 28339 28381 I libjingle: [000:161] [28381] (audio_device_impl.cc:834): BuiltInAECIsAvailable
08-03 11:07:22.589 28339 28381 I libjingle: [000:161] [28381] (audio_device_template.h:389): BuiltInAECIsAvailable
08-03 11:07:22.589 28339 28381 I libjingle: [000:161] [28381] (audio_device_impl.cc:837): output: 1
08-03 11:07:22.589 28339 28381 I libjingle: [000:161] [28381] (audio_device_impl.cc:842): EnableBuiltInAEC(1)
08-03 11:07:22.590 28339 28381 I libjingle: [000:161] [28381] (audio_device_template.h:395): EnableBuiltInAEC(1)
08-03 11:07:22.590 28339 28381 I libjingle: [000:161] [28381] (audio_device_template.h:389): BuiltInAECIsAvailable
08-03 11:07:22.590 28339 28381 I libjingle: [000:161] [28381] (audio_record_jni.cc:215): EnableBuiltInAEC(1)
08-03 11:07:22.590 28339 28381 I WebRtcAudioRecord: [000:161] [28381] WebRtcAudioRecord: enableBuiltInAEC(true)
08-03 11:07:22.590 28339 28381 I WebRtcAudioEffects: [000:161] [28381] WebRtcAudioEffects: setAEC(true)
08-03 11:07:22.590 28339 28381 I WebRtcAudioEffects: [000:162] [28381] WebRtcAudioEffects: canUseAcousticEchoCanceler: true
08-03 11:07:22.590 28339 28381 I libjingle: [000:162] [28381] (audio_device_impl.cc:845): output: 0
08-03 11:07:22.590 28339 28381 I libjingle: [000:162] [28381] (webrtcvoiceengine.cc:434): Disabling EC since built-in EC will be used instead
08-03 11:07:22.590 28339 28381 I libjingle: [000:162] [28381] (apm_helpers.cc:118): Echo control set to 0 with mode 1
08-03 11:07:22.590 28339 28381 I libjingle: [000:162] [28381] (apm_helpers.cc:139): CNG set to 0
08-03 11:07:22.590 28339 28381 I libjingle: [000:162] [28381] (audio_device_impl.cc:850): BuiltInAGCIsAvailable
08-03 11:07:22.590 28339 28381 I libjingle: [000:162] [28381] (audio_device_template.h:405): BuiltInAGCIsAvailable
08-03 11:07:22.590 28339 28381 I libjingle: [000:162] [28381] (audio_device_impl.cc:853): output: 0
08-03 11:07:22.590 28339 28381 I libjingle: [000:162] [28381] (apm_helpers.cc:82): AGC set to 0 with mode 2
08-03 11:07:22.590 28339 28381 I libjingle: [000:162] [28381] (audio_device_impl.cc:866): BuiltInNSIsAvailable
08-03 11:07:22.590 28339 28381 I libjingle: [000:162] [28381] (audio_device_template.h:421): BuiltInNSIsAvailable
08-03 11:07:22.590 28339 28381 I libjingle: [000:162] [28381] (audio_device_impl.cc:869): output: 1
08-03 11:07:22.590 28339 28381 I libjingle: [000:162] [28381] (audio_device_impl.cc:874): EnableBuiltInNS(1)
08-03 11:07:22.590 28339 28381 I libjingle: [000:162] [28381] (audio_device_template.h:427): EnableBuiltInNS(1)
08-03 11:07:22.590 28339 28381 I libjingle: [000:162] [28381] (audio_device_template.h:421): BuiltInNSIsAvailable
08-03 11:07:22.590 28339 28381 I libjingle: [000:162] [28381] (audio_record_jni.cc:227): EnableBuiltInNS(1)
08-03 11:07:22.590 28339 28381 I WebRtcAudioRecord: [000:162] [28381] WebRtcAudioRecord: enableBuiltInNS(true)
08-03 11:07:22.591 28339 28381 I WebRtcAudioEffects: [000:162] [28381] WebRtcAudioEffects: setNS(true)
08-03 11:07:22.591 28339 28381 I WebRtcAudioEffects: [000:162] [28381] WebRtcAudioEffects: canUseNoiseSuppressor: true
08-03 11:07:22.591 28339 28381 I libjingle: [000:162] [28381] (audio_device_impl.cc:877): output: 0
08-03 11:07:22.591 28339 28381 I libjingle: [000:162] [28381] (webrtcvoiceengine.cc:498): Disabling NS since built-in NS will be used instead
08-03 11:07:22.591 28339 28381 I libjingle: [000:162] [28381] (apm_helpers.cc:153): NS set to 0
08-03 11:07:22.591 28339 28381 I libjingle: [000:162] [28381] (webrtcvoiceengine.cc:506): Stereo swapping enabled? 0
08-03 11:07:22.591 28339 28381 I libjingle: [000:162] [28381] (webrtcvoiceengine.cc:511): NetEq capacity is 50
08-03 11:07:22.591 28339 28381 I libjingle: [000:162] [28381] (webrtcvoiceengine.cc:517): NetEq fast mode? 0
08-03 11:07:22.591 28339 28381 I libjingle: [000:162] [28381] (webrtcvoiceengine.cc:524): Typing detection is enabled? 0
08-03 11:07:22.591 28339 28381 I libjingle: [000:162] [28381] (apm_helpers.cc:167): VAD set to 0 for typing detection.
08-03 11:07:22.591 28339 28381 I libjingle: [000:162] [28381] (webrtcvoiceengine.cc:535): Delay agnostic aec is enabled? 0
08-03 11:07:22.591 28339 28381 I libjingle: [000:163] [28381] (webrtcvoiceengine.cc:545): Extended filter aec is enabled? 0
08-03 11:07:22.591 28339 28381 I libjingle: [000:163] [28381] (webrtcvoiceengine.cc:555): Experimental ns is enabled? 0
08-03 11:07:22.591 28339 28381 I libjingle: [000:163] [28381] (webrtcvoiceengine.cc:561): Intelligibility Enhancer is enabled? 0
08-03 11:07:22.591 28339 28381 I libjingle: [000:163] [28381] (audio_processing_impl.cc:704): Highpass filter activated: 1
08-03 11:07:22.591 28339 28381 I libjingle: [000:163] [28381] (audio_processing_impl.cc:717): Gain Controller 2 activated: 0
08-03 11:07:22.591 28339 28382 I libjingle: [000:163] [28382] (messagequeue.cc:535): Message took 53ms to dispatch. Posted from: CreateModularPeerConnectionFactory@third_party/webrtc/files/stable/webrtc/pc/peerconnectionfactory.cc:80
08-03 11:07:22.591 28339 28377 I libjingle: [000:163] [28377] (ownedfactoryandthreads.cc:31): InvokeJavaCallbacksOnFactoryThreads.
08-03 11:07:22.591 28339 28380 I libjingle: [000:163] [28380] (peerconnectionfactory.cc:91): Network thread JavaCallback
08-03 11:07:22.592 28339 28380 I PeerConnectionFactory: [000:163] [28380] PeerConnectionFactory: onNetworkThreadReady
08-03 11:07:22.592 28339 28381 I libjingle: [000:164] [28381] (peerconnectionfactory.cc:97): Worker thread JavaCallback
08-03 11:07:22.592 28339 28381 I PeerConnectionFactory: [000:164] [28381] PeerConnectionFactory: onWorkerThreadReady
08-03 11:07:22.592 28339 28382 I libjingle: [000:164] [28382] (peerconnectionfactory.cc:103): Signaling thread JavaCallback
08-03 11:07:22.593 28339 28382 I PeerConnectionFactory: [000:164] [28382] PeerConnectionFactory: onSignalingThreadReady
08-03 11:07:22.593 28339 28377 I WebRtcAudioTrack: [000:165] [28377] WebRtcAudioTrack: Set extended error callback
08-03 11:07:22.593 28339 28377 I WebRtcAudioRecord: [000:165] [28377] WebRtcAudioRecord: Set error callback
08-03 11:07:22.608 18815 27891 D ---     : send:1301	flag:0
08-03 11:07:22.614 18815 27891 D wetestService: got buffer, info: size=1311, presentationTimeUs=33520000, offset=0
08-03 11:07:22.622   764   863 I ThermalEngine: vs_get_temperature: read[0] tsens_tz_sensor13 42000 mC, weight[0] 1
08-03 11:07:22.623   764   863 I ThermalEngine: vs_get_temperature: read[1] tsens_tz_sensor0 44000 mC, weight[1] -1
08-03 11:07:22.653  2243  2243 E adbd    : failed to connect to socket 'tcp:9008': Connection refused
08-03 11:07:22.655  2243  2243 E adbd    : failed to connect to socket 'tcp:9008': Connection refused
08-03 11:07:22.661 18815 27891 D ---     : send:1311	flag:0
08-03 11:07:22.670 18815 27891 D wetestService: got buffer, info: size=1301, presentationTimeUs=33560000, offset=0
08-03 11:07:22.674 18282 18284 D network_tester: communicate thread is alive...
08-03 11:07:22.715 18815 27891 D ---     : send:1301	flag:0
08-03 11:07:22.723 18815 27891 D wetestService: got buffer, info: size=1311, presentationTimeUs=33600000, offset=0
08-03 11:07:22.768 18815 27891 D ---     : send:1311	flag:0
08-03 11:07:22.775 18815 27891 D wetestService: got buffer, info: size=51891, presentationTimeUs=33640000, offset=0
08-03 11:07:22.819 18815 27891 D ---     : send:51891	flag:1
08-03 11:07:22.825 18815 27891 D wetestService: got buffer, info: size=3580, presentationTimeUs=33680000, offset=0
08-03 11:07:22.872 18815 27891 D ---     : send:3580	flag:0
08-03 11:07:22.878 18815 27891 D wetestService: got buffer, info: size=1725, presentationTimeUs=33720000, offset=0
08-03 11:07:22.923 18815 27891 D ---     : send:1725	flag:0
08-03 11:07:22.928 18815 27891 D wetestService: got buffer, info: size=1555, presentationTimeUs=33760000, offset=0
08-03 11:07:22.974 18815 27891 D ---     : send:1555	flag:0
08-03 11:07:22.980 18815 27891 D wetestService: got buffer, info: size=1315, presentationTimeUs=33800000, offset=0
08-03 11:07:23.028 18815 27891 D ---     : send:1315	flag:0
08-03 11:07:23.039 18815 27891 D wetestService: got buffer, info: size=1323, presentationTimeUs=33840000, offset=0
08-03 11:07:23.088 18815 27891 D ---     : send:1323	flag:0
08-03 11:07:23.098 18815 27891 D wetestService: got buffer, info: size=1301, presentationTimeUs=33880000, offset=0
08-03 11:07:23.144 18815 27891 D ---     : send:1301	flag:0
08-03 11:07:23.153 18815 27891 D wetestService: got buffer, info: size=1311, presentationTimeUs=33920000, offset=0
08-03 11:07:23.201 18815 27891 D ---     : send:1311	flag:0
08-03 11:07:23.212 18815 27891 D wetestService: got buffer, info: size=1301, presentationTimeUs=33960000, offset=0
08-03 11:07:23.261 18815 27891 D ---     : send:1301	flag:0
08-03 11:07:23.271 18815 27891 D wetestService: got buffer, info: size=1311, presentationTimeUs=34000000, offset=0
08-03 11:07:23.319 18815 27891 D ---     : send:1311	flag:0
08-03 11:07:23.329 18815 27891 D wetestService: got buffer, info: size=1301, presentationTimeUs=34040000, offset=0
08-03 11:07:23.376 18815 27891 D ---     : send:1301	flag:0
08-03 11:07:23.385 18815 27891 D wetestService: got buffer, info: size=1311, presentationTimeUs=34080000, offset=0
08-03 11:07:23.432 18815 27891 D ---     : send:1311	flag:0
08-03 11:07:23.441 18815 27891 D wetestService: got buffer, info: size=1301, presentationTimeUs=34120000, offset=0
08-03 11:07:23.488 18815 27891 D ---     : send:1301	flag:0
08-03 11:07:23.496 18815 27891 D wetestService: got buffer, info: size=1311, presentationTimeUs=34160000, offset=0
08-03 11:07:23.542 18815 27891 D ---     : send:1311	flag:0
08-03 11:07:23.549 18815 27891 D wetestService: got buffer, info: size=1301, presentationTimeUs=34200000, offset=0
08-03 11:07:23.595 18815 27891 D ---     : send:1301	flag:0
08-03 11:07:23.603 18815 27891 D wetestService: got buffer, info: size=1311, presentationTimeUs=34240000, offset=0
08-03 11:07:23.624   764   863 I ThermalEngine: vs_get_temperature: read[0] tsens_tz_sensor13 42000 mC, weight[0] 1
08-03 11:07:23.624   764   863 I ThermalEngine: vs_get_temperature: read[1] tsens_tz_sensor0 44000 mC, weight[1] -1
08-03 11:07:23.644  4605  4605 E QtiImsExtUtils: getConfigForPhoneId phoneId is invalid
08-03 11:07:23.644  4605  4605 E QtiImsExtUtils: isCarrierConfigEnabled bundle is null
08-03 11:07:23.649 28267 28267 I dex2oat : dex2oat took 7.698s (9.818s cpu) (threads: 8) arena alloc=139KB (142640B) java alloc=5MB (5568608B) native alloc=5MB (5568520B) free=4MB (4917240B)
08-03 11:07:23.651 18815 27891 D ---     : send:1311	flag:0
08-03 11:07:23.657 18815 27891 D wetestService: got buffer, info: size=1301, presentationTimeUs=34280000, offset=0
08-03 11:07:23.668   617   617 E HWComposer: getLayerReleaseFence failed for display -1: Invalid display
08-03 11:07:23.669   617   617 I chatty  : uid=1000(system) /system/bin/surfaceflinger identical 2 lines
08-03 11:07:23.669   617   617 E HWComposer: getLayerReleaseFence failed for display -1: Invalid display
08-03 11:07:23.678 28066 28117 I t.mobileqq:too: The ClassLoaderContext is a special shared library.
08-03 11:07:23.685   617   617 E HWComposer: getLayerReleaseFence failed for display -1: Invalid display
08-03 11:07:23.685   617   617 I chatty  : uid=1000(system) /system/bin/surfaceflinger identical 2 lines
08-03 11:07:23.685   617   617 E HWComposer: getLayerReleaseFence failed for display -1: Invalid display
08-03 11:07:23.700 28066 28117 I PackageBackwardCompatibility: Loaded android.content.pm.OrgApacheHttpLegacyUpdater
08-03 11:07:23.700 28066 28117 I PackageBackwardCompatibility: Could not find android.content.pm.AndroidTestBaseUpdater, ignoring
08-03 11:07:23.702 18815 27891 D ---     : send:1301	flag:0
08-03 11:07:23.705  2243  2243 E adbd    : failed to connect to socket 'tcp:9008': Connection refused
08-03 11:07:23.706  2243  2243 E adbd    : failed to connect to socket 'tcp:9008': Connection refused
08-03 11:07:23.706 18815 27891 D wetestService: got buffer, info: size=1311, presentationTimeUs=34320000, offset=0
08-03 11:07:23.743 28066 28117 D qz_patch: classloader is dalvik.system.DexClassLoader[DexPathList[[zip file "/data/data/com.tencent.mobileqq/app_installed_plugin/qzone_plugin.apk"],nativeLibraryDirectories=[/data/data/com.tencent.mobileqq/app_lib/qzone_plugin, /system/lib]]]
08-03 11:07:23.751 18815 27891 D ---     : send:1311	flag:0
08-03 11:07:23.756 18815 27891 D wetestService: got buffer, info: size=1301, presentationTimeUs=34360000, offset=0
08-03 11:07:23.803 18815 27891 D ---     : send:1301	flag:0
08-03 11:07:23.810 18815 27891 D wetestService: got buffer, info: size=1311, presentationTimeUs=34400000, offset=0
08-03 11:07:23.856 28397 28397 I dex2oat : The ClassLoaderContext is a special shared library.
08-03 11:07:23.856 18815 27891 D ---     : send:1311	flag:0
08-03 11:07:23.862 18815 27891 D wetestService: got buffer, info: size=51891, presentationTimeUs=34440000, offset=0
08-03 11:07:23.865 28397 28397 I dex2oat : /system/bin/dex2oat --dex-file=/data/data/com.tencent.mobileqq/app_installed_plugin/qwallet_plugin.apk --output-vdex-fd=74 --oat-fd=75 --oat-location=/data/data/com.tencent.mobileqq/app_installed_plugin/oat/arm/qwallet_plugin.odex --compiler-filter=quicken --class-loader-context=&
08-03 11:07:23.910 18815 27891 D ---     : send:51891	flag:1
08-03 11:07:23.917 18815 27891 D wetestService: got buffer, info: size=3580, presentationTimeUs=34480000, offset=0
08-03 11:07:23.962 18815 27891 D ---     : send:3580	flag:0
08-03 11:07:23.965 18815 27891 D wetestService: got buffer, info: size=1725, presentationTimeUs=34520000, offset=0
08-03 11:07:24.008 18815 27891 D ---     : send:1725	flag:0
08-03 11:07:24.013 18815 27891 D wetestService: got buffer, info: size=1555, presentationTimeUs=34560000, offset=0
08-03 11:07:24.057 18815 27891 D ---     : send:1555	flag:0
08-03 11:07:24.064 18815 27891 D wetestService: got buffer, info: size=1315, presentationTimeUs=34600000, offset=0
08-03 11:07:24.109 18815 27891 D ---     : send:1315	flag:0
08-03 11:07:24.117 18815 27891 D wetestService: got buffer, info: size=1323, presentationTimeUs=34640000, offset=0
08-03 11:07:24.161 18815 27891 D ---     : send:1323	flag:0
08-03 11:07:24.165 18815 27891 D wetestService: got buffer, info: size=1301, presentationTimeUs=34680000, offset=0
08-03 11:07:24.169  4605  4605 E QtiImsExtUtils: getConfigForPhoneId phoneId is invalid
08-03 11:07:24.169  4605  4605 E QtiImsExtUtils: isCarrierConfigEnabled bundle is null
08-03 11:07:24.197   617   617 E HWComposer: getLayerReleaseFence failed for display -1: Invalid display
08-03 11:07:24.198   617   617 I chatty  : uid=1000(system) /system/bin/surfaceflinger identical 2 lines
08-03 11:07:24.198   617   617 E HWComposer: getLayerReleaseFence failed for display -1: Invalid display
08-03 11:07:24.208 18815 27891 D ---     : send:1301	flag:0
08-03 11:07:24.211 18815 27891 D wetestService: got buffer, info: size=1311, presentationTimeUs=34720000, offset=0
08-03 11:07:24.214   617   617 E HWComposer: getLayerReleaseFence failed for display -1: Invalid display
08-03 11:07:24.214   617   617 I chatty  : uid=1000(system) /system/bin/surfaceflinger identical 2 lines
08-03 11:07:24.214   617   617 E HWComposer: getLayerReleaseFence failed for display -1: Invalid display
08-03 11:07:24.254 18815 27891 D ---     : send:1311	flag:0
08-03 11:07:24.257 18815 27891 D wetestService: got buffer, info: size=1301, presentationTimeUs=34760000, offset=0
08-03 11:07:24.300 18815 27891 D ---     : send:1301	flag:0
08-03 11:07:24.304 18815 27891 D wetestService: got buffer, info: size=1311, presentationTimeUs=34800000, offset=0
08-03 11:07:24.349 18815 27891 D ---     : send:1311	flag:0
08-03 11:07:24.355 18815 27891 D wetestService: got buffer, info: size=1301, presentationTimeUs=34840000, offset=0
08-03 11:07:24.361  1191  4405 I ActivityManager: START u0 {act=android.intent.action.MAIN cat=[android.intent.category.LAUNCHER] flg=0x10000000 cmp=hide.package.name/hide.package.name.SplashDelegateActivity} from uid 2000
08-03 11:07:24.367  1191  4405 I wm_stack_created: 4152
08-03 11:07:24.368   617   617 E SurfaceFlinger: Suspected IGBP leak: 17049 IGBPs (16384 max), 73 Layers
08-03 11:07:24.369   617   617 E SurfaceFlinger: Suspected IGBP leak: 17050 IGBPs (16384 max), 74 Layers
08-03 11:07:24.371  1191  4405 I wm_task_created: [4153,4152]
08-03 11:07:24.371   617   617 E SurfaceFlinger: Suspected IGBP leak: 17051 IGBPs (16384 max), 75 Layers
08-03 11:07:24.372  1191  4405 I wm_task_moved: [4153,0,2147483647]
08-03 11:07:24.373  1191  4405 I am_focused_stack: [0,4152,0,reuseOrNewTask]
08-03 11:07:24.373  1191  4405 I am_create_task: [0,4153]
08-03 11:07:24.373  1191  4405 I am_create_activity: [0,36566639,4153,hide.package.name/hide.package.name.SplashDelegateActivity,android.intent.action.MAIN,NULL,NULL,268435456]
08-03 11:07:24.373  1191  4405 I wm_task_moved: [4153,0,2147483647]
08-03 11:07:24.373   826   826 D android.hardware.power@1.2-service.wahoo-libperfmgr: LAUNCH ON
08-03 11:07:24.374   617   617 E SurfaceFlinger: Suspected IGBP leak: 17052 IGBPs (16384 max), 76 Layers
08-03 11:07:24.375  1191  4405 I am_pause_activity: [0,117554590,com.google.android.apps.nexuslauncher/.NexusLauncherActivity,userLeaving=true]
08-03 11:07:24.378 28221 28221 I am_on_paused_called: [0,com.google.android.apps.nexuslauncher.NexusLauncherActivity,performPause]
08-03 11:07:24.380   617   617 E HWComposer: getLayerReleaseFence failed for display -1: Invalid display
08-03 11:07:24.380  1191  5451 I am_uid_running: 12270
08-03 11:07:24.380   617   617 I chatty  : uid=1000(system) /system/bin/surfaceflinger identical 2 lines
08-03 11:07:24.380   617   617 E HWComposer: getLayerReleaseFence failed for display -1: Invalid display
08-03 11:07:24.400 18815 27891 D ---     : send:1301	flag:0
08-03 11:07:24.401   617   617 E HWComposer: getLayerReleaseFence failed for display -1: Invalid display
08-03 11:07:24.401   617   617 I chatty  : uid=1000(system) /system/bin/surfaceflinger identical 2 lines
08-03 11:07:24.401   617   617 E HWComposer: getLayerReleaseFence failed for display -1: Invalid display
08-03 11:07:24.404 18815 27891 D wetestService: got buffer, info: size=1311, presentationTimeUs=34880000, offset=0
08-03 11:07:24.405  1191  1207 I am_proc_start: [0,28419,12270,hide.package.name,activity,hide.package.name/hide.package.name.SplashDelegateActivity]
08-03 11:07:24.405  1191  1207 I ActivityManager: Start proc 28419:hide.package.name/u0a2270 for activity hide.package.name/hide.package.name.SplashDelegateActivity
08-03 11:07:24.413 28419 28419 E m.yelong.jibuq: Not starting debugger since process cannot load the jdwp agent.
08-03 11:07:24.416   617   617 E SurfaceFlinger: Suspected IGBP leak: 17053 IGBPs (16384 max), 77 Layers
08-03 11:07:24.422  1191  5451 I am_proc_bound: [0,28419,hide.package.name]
08-03 11:07:24.426  1191  5451 I am_uid_active: 12270
08-03 11:07:24.426  1191  5451 I am_restart_activity: [0,36566639,4153,hide.package.name/hide.package.name.SplashDelegateActivity]
08-03 11:07:24.427  1191  5451 I am_set_resumed_activity: [0,hide.package.name/hide.package.name.SplashDelegateActivity,minimalResumeActivityLocked]
08-03 11:07:24.431   617   617 E HWComposer: getLayerReleaseFence failed for display -1: Invalid display
08-03 11:07:24.431   617   617 I chatty  : uid=1000(system) /system/bin/surfaceflinger identical 2 lines
08-03 11:07:24.431   617   617 E HWComposer: getLayerReleaseFence failed for display -1: Invalid display
08-03 11:07:24.432   617   617 E SurfaceFlinger: Suspected IGBP leak: 17054 IGBPs (16384 max), 78 Layers
08-03 11:07:24.443 28419 28419 I m.yelong.jibuq: The ClassLoaderContext is a special shared library.
08-03 11:07:24.444 28419 28419 I chatty  : uid=12270(hide.package.name) identical 1 line
08-03 11:07:24.444 28419 28419 I m.yelong.jibuq: The ClassLoaderContext is a special shared library.
08-03 11:07:24.447 18815 27891 D ---     : send:1311	flag:0
08-03 11:07:24.448   617   617 E HWComposer: getLayerReleaseFence failed for display -1: Invalid display
08-03 11:07:24.448   617   617 I chatty  : uid=1000(system) /system/bin/surfaceflinger identical 2 lines
08-03 11:07:24.448   617   617 E HWComposer: getLayerReleaseFence failed for display -1: Invalid display
08-03 11:07:24.452 18815 27891 D wetestService: got buffer, info: size=1301, presentationTimeUs=34920000, offset=0
08-03 11:07:24.458 28419 28419 I MultiDex: VM with version 2.1.0 has multidex support
08-03 11:07:24.458 28419 28419 I MultiDex: Installing application
08-03 11:07:24.458 28419 28419 I MultiDex: VM has multidex support, MultiDex support library is disabled.
08-03 11:07:24.464   617   617 E HWComposer: getLayerReleaseFence failed for display -1: Invalid display
08-03 11:07:24.465   617   617 I chatty  : uid=1000(system) /system/bin/surfaceflinger identical 2 lines
08-03 11:07:24.465   617   617 E HWComposer: getLayerReleaseFence failed for display -1: Invalid display
08-03 11:07:24.496 18815 27891 D ---     : send:1301	flag:0
08-03 11:07:24.496   617   617 E SurfaceFlinger: Suspected IGBP leak: 17055 IGBPs (16384 max), 79 Layers
08-03 11:07:24.499   617   617 E SurfaceFlinger: Suspected IGBP leak: 17056 IGBPs (16384 max), 80 Layers
08-03 11:07:24.502 28419 28419 I auditd  : type=1400 audit(0.0:2543790): avc: denied { read } for comm="Thread-5" name="diskstats" dev="proc" ino=4026532184 scontext=u:r:untrusted_app_25:s0:c512,c768 tcontext=u:object_r:proc_diskstats:s0 tclass=file permissive=0
08-03 11:07:24.502 28419 28419 W Thread-5: type=1400 audit(0.0:2543790): avc: denied { read } for name="diskstats" dev="proc" ino=4026532184 scontext=u:r:untrusted_app_25:s0:c512,c768 tcontext=u:object_r:proc_diskstats:s0 tclass=file permissive=0
08-03 11:07:24.508 28419 28419 I m.yelong.jibuq: Rejecting re-init on previously-failed class java.lang.Class<com.tencent.bugly.beta.tinker.TinkerApplicationLike>: java.lang.NoClassDefFoundError: Failed resolution of: Lcom/tencent/tinker/loader/app/DefaultApplicationLike;
08-03 11:07:24.508 28419 28419 I m.yelong.jibuq:   at boolean hide.package.name.provider.ContextProvider.onCreate() (ContextProvider.java:73)
08-03 11:07:24.508 28419 28419 I m.yelong.jibuq:   at void android.content.ContentProvider.attachInfo(android.content.Context, android.content.pm.ProviderInfo, boolean) (ContentProvider.java:1917)
08-03 11:07:24.508 28419 28419 I m.yelong.jibuq:   at void android.content.ContentProvider.attachInfo(android.content.Context, android.content.pm.ProviderInfo) (ContentProvider.java:1892)
08-03 11:07:24.508 28419 28419 I m.yelong.jibuq:   at android.app.ContentProviderHolder android.app.ActivityThread.installProvider(android.content.Context, android.app.ContentProviderHolder, android.content.pm.ProviderInfo, boolean, boolean, boolean) (ActivityThread.java:6364)
08-03 11:07:24.508 28419 28419 I m.yelong.jibuq:   at void android.app.ActivityThread.installContentProviders(android.content.Context, java.util.List) (ActivityThread.java:5925)
08-03 11:07:24.508 28419 28419 I m.yelong.jibuq:   at void android.app.ActivityThread.handleBindApplication(android.app.ActivityThread$AppBindData) (ActivityThread.java:5840)
08-03 11:07:24.508 28419 28419 I m.yelong.jibuq:   at void android.app.ActivityThread.access$1000(android.app.ActivityThread, android.app.ActivityThread$AppBindData) (ActivityThread.java:197)
08-03 11:07:24.508 28419 28419 I m.yelong.jibuq:   at void android.app.ActivityThread$H.handleMessage(android.os.Message) (ActivityThread.java:1634)
08-03 11:07:24.508 28419 28419 I m.yelong.jibuq:   at void android.os.Handler.dispatchMessage(android.os.Message) (Handler.java:106)
08-03 11:07:24.508 28419 28419 I m.yelong.jibuq:   at void android.os.Looper.loop() (Looper.java:193)
08-03 11:07:24.508 28419 28419 I m.yelong.jibuq:   at void android.app.ActivityThread.main(java.lang.String[]) (ActivityThread.java:6642)
08-03 11:07:24.508 28419 28419 I m.yelong.jibuq:   at java.lang.Object java.lang.reflect.Method.invoke(java.lang.Object, java.lang.Object[]) (Method.java:-2)
08-03 11:07:24.508 28419 28419 I m.yelong.jibuq:   at void com.android.internal.os.RuntimeInit$MethodAndArgsCaller.run() (RuntimeInit.java:493)
08-03 11:07:24.508 28419 28419 I m.yelong.jibuq:   at void com.android.internal.os.ZygoteInit.main(java.lang.String[]) (ZygoteInit.java:858)
08-03 11:07:24.508 28419 28419 I m.yelong.jibuq: Caused by: java.lang.ClassNotFoundException: Didn't find class "com.tencent.tinker.loader.app.DefaultApplicationLike" on path: DexPathList[[zip file "/system/framework/android.test.mock.jar", zip file "/system/framework/org.apache.http.legacy.boot.jar", zip file "/system/framework/android.test.runner.jar", zip file "/data/app/hide.package.name-dvnDlb-7kw34QW-wO-BRtA==/base.apk"],nativeLibraryDirectories=[/data/app/hide.package.name-dvnDlb-7kw34QW-wO-BRtA==/lib/arm, /system/fake-libs, /data/app/hide.package.name-dvnDlb-7kw34QW-wO-BRtA==/base.apk!/lib/armeabi-v7a, /system/lib]]
08-03 11:07:24.508 28419 28419 I m.yelong.jibuq:   at java.lang.Class dalvik.system.BaseDexClassLoader.findClass(java.lang.String) (BaseDexClassLoader.java:126)
08-03 11:07:24.508 28419 28419 I m.yelong.jibuq:   at java.lang.Class java.lang.ClassLoader.loadClass(java.lang.String, boolean) (ClassLoader.java:379)
08-03 11:07:24.508 28419 28419 I m.yelong.jibuq:   at java.lang.Class java.lang.ClassLoader.loadClass(java.lang.String) (ClassLoader.java:312)
08-03 11:07:24.508 28419 28419 I m.yelong.jibuq:   at boolean hide.package.name.provider.ContextProvider.onCreate() (ContextProvider.java:73)
08-03 11:07:24.508 28419 28419 I m.yelong.jibuq:   at void android.content.ContentProvider.attachInfo(android.content.Context, android.content.pm.ProviderInfo, boolean) (ContentProvider.java:1917)
08-03 11:07:24.508 28419 28419 I m.yelong.jibuq:   at void android.content.ContentProvider.attachInfo(android.content.Context, android.content.pm.ProviderInfo) (ContentProvider.java:1892)
08-03 11:07:24.508 28419 28419 I m.yelong.jibuq:   at android.app.ContentProviderHolder android.app.ActivityThread.installProvider(android.content.Context, android.app.ContentProviderHolder, android.content.pm.ProviderInfo, boolean, boolean, boolean) (ActivityThread.java:6364)
08-03 11:07:24.508 28419 28419 I m.yelong.jibuq:   at void android.app.ActivityThread.installContentProviders(android.content.Context, java.util.List) (ActivityThread.java:5925)
08-03 11:07:24.508 28419 28419 I m.yelong.jibuq:   at void android.app.ActivityThread.handleBindApplication(android.app.ActivityThread$AppBindData) (ActivityThread.java:5840)
08-03 11:07:24.508 28419 28419 I m.yelong.jibuq:   at void android.app.ActivityThread.access$1000(android.app.ActivityThread, android.app.ActivityThread$AppBindData) (ActivityThread.java:197)
08-03 11:07:24.508 28419 28419 I m.yelong.jibuq:   at void android.app.ActivityThread$H.handleMessage(android.os.Message) (ActivityThread.java:1634)
08-03 11:07:24.508 28419 28419 I m.yelong.jibuq:   at void android.os.Handler.dispatchMessage(android.os.Message) (Handler.java:106)
08-03 11:07:24.508 28419 28419 I m.yelong.jibuq:   at void android.os.Looper.loop() (Looper.java:193)
08-03 11:07:24.508 28419 28419 I m.yelong.jibuq:   at void android.app.ActivityThread.main(java.lang.String[]) (ActivityThread.java:6642)
08-03 11:07:24.508 28419 28419 I m.yelong.jibuq:   at java.lang.Object java.lang.reflect.Method.invoke(java.lang.Object, java.lang.Object[]) (Method.java:-2)
08-03 11:07:24.508 28419 28419 I m.yelong.jibuq:   at void com.android.internal.os.RuntimeInit$MethodAndArgsCaller.run() (RuntimeInit.java:493)
08-03 11:07:24.508 28419 28419 I m.yelong.jibuq:   at void com.android.internal.os.ZygoteInit.main(java.lang.String[]) (ZygoteInit.java:858)
08-03 11:07:24.508 28419 28419 I m.yelong.jibuq: 
08-03 11:07:24.508 28419 28419 I m.yelong.jibuq: Rejecting re-init on previously-failed class java.lang.Class<com.tencent.bugly.beta.tinker.TinkerApplicationLike>: java.lang.NoClassDefFoundError: Failed resolution of: Lcom/tencent/tinker/loader/app/DefaultApplicationLike;
08-03 11:07:24.508 28419 28419 I m.yelong.jibuq:   at boolean hide.package.name.provider.ContextProvider.onCreate() (ContextProvider.java:73)
08-03 11:07:24.508 28419 28419 I m.yelong.jibuq:   at void android.content.ContentProvider.attachInfo(android.content.Context, android.content.pm.ProviderInfo, boolean) (ContentProvider.java:1917)
08-03 11:07:24.508 28419 28419 I m.yelong.jibuq:   at void android.content.ContentProvider.attachInfo(android.content.Context, android.content.pm.ProviderInfo) (ContentProvider.java:1892)
08-03 11:07:24.508 28419 28419 I m.yelong.jibuq:   at android.app.ContentProviderHolder android.app.ActivityThread.installProvider(android.content.Context, android.app.ContentProviderHolder, android.content.pm.ProviderInfo, boolean, boolean, boolean) (ActivityThread.java:6364)
08-03 11:07:24.508 28419 28419 I m.yelong.jibuq:   at void android.app.ActivityThread.installContentProviders(android.content.Context, java.util.List) (ActivityThread.java:5925)
08-03 11:07:24.508 28419 28419 I m.yelong.jibuq:   at void android.app.ActivityThread.handleBindApplication(android.app.ActivityThread$AppBindData) (ActivityThread.java:5840)
08-03 11:07:24.508 28419 28419 I m.yelong.jibuq:   at void android.app.ActivityThread.access$1000(android.app.ActivityThread, android.app.ActivityThread$AppBindData) (ActivityThread.java:197)
08-03 11:07:24.508 28419 28419 I m.yelong.jibuq:   at void android.app.ActivityThread$H.handleMessage(android.os.Message) (ActivityThread.java:1634)
08-03 11:07:24.508 28419 28419 I m.yelong.jibuq:   at void android.os.Handler.dispatchMessage(android.os.Message) (Handler.java:106)
08-03 11:07:24.508 28419 28419 I m.yelong.jibuq:   at void android.os.Looper.loop() (Looper.java:193)
08-03 11:07:24.508 28419 28419 I m.yelong.jibuq:   at void android.app.ActivityThread.main(java.lang.String[]) (ActivityThread.java:6642)
08-03 11:07:24.508 28419 28419 I m.yelong.jibuq:   at java.lang.Object java.lang.reflect.Method.invoke(java.lang.Object, java.lang.Object[]) (Method.java:-2)
08-03 11:07:24.508 28419 28419 I m.yelong.jibuq:   at void com.android.internal.os.RuntimeInit$MethodAndArgsCaller.run() (RuntimeInit.java:493)
08-03 11:07:24.508 28419 28419 I m.yelong.jibuq:   at void com.android.internal.os.ZygoteInit.main(java.lang.String[]) (ZygoteInit.java:858)
08-03 11:07:24.508 28419 28419 I m.yelong.jibuq: Caused by: java.lang.ClassNotFoundException: Didn't find class "com.tencent.tinker.loader.app.DefaultApplicationLike" on path: DexPathList[[zip file "/system/framework/android.test.mock.jar", zip file "/system/framework/org.apache.http.legacy.boot.jar", zip file "/system/framework/android.test.runner.jar", zip file "/data/app/hide.package.name-dvnDlb-7kw34QW-wO-BRtA==/base.apk"],nativeLibraryDirectories=[/data/app/hide.package.name-dvnDlb-7kw34QW-wO-BRtA==/lib/arm, /system/fake-libs, /data/app/hide.package.name-dvnDlb-7kw34QW-wO-BRtA==/base.apk!/lib/armeabi-v7a, /system/lib]]
